../Core/Src/main.c:111:5:main	8	static
../Core/Src/main.c:177:6:SystemClock_Config	120	static
../Core/Src/main.c:237:6:PeriphCommonClock_Config	200	static
../Core/Src/main.c:256:13:MX_ADC1_Init	48	static
../Core/Src/main.c:387:13:MX_I2C1_Init	8	static
../Core/Src/main.c:435:13:MX_LPUART1_UART_Init	8	static
../Core/Src/main.c:483:13:MX_UART4_Init	8	static
../Core/Src/main.c:531:13:MX_UART5_Init	8	static
../Core/Src/main.c:579:13:MX_UART7_Init	8	static
../Core/Src/main.c:627:13:MX_USART3_UART_Init	8	static
../Core/Src/main.c:675:13:MX_QUADSPI_Init	8	static
../Core/Src/main.c:710:13:MX_SPI1_Init	8	static
../Core/Src/main.c:758:13:MX_TIM2_Init	48	static
../Core/Src/main.c:819:13:MX_TIM3_Init	48	static
../Core/Src/main.c:872:13:MX_TIM5_Init	56	static
../Core/Src/main.c:936:13:MX_TIM7_Init	24	static
../Core/Src/main.c:974:13:MX_TIM15_Init	56	static
../Core/Src/main.c:1039:13:MX_TIM16_Init	8	static
../Core/Src/main.c:1071:13:MX_USB_OTG_FS_PCD_Init	8	static
../Core/Src/main.c:1105:13:MX_BDMA_Init	16	static
../Core/Src/main.c:1121:13:MX_DMA_Init	16	static
../Core/Src/main.c:1151:13:MX_GPIO_Init	56	static
../Core/Src/main.c:1228:6:Error_Handler	4	static,ignoring_inline_asm
