../Core/Src/stm32h7xx_hal_msp.c:66:6:HAL_MspInit	16	static
../Core/Src/stm32h7xx_hal_msp.c:87:6:HAL_ADC_MspInit	56	static
../Core/Src/stm32h7xx_hal_msp.c:139:6:HAL_ADC_MspDeInit	16	static
../Core/Src/stm32h7xx_hal_msp.c:178:6:HAL_I2C_MspInit	240	static
../Core/Src/stm32h7xx_hal_msp.c:224:6:HAL_I2C_MspDeInit	16	static
../Core/Src/stm32h7xx_hal_msp.c:255:6:HAL_UART_MspInit	280	static
../Core/Src/stm32h7xx_hal_msp.c:446:6:HAL_UART_MspDeInit	16	static
../Core/Src/stm32h7xx_hal_msp.c:549:6:HAL_QSPI_MspInit	248	static
../Core/Src/stm32h7xx_hal_msp.c:623:6:HAL_QSPI_MspDeInit	16	static
../Core/Src/stm32h7xx_hal_msp.c:660:6:HAL_SD_MspInit	48	static
../Core/Src/stm32h7xx_hal_msp.c:709:6:HAL_SD_MspDeInit	16	static
../Core/Src/stm32h7xx_hal_msp.c:745:6:HAL_SPI_MspInit	256	static
../Core/Src/stm32h7xx_hal_msp.c:836:6:HAL_SPI_MspDeInit	16	static
../Core/Src/stm32h7xx_hal_msp.c:887:6:HAL_TIM_PWM_MspInit	24	static
../Core/Src/stm32h7xx_hal_msp.c:920:6:HAL_TIM_IC_MspInit	56	static
../Core/Src/stm32h7xx_hal_msp.c:972:6:HAL_TIM_MspPostInit	48	static
../Core/Src/stm32h7xx_hal_msp.c:1028:6:HAL_TIM_PWM_MspDeInit	16	static
../Core/Src/stm32h7xx_hal_msp.c:1061:6:HAL_TIM_IC_MspDeInit	16	static
../Core/Src/stm32h7xx_hal_msp.c:1106:6:HAL_PCD_MspInit	240	static
../Core/Src/stm32h7xx_hal_msp.c:1156:6:HAL_PCD_MspDeInit	16	static
