../Core/Src/main.c:72:1:__io_putchar	16	static
../Core/Src/main.c:82:19:read_ble_data	24	static
../Core/Src/main.c:110:6:HAL_UART_RxCpltCallback	16	static
../Core/Src/main.c:122:6:HAL_UART_ErrorCallback	16	static
../Core/Src/main.c:135:5:main	8	static
../Core/Src/main.c:184:6:SystemClock_Config	88	static
../Core/Src/main.c:230:13:MX_USART1_UART_Init	8	static
../Core/Src/main.c:263:13:MX_USART2_UART_Init	8	static
../Core/Src/main.c:294:13:MX_DMA_Init	16	static
../Core/Src/main.c:312:13:MX_GPIO_Init	40	static
../Core/Src/main.c:345:6:Error_Handler	4	static,ignoring_inline_asm
