../Core/Src/main.c:66:6:BNO085_setup	8	static
../Core/Src/main.c:79:6:test_i2c	80	static
../Core/Src/main.c:136:5:main	8	static
../Core/Src/main.c:188:6:SystemClock_Config	120	static
../Core/Src/main.c:246:6:PeriphCommonClock_Config	200	static
../Core/Src/main.c:273:13:MX_I2C1_Init	8	static
../Core/Src/main.c:321:13:MX_I2C2_Init	8	static
../Core/Src/main.c:369:13:MX_LPUART1_UART_Init	8	static
../Core/Src/main.c:417:13:MX_GPIO_Init	48	static
../Core/Src/main.c:468:6:Error_Handler	4	static,ignoring_inline_asm
