../Core/Src/main.c:66:6:BNO085_setup	8	static
../Core/Src/main.c:91:6:test_i2c	80	static
../Core/Src/main.c:141:6:HAL_GPIO_EXTI_Callback	16	static
../Core/Src/main.c:157:5:main	8	static
../Core/Src/main.c:210:6:SystemClock_Config	120	static
../Core/Src/main.c:268:6:PeriphCommonClock_Config	200	static
../Core/Src/main.c:295:13:MX_I2C1_Init	8	static
../Core/Src/main.c:343:13:MX_I2C2_Init	8	static
../Core/Src/main.c:391:13:MX_UART7_Init	8	static
../Core/Src/main.c:439:13:MX_GPIO_Init	56	static
../Core/Src/main.c:503:6:Error_Handler	4	static,ignoring_inline_asm
