../Core/Inc/utility.h:16:20:DWT_Init	1
../Core/Src/main.c:82:1:__io_putchar	1
../Core/Src/main.c:90:9:BNO085_setup	3
../Core/Src/main.c:126:6:test_i2c	11
../Core/Src/main.c:178:6:HAL_GPIO_EXTI_Callback	2
../Core/Src/main.c:194:5:main	1
../Core/Src/main.c:277:6:SystemClock_Config	4
../Core/Src/main.c:335:6:PeriphCommonClock_Config	2
../Core/Src/main.c:362:13:MX_I2C1_Init	4
../Core/Src/main.c:410:13:MX_I2C2_Init	4
../Core/Src/main.c:458:13:MX_UART7_Init	5
../Core/Src/main.c:506:13:MX_GPIO_Init	1
../Core/Src/main.c:566:6:Error_Handler	1
