../Core/Inc/utility.h:16:20:DWT_Init	4	static
../Core/Inc/utility.h:29:24:micros	4	static
../Core/Inc/utility.h:33:24:millis	4	static
../Core/Src/main.c:97:6:HAL_GPIO_EXTI_Callback	32	static
../Core/Src/main.c:156:6:calcVelocity	16	static
../Core/Src/main.c:174:6:HAL_TIM_PeriodElapsedCallback	16	static
../Core/Src/main.c:188:5:main	32	static
../Core/Src/main.c:270:6:SystemClock_Config	72	static
../Core/Src/main.c:310:13:MX_SPI1_Init	8	static
../Core/Src/main.c:348:13:MX_TIM1_Init	32	static
../Core/Src/main.c:394:13:MX_USART1_UART_Init	8	static
../Core/Src/main.c:427:13:MX_USART2_UART_Init	8	static
../Core/Src/main.c:460:13:MX_GPIO_Init	40	static
../Core/Src/main.c:554:6:Error_Handler	4	static,ignoring_inline_asm
