../Core/Inc/utility.h:13:20:DWT_Init	4	static
../Core/Inc/utility.h:26:24:micros	4	static
../Core/Inc/utility.h:30:24:millis	4	static
../Core/Src/main.c:91:6:HAL_GPIO_EXTI_Callback	32	static
../Core/Src/main.c:150:6:calcVelocity	16	static
../Core/Src/main.c:168:6:HAL_TIM_PeriodElapsedCallback	16	static
../Core/Src/main.c:182:5:main	56	static
../Core/Src/main.c:258:6:SystemClock_Config	72	static
../Core/Src/main.c:298:13:MX_SPI1_Init	8	static
../Core/Src/main.c:336:13:MX_TIM1_Init	32	static
../Core/Src/main.c:382:13:MX_USART1_UART_Init	8	static
../Core/Src/main.c:415:13:MX_USART2_UART_Init	8	static
../Core/Src/main.c:448:13:MX_GPIO_Init	40	static
../Core/Src/main.c:532:6:Error_Handler	4	static,ignoring_inline_asm
