15:15:07 **** Incremental Build of configuration Debug for project bno085 ****
make -j8 all 
arm-none-eabi-gcc "../Core/Src/main.c" -mcpu=cortex-m4 -std=gnu11 -g3 -DDEBUG -DUSE_HAL_DRIVER -DSTM32F401xC -c -I../Core/Inc -I../Drivers/STM32F4xx_HAL_Driver/Inc -I../Drivers/STM32F4xx_HAL_Driver/Inc/Legacy -I../Drivers/CMSIS/Device/ST/STM32F4xx/Include -I../Drivers/CMSIS/Include -O0 -ffunction-sections -fdata-sections -Wall -fstack-usage -fcyclomatic-complexity -MMD -MP -MF"Core/Src/main.d" -MT"Core/Src/main.o" --specs=nano.specs -mfpu=fpv4-sp-d16 -mfloat-abi=hard -mthumb -o "Core/Src/main.o"
../Core/Src/main.c: In function 'test_i2c':
../Core/Src/main.c:93:17: warning: implicit declaration of function 'sprintf' [-Wimplicit-function-declaration]
   93 |                 sprintf(buffer, "\tI2C1 Address:0x%02X,0x%02X\n", address[0],address[1]);
      |                 ^~~~~~~
../Core/Src/main.c:21:1: note: include '<stdio.h>' or provide a declaration of 'sprintf'
   20 | #include "main.h"
  +++ |+#include <stdio.h>
   21 | 
../Core/Src/main.c:93:17: warning: incompatible implicit declaration of built-in function 'sprintf' [-Wbuiltin-declaration-mismatch]
   93 |                 sprintf(buffer, "\tI2C1 Address:0x%02X,0x%02X\n", address[0],address[1]);
      |                 ^~~~~~~
../Core/Src/main.c:93:17: note: include '<stdio.h>' or provide a declaration of 'sprintf'
../Core/Src/main.c:96:17: warning: incompatible implicit declaration of built-in function 'sprintf' [-Wbuiltin-declaration-mismatch]
   96 |                 sprintf(buffer, "\tI2C1 Address:0x%02X\n", address[0]);
      |                 ^~~~~~~
../Core/Src/main.c:96:17: note: include '<stdio.h>' or provide a declaration of 'sprintf'
arm-none-eabi-g++ -o "bno085.elf" @"objects.list"   -mcpu=cortex-m4 -T"/home/acsr2004/Documents/racecar_1_5/mpu/bno/STM32F401CCUX_FLASH.ld" --specs=nosys.specs -Wl,-Map="bno085.map" -Wl,--gc-sections -static --specs=nano.specs -mfpu=fpv4-sp-d16 -mfloat-abi=hard -mthumb -Wl,--start-group -lc -lm -lstdc++ -lsupc++ -Wl,--end-group
Finished building target: bno085.elf
 
arm-none-eabi-size   bno085.elf 
arm-none-eabi-objdump -h -S  bno085.elf  > "bno085.list"
   text	   data	    bss	    dec	    hex	filename
  12956	    100	   2052	  15108	   3b04	bno085.elf
Finished building: default.size.stdout
 
Finished building: bno085.list
 

15:15:07 Build Finished. 0 errors, 3 warnings. (took 647ms)

