18:32:01 **** Incremental Build of configuration Debug for project f103_slave ****
make -j8 all 
arm-none-eabi-gcc "../Core/Src/ILI9341_GFX.c" -mcpu=cortex-m3 -std=gnu11 -g3 -DDEBUG -DUSE_HAL_DRIVER -DSTM32F103xB -c -I../Core/Inc -I../Drivers/STM32F1xx_HAL_Driver/Inc/Legacy -I../Drivers/STM32F1xx_HAL_Driver/Inc -I../Drivers/CMSIS/Device/ST/STM32F1xx/Include -I../Drivers/CMSIS/Include -O0 -ffunction-sections -fdata-sections -Wall -fstack-usage -fcyclomatic-complexity -MMD -MP -MF"Core/Src/ILI9341_GFX.d" -MT"Core/Src/ILI9341_GFX.o" --specs=nano.specs -mfloat-abi=soft -mthumb -o "Core/Src/ILI9341_GFX.o"
arm-none-eabi-gcc "../Core/Src/main.c" -mcpu=cortex-m3 -std=gnu11 -g3 -DDEBUG -DUSE_HAL_DRIVER -DSTM32F103xB -c -I../Core/Inc -I../Drivers/STM32F1xx_HAL_Driver/Inc/Legacy -I../Drivers/STM32F1xx_HAL_Driver/Inc -I../Drivers/CMSIS/Device/ST/STM32F1xx/Include -I../Drivers/CMSIS/Include -O0 -ffunction-sections -fdata-sections -Wall -fstack-usage -fcyclomatic-complexity -MMD -MP -MF"Core/Src/main.d" -MT"Core/Src/main.o" --specs=nano.specs -mfloat-abi=soft -mthumb -o "Core/Src/main.o"
arm-none-eabi-g++ -o "f103_slave.elf" @"objects.list"   -mcpu=cortex-m3 -T"/home/acsr2004/racecar_1_5/mpu/f103_slave/STM32F103C8TX_FLASH.ld" --specs=nosys.specs -Wl,-Map="f103_slave.map" -Wl,--gc-sections -static --specs=nano.specs -mfloat-abi=soft -mthumb -Wl,--start-group -lc -lm -lstdc++ -lsupc++ -Wl,--end-group
Finished building target: f103_slave.elf
 
arm-none-eabi-size   f103_slave.elf 
arm-none-eabi-objdump -h -S  f103_slave.elf  > "f103_slave.list"
   text	   data	    bss	    dec	    hex	filename
  19828	     36	   2996	  22860	   594c	f103_slave.elf
Finished building: default.size.stdout
 
Finished building: f103_slave.list
 

18:32:02 Build Finished. 0 errors, 0 warnings. (took 629ms)

