19:24:19 **** Incremental Build of configuration Debug for project racecar ****
make -j8 all 
arm-none-eabi-g++ "../Core/Src/mainpp.cpp" -mcpu=cortex-m7 -std=gnu++14 -g3 -DDEBUG -DUSE_HAL_DRIVER -DSTM32H750xx -c -I../Core/Inc -I../Drivers/STM32H7xx_HAL_Driver/Inc -I../Drivers/STM32H7xx_HAL_Driver/Inc/Legacy -I../Drivers/CMSIS/Device/ST/STM32H7xx/Include -I../Drivers/CMSIS/Include -O0 -ffunction-sections -fdata-sections -fno-exceptions -fno-rtti -fno-use-cxa-atexit -Wall -fstack-usage -fcyclomatic-complexity -MMD -MP -MF"Core/Src/mainpp.d" -MT"Core/Src/mainpp.o" --specs=nano.specs -mfpu=fpv5-d16 -mfloat-abi=hard -mthumb -o "Core/Src/mainpp.o"
In file included from ../Core/Inc/ros.h:39,
                 from ../Core/Src/mainpp.cpp:9:
../Core/Inc/STM32Hardware.h: In member function 'void STM32Hardware::write(uint8_t*, int)':
../Core/Inc/STM32Hardware.h:117:22: warning: comparison of integer expressions of different signedness: 'int' and 'long unsigned int' [-Wsign-compare]
  117 |       int n_tail = n <= tbuflen - twind ? n : tbuflen - twind;
      |                    ~~^~~~~~~~~~~~~~~~~~
In file included from ../Core/Inc/std_msgs/Float32MultiArray.h:8,
                 from ../Core/Src/mainpp.cpp:10:
../Core/Inc/std_msgs/MultiArrayLayout.h: In member function 'virtual int std_msgs::MultiArrayLayout::deserialize(unsigned char*)':
../Core/Inc/std_msgs/MultiArrayLayout.h:57:60: warning: 'void* realloc(void*, size_t)' moving an object of non-trivially copyable type 'std_msgs::MultiArrayLayout::_dim_type' {aka 'class std_msgs::MultiArrayDimension'}; use 'new' and 'delete' instead [-Wclass-memaccess]
   57 |         this->dim = (std_msgs::MultiArrayDimension*)realloc(this->dim, dim_lengthT * sizeof(std_msgs::MultiArrayDimension));
      |                                                     ~~~~~~~^~~~~~~~~~~~~~~~~~~~~~~~~~~~~~~~~~~~~~~~~~~~~~~~~~~~~~~~~~~~~~~~
In file included from ../Core/Inc/std_msgs/MultiArrayLayout.h:8,
                 from ../Core/Inc/std_msgs/Float32MultiArray.h:8,
                 from ../Core/Src/mainpp.cpp:10:
../Core/Inc/std_msgs/MultiArrayDimension.h:12:9: note: 'std_msgs::MultiArrayLayout::_dim_type' {aka 'class std_msgs::MultiArrayDimension'} declared here
   12 |   class MultiArrayDimension : public ros::Msg
      |         ^~~~~~~~~~~~~~~~~~~
In file included from ../Core/Inc/std_msgs/Float32MultiArray.h:8,
                 from ../Core/Src/mainpp.cpp:10:
../Core/Inc/std_msgs/MultiArrayLayout.h:61:15: warning: 'void* memcpy(void*, const void*, size_t)' writing to an object of type 'std_msgs::MultiArrayLayout::_dim_type' {aka 'class std_msgs::MultiArrayDimension'} with no trivial copy-assignment; use copy-assignment or copy-initialization instead [-Wclass-memaccess]
   61 |         memcpy( &(this->dim[i]), &(this->st_dim), sizeof(std_msgs::MultiArrayDimension));
      |         ~~~~~~^~~~~~~~~~~~~~~~~~~~~~~~~~~~~~~~~~~~~~~~~~~~~~~~~~~~~~~~~~~~~~~~~~~~~~~~~~
In file included from ../Core/Inc/std_msgs/MultiArrayLayout.h:8,
                 from ../Core/Inc/std_msgs/Float32MultiArray.h:8,
                 from ../Core/Src/mainpp.cpp:10:
../Core/Inc/std_msgs/MultiArrayDimension.h:12:9: note: 'std_msgs::MultiArrayLayout::_dim_type' {aka 'class std_msgs::MultiArrayDimension'} declared here
   12 |   class MultiArrayDimension : public ros::Msg
      |         ^~~~~~~~~~~~~~~~~~~
arm-none-eabi-g++ -o "racecar.elf" @"objects.list"   -mcpu=cortex-m7 -T"/home/acsr2004/racecar_1_5/mpu/racecar/STM32H750VBTX_FLASH.ld" --specs=nosys.specs -Wl,-Map="racecar.map" -Wl,--gc-sections -static --specs=nano.specs -mfpu=fpv5-d16 -mfloat-abi=hard -mthumb -u _printf_float -Wl,--start-group -lc -lm -lstdc++ -lsupc++ -Wl,--end-group
Finished building target: racecar.elf
 
arm-none-eabi-size   racecar.elf 
arm-none-eabi-objdump -h -S  racecar.elf  > "racecar.list"
   text	   data	    bss	    dec	    hex	filename
  96812	    556	  19332	 116700	  1c7dc	racecar.elf
Finished building: default.size.stdout
 
Finished building: racecar.list
 
