Archive member included to satisfy reference by file (symbol)

C:/ST/STM32CubeIDE_1.13.2/STM32CubeIDE/plugins/com.st.stm32cube.ide.mcu.externaltools.gnu-tools-for-stm32.11.3.rel1.win32_1.1.1.202309131626/tools/bin/../lib/gcc/arm-none-eabi/11.3.1/../../../../arm-none-eabi/lib/thumb/v7e-m+dp/hard\libc_nano.a(libc_a-exit.o)
                              C:/ST/STM32CubeIDE_1.13.2/STM32CubeIDE/plugins/com.st.stm32cube.ide.mcu.externaltools.gnu-tools-for-stm32.11.3.rel1.win32_1.1.1.202309131626/tools/bin/../lib/gcc/arm-none-eabi/11.3.1/../../../../arm-none-eabi/lib/thumb/v7e-m+dp/hard/crt0.o (exit)
C:/ST/STM32CubeIDE_1.13.2/STM32CubeIDE/plugins/com.st.stm32cube.ide.mcu.externaltools.gnu-tools-for-stm32.11.3.rel1.win32_1.1.1.202309131626/tools/bin/../lib/gcc/arm-none-eabi/11.3.1/../../../../arm-none-eabi/lib/thumb/v7e-m+dp/hard\libc_nano.a(libc_a-findfp.o)
                              C:/ST/STM32CubeIDE_1.13.2/STM32CubeIDE/plugins/com.st.stm32cube.ide.mcu.externaltools.gnu-tools-for-stm32.11.3.rel1.win32_1.1.1.202309131626/tools/bin/../lib/gcc/arm-none-eabi/11.3.1/../../../../arm-none-eabi/lib/thumb/v7e-m+dp/hard\libc_nano.a(libc_a-exit.o) (__stdio_exit_handler)
C:/ST/STM32CubeIDE_1.13.2/STM32CubeIDE/plugins/com.st.stm32cube.ide.mcu.externaltools.gnu-tools-for-stm32.11.3.rel1.win32_1.1.1.202309131626/tools/bin/../lib/gcc/arm-none-eabi/11.3.1/../../../../arm-none-eabi/lib/thumb/v7e-m+dp/hard\libc_nano.a(libc_a-fwalk.o)
                              C:/ST/STM32CubeIDE_1.13.2/STM32CubeIDE/plugins/com.st.stm32cube.ide.mcu.externaltools.gnu-tools-for-stm32.11.3.rel1.win32_1.1.1.202309131626/tools/bin/../lib/gcc/arm-none-eabi/11.3.1/../../../../arm-none-eabi/lib/thumb/v7e-m+dp/hard\libc_nano.a(libc_a-findfp.o) (_fwalk_sglue)
C:/ST/STM32CubeIDE_1.13.2/STM32CubeIDE/plugins/com.st.stm32cube.ide.mcu.externaltools.gnu-tools-for-stm32.11.3.rel1.win32_1.1.1.202309131626/tools/bin/../lib/gcc/arm-none-eabi/11.3.1/../../../../arm-none-eabi/lib/thumb/v7e-m+dp/hard\libc_nano.a(libc_a-stdio.o)
                              C:/ST/STM32CubeIDE_1.13.2/STM32CubeIDE/plugins/com.st.stm32cube.ide.mcu.externaltools.gnu-tools-for-stm32.11.3.rel1.win32_1.1.1.202309131626/tools/bin/../lib/gcc/arm-none-eabi/11.3.1/../../../../arm-none-eabi/lib/thumb/v7e-m+dp/hard\libc_nano.a(libc_a-findfp.o) (__sread)
C:/ST/STM32CubeIDE_1.13.2/STM32CubeIDE/plugins/com.st.stm32cube.ide.mcu.externaltools.gnu-tools-for-stm32.11.3.rel1.win32_1.1.1.202309131626/tools/bin/../lib/gcc/arm-none-eabi/11.3.1/../../../../arm-none-eabi/lib/thumb/v7e-m+dp/hard\libc_nano.a(libc_a-memset.o)
                              C:/ST/STM32CubeIDE_1.13.2/STM32CubeIDE/plugins/com.st.stm32cube.ide.mcu.externaltools.gnu-tools-for-stm32.11.3.rel1.win32_1.1.1.202309131626/tools/bin/../lib/gcc/arm-none-eabi/11.3.1/../../../../arm-none-eabi/lib/thumb/v7e-m+dp/hard/crt0.o (memset)
C:/ST/STM32CubeIDE_1.13.2/STM32CubeIDE/plugins/com.st.stm32cube.ide.mcu.externaltools.gnu-tools-for-stm32.11.3.rel1.win32_1.1.1.202309131626/tools/bin/../lib/gcc/arm-none-eabi/11.3.1/../../../../arm-none-eabi/lib/thumb/v7e-m+dp/hard\libc_nano.a(libc_a-closer.o)
                              C:/ST/STM32CubeIDE_1.13.2/STM32CubeIDE/plugins/com.st.stm32cube.ide.mcu.externaltools.gnu-tools-for-stm32.11.3.rel1.win32_1.1.1.202309131626/tools/bin/../lib/gcc/arm-none-eabi/11.3.1/../../../../arm-none-eabi/lib/thumb/v7e-m+dp/hard\libc_nano.a(libc_a-stdio.o) (_close_r)
C:/ST/STM32CubeIDE_1.13.2/STM32CubeIDE/plugins/com.st.stm32cube.ide.mcu.externaltools.gnu-tools-for-stm32.11.3.rel1.win32_1.1.1.202309131626/tools/bin/../lib/gcc/arm-none-eabi/11.3.1/../../../../arm-none-eabi/lib/thumb/v7e-m+dp/hard\libc_nano.a(libc_a-reent.o)
                              C:/ST/STM32CubeIDE_1.13.2/STM32CubeIDE/plugins/com.st.stm32cube.ide.mcu.externaltools.gnu-tools-for-stm32.11.3.rel1.win32_1.1.1.202309131626/tools/bin/../lib/gcc/arm-none-eabi/11.3.1/../../../../arm-none-eabi/lib/thumb/v7e-m+dp/hard\libc_nano.a(libc_a-closer.o) (errno)
C:/ST/STM32CubeIDE_1.13.2/STM32CubeIDE/plugins/com.st.stm32cube.ide.mcu.externaltools.gnu-tools-for-stm32.11.3.rel1.win32_1.1.1.202309131626/tools/bin/../lib/gcc/arm-none-eabi/11.3.1/../../../../arm-none-eabi/lib/thumb/v7e-m+dp/hard\libc_nano.a(libc_a-impure.o)
                              C:/ST/STM32CubeIDE_1.13.2/STM32CubeIDE/plugins/com.st.stm32cube.ide.mcu.externaltools.gnu-tools-for-stm32.11.3.rel1.win32_1.1.1.202309131626/tools/bin/../lib/gcc/arm-none-eabi/11.3.1/../../../../arm-none-eabi/lib/thumb/v7e-m+dp/hard\libc_nano.a(libc_a-reent.o) (_impure_ptr)
C:/ST/STM32CubeIDE_1.13.2/STM32CubeIDE/plugins/com.st.stm32cube.ide.mcu.externaltools.gnu-tools-for-stm32.11.3.rel1.win32_1.1.1.202309131626/tools/bin/../lib/gcc/arm-none-eabi/11.3.1/../../../../arm-none-eabi/lib/thumb/v7e-m+dp/hard\libc_nano.a(libc_a-lseekr.o)
[...]
Memory Configuration

Name             Origin             Length             Attributes
FLASH            0x0000000008000000 0x0000000000200000 xr
DTCMRAM          0x0000000020000000 0x0000000000020000 xrw
RAM_D1           0x0000000024000000 0x0000000000080000 xrw
RAM_D2           0x0000000030000000 0x0000000000048000 xrw
RAM_D3           0x0000000038000000 0x0000000000010000 xrw
ITCMRAM          0x0000000000000000 0x0000000000010000 xrw
*default*        0x0000000000000000 0xffffffffffffffff

Linker script and memory map

LOAD C:/ST/STM32CubeIDE_1.13.2/STM32CubeIDE/plugins/com.st.stm32cube.ide.mcu.externaltools.gnu-tools-for-stm32.11.3.rel1.win32_1.1.1.202309131626/tools/bin/../lib/gcc/arm-none-eabi/11.3.1/thumb/v7e-m+dp/hard/crti.o
LOAD C:/ST/STM32CubeIDE_1.13.2/STM32CubeIDE/plugins/com.st.stm32cube.ide.mcu.externaltools.gnu-tools-for-stm32.11.3.rel1.win32_1.1.1.202309131626/tools/bin/../lib/gcc/arm-none-eabi/11.3.1/thumb/v7e-m+dp/hard/crtbegin.o
LOAD C:/ST/STM32CubeIDE_1.13.2/STM32CubeIDE/plugins/com.st.stm32cube.ide.mcu.externaltools.gnu-tools-for-stm32.11.3.rel1.win32_1.1.1.202309131626/tools/bin/../lib/gcc/arm-none-eabi/11.3.1/../../../../arm-none-eabi/lib/thumb/v7e-m+dp/hard/crt0.o
LOAD ./Core/Src/main.o
LOAD ./Core/Src/stm32h7xx_hal_msp.o
LOAD ./Core/Src/stm32h7xx_it.o
LOAD ./Core/Src/syscalls.o
LOAD ./Core/Src/sysmem.o
LOAD ./Core/Src/system_stm32h7xx.o
LOAD ./Core/Startup/startup_stm32h743vitx.o
LOAD ./Drivers/STM32H7xx_HAL_Driver/Src/stm32h7xx_hal.o
LOAD ./Drivers/STM32H7xx_HAL_Driver/Src/stm32h7xx_hal_adc.o
LOAD ./Drivers/STM32H7xx_HAL_Driver/Src/stm32h7xx_hal_adc_ex.o
LOAD ./Drivers/STM32H7xx_HAL_Driver/Src/stm32h7xx_hal_cortex.o
LOAD ./Drivers/STM32H7xx_HAL_Driver/Src/stm32h7xx_hal_dma.o
LOAD ./Drivers/STM32H7xx_HAL_Driver/Src/stm32h7xx_hal_dma_ex.o
LOAD ./Drivers/STM32H7xx_HAL_Driver/Src/stm32h7xx_hal_exti.o
LOAD ./Drivers/STM32H7xx_HAL_Driver/Src/stm32h7xx_hal_flash.o
LOAD ./Drivers/STM32H7xx_HAL_Driver/Src/stm32h7xx_hal_flash_ex.o
LOAD ./Drivers/STM32H7xx_HAL_Driver/Src/stm32h7xx_hal_gpio.o
LOAD ./Drivers/STM32H7xx_HAL_Driver/Src/stm32h7xx_hal_hsem.o
LOAD ./Drivers/STM32H7xx_HAL_Driver/Src/stm32h7xx_hal_i2c.o
LOAD ./Drivers/STM32H7xx_HAL_Driver/Src/stm32h7xx_hal_i2c_ex.o
LOAD ./Drivers/STM32H7xx_HAL_Driver/Src/stm32h7xx_hal_mdma.o
LOAD ./Drivers/STM32H7xx_HAL_Driver/Src/stm32h7xx_hal_pcd.o
LOAD ./Drivers/STM32H7xx_HAL_Driver/Src/stm32h7xx_hal_pcd_ex.o
LOAD ./Drivers/STM32H7xx_HAL_Driver/Src/stm32h7xx_hal_pwr.o
LOAD ./Drivers/STM32H7xx_HAL_Driver/Src/stm32h7xx_hal_pwr_ex.o
LOAD ./Drivers/STM32H7xx_HAL_Driver/Src/stm32h7xx_hal_qspi.o
LOAD ./Drivers/STM32H7xx_HAL_Driver/Src/stm32h7xx_hal_rcc.o
LOAD ./Drivers/STM32H7xx_HAL_Driver/Src/stm32h7xx_hal_rcc_ex.o
LOAD ./Drivers/STM32H7xx_HAL_Driver/Src/stm32h7xx_hal_sd.o
LOAD ./Drivers/STM32H7xx_HAL_Driver/Src/stm32h7xx_hal_sd_ex.o
LOAD ./Drivers/STM32H7xx_HAL_Driver/Src/stm32h7xx_hal_spi.o
LOAD ./Drivers/STM32H7xx_HAL_Driver/Src/stm32h7xx_hal_spi_ex.o
LOAD ./Drivers/STM32H7xx_HAL_Driver/Src/stm32h7xx_hal_tim.o
LOAD ./Drivers/STM32H7xx_HAL_Driver/Src/stm32h7xx_hal_tim_ex.o
LOAD ./Drivers/STM32H7xx_HAL_Driver/Src/stm32h7xx_hal_uart.o
LOAD ./Drivers/STM32H7xx_HAL_Driver/Src/stm32h7xx_hal_uart_ex.o
LOAD ./Drivers/STM32H7xx_HAL_Driver/Src/stm32h7xx_ll_delayblock.o
LOAD ./Drivers/STM32H7xx_HAL_Driver/Src/stm32h7xx_ll_sdmmc.o
LOAD ./Drivers/STM32H7xx_HAL_Driver/Src/stm32h7xx_ll_usb.o
START GROUP
LOAD C:/ST/STM32CubeIDE_1.13.2/STM32CubeIDE/plugins/com.st.stm32cube.ide.mcu.externaltools.gnu-tools-for-stm32.11.3.rel1.win32_1.1.1.202309131626/tools/bin/../lib/gcc/arm-none-eabi/11.3.1/../../../../arm-none-eabi/lib/thumb/v7e-m+dp/hard\libstdc++_nano.a
LOAD C:/ST/STM32CubeIDE_1.13.2/STM32CubeIDE/plugins/com.st.stm32cube.ide.mcu.externaltools.gnu-tools-for-stm32.11.3.rel1.win32_1.1.1.202309131626/tools/bin/../lib/gcc/arm-none-eabi/11.3.1/../../../../arm-none-eabi/lib/thumb/v7e-m+dp/hard\libsupc++_nano.a
END GROUP
LOAD C:/ST/STM32CubeIDE_1.13.2/STM32CubeIDE/plugins/com.st.stm32cube.ide.mcu.externaltools.gnu-tools-for-stm32.11.3.rel1.win32_1.1.1.202309131626/tools/bin/../lib/gcc/arm-none-eabi/11.3.1/../../../../arm-none-eabi/lib/thumb/v7e-m+dp/hard\libstdc++_nano.a
LOAD C:/ST/STM32CubeIDE_1.13.2/STM32CubeIDE/plugins/com.st.stm32cube.ide.mcu.externaltools.gnu-tools-for-stm32.11.3.rel1.win32_1.1.1.202309131626/tools/bin/../lib/gcc/arm-none-eabi/11.3.1/../../../../arm-none-eabi/lib/thumb/v7e-m+dp/hard\libm.a
LOAD C:/ST/STM32CubeIDE_1.13.2/STM32CubeIDE/plugins/com.st.stm32cube.ide.mcu.externaltools.gnu-tools-for-stm32.11.3.rel1.win32_1.1.1.202309131626/tools/bin/../lib/gcc/arm-none-eabi/11.3.1/../../../../arm-none-eabi/lib/thumb/v7e-m+dp/hard\libc_nano.a
START GROUP
LOAD C:/ST/STM32CubeIDE_1.13.2/STM32CubeIDE/plugins/com.st.stm32cube.ide.mcu.externaltools.gnu-tools-for-stm32.11.3.rel1.win32_1.1.1.202309131626/tools/bin/../lib/gcc/arm-none-eabi/11.3.1/thumb/v7e-m+dp/hard\libgcc.a
LOAD C:/ST/STM32CubeIDE_1.13.2/STM32CubeIDE/plugins/com.st.stm32cube.ide.mcu.externaltools.gnu-tools-for-stm32.11.3.rel1.win32_1.1.1.202309131626/tools/bin/../lib/gcc/arm-none-eabi/11.3.1/../../../../arm-none-eabi/lib/thumb/v7e-m+dp/hard\libc_nano.a
END GROUP
START GROUP
LOAD C:/ST/STM32CubeIDE_1.13.2/STM32CubeIDE/plugins/com.st.stm32cube.ide.mcu.externaltools.gnu-tools-for-stm32.11.3.rel1.win32_1.1.1.202309131626/tools/bin/../lib/gcc/arm-none-eabi/11.3.1/thumb/v7e-m+dp/hard\libgcc.a
LOAD C:/ST/STM32CubeIDE_1.13.2/STM32CubeIDE/plugins/com.st.stm32cube.ide.mcu.externaltools.gnu-tools-for-stm32.11.3.rel1.win32_1.1.1.202309131626/tools/bin/../lib/gcc/arm-none-eabi/11.3.1/../../../../arm-none-eabi/lib/thumb/v7e-m+dp/hard\libc_nano.a
LOAD C:/ST/STM32CubeIDE_1.13.2/STM32CubeIDE/plugins/com.st.stm32cube.ide.mcu.externaltools.gnu-tools-for-stm32.11.3.rel1.win32_1.1.1.202309131626/tools/bin/../lib/gcc/arm-none-eabi/11.3.1/../../../../arm-none-eabi/lib/thumb/v7e-m+dp/hard\libnosys.a
END GROUP
START GROUP
LOAD C:/ST/STM32CubeIDE_1.13.2/STM32CubeIDE/plugins/com.st.stm32cube.ide.mcu.externaltools.gnu-tools-for-stm32.11.3.rel1.win32_1.1.1.202309131626/tools/bin/../lib/gcc/arm-none-eabi/11.3.1/thumb/v7e-m+dp/hard\libgcc.a
LOAD C:/ST/STM32CubeIDE_1.13.2/STM32CubeIDE/plugins/com.st.stm32cube.ide.mcu.externaltools.gnu-tools-for-stm32.11.3.rel1.win32_1.1.1.202309131626/tools/bin/../lib/gcc/arm-none-eabi/11.3.1/../../../../arm-none-eabi/lib/thumb/v7e-m+dp/hard\libc_nano.a
LOAD C:/ST/STM32CubeIDE_1.13.2/STM32CubeIDE/plugins/com.st.stm32cube.ide.mcu.externaltools.gnu-tools-for-stm32.11.3.rel1.win32_1.1.1.202309131626/tools/bin/../lib/gcc/arm-none-eabi/11.3.1/../../../../arm-none-eabi/lib/thumb/v7e-m+dp/hard\libnosys.a
END GROUP
LOAD C:/ST/STM32CubeIDE_1.13.2/STM32CubeIDE/plugins/com.st.stm32cube.ide.mcu.externaltools.gnu-tools-for-stm32.11.3.rel1.win32_1.1.1.202309131626/tools/bin/../lib/gcc/arm-none-eabi/11.3.1/thumb/v7e-m+dp/hard/crtend.o
LOAD C:/ST/STM32CubeIDE_1.13.2/STM32CubeIDE/plugins/com.st.stm32cube.ide.mcu.externaltools.gnu-tools-for-stm32.11.3.rel1.win32_1.1.1.202309131626/tools/bin/../lib/gcc/arm-none-eabi/11.3.1/thumb/v7e-m+dp/hard/crtn.o
                0x0000000024080000                _estack = (ORIGIN (RAM_D1) + LENGTH (RAM_D1))
                0x0000000000000200                _Min_Heap_Size = 0x200
                0x0000000000000400                _Min_Stack_Size = 0x400

.isr_vector     0x0000000008000000      0x298
                0x0000000008000000                . = ALIGN (0x4)
 *(.isr_vector)
 .isr_vector    0x0000000008000000      0x298 ./Core/Startup/startup_stm32h743vitx.o
                0x0000000008000000                g_pfnVectors
                0x0000000008000298                . = ALIGN (0x4)

.text           0x0000000008000298     0xc3e4
                0x0000000008000298                . = ALIGN (0x4)
 *(.text)
 .text          0x0000000008000298       0x40 C:/ST/STM32CubeIDE_1.13.2/STM32CubeIDE/plugins/com.st.stm32cube.ide.mcu.externaltools.gnu-tools-for-stm32.11.3.rel1.win32_1.1.1.202309131626/tools/bin/../lib/gcc/arm-none-eabi/11.3.1/thumb/v7e-m+dp/hard/crtbegin.o
 .text          0x00000000080002d8       0x30 C:/ST/STM32CubeIDE_1.13.2/STM32CubeIDE/plugins/com.st.stm32cube.ide.mcu.externaltools.gnu-tools-for-stm32.11.3.rel1.win32_1.1.1.202309131626/tools/bin/../lib/gcc/arm-none-eabi/11.3.1/thumb/v7e-m+dp/hard\libgcc.a(_aeabi_uldivmod.o)
                0x00000000080002d8                __aeabi_uldivmod
 .text          0x0000000008000308      0x2c8 C:/ST/STM32CubeIDE_1.13.2/STM32CubeIDE/plugins/com.st.stm32cube.ide.mcu.externaltools.gnu-tools-for-stm32.11.3.rel1.win32_1.1.1.202309131626/tools/bin/../lib/gcc/arm-none-eabi/11.3.1/thumb/v7e-m+dp/hard\libgcc.a(_udivmoddi4.o)
                0x0000000008000308                __udivmoddi4
 .text          0x00000000080005d0        0x4 C:/ST/STM32CubeIDE_1.13.2/STM32CubeIDE/plugins/com.st.stm32cube.ide.mcu.externaltools.gnu-tools-for-stm32.11.3.rel1.win32_1.1.1.202309131626/tools/bin/../lib/gcc/arm-none-eabi/11.3.1/thumb/v7e-m+dp/hard\libgcc.a(_dvmd_tls.o)
                0x00000000080005d0                __aeabi_idiv0
                0x00000000080005d0                __aeabi_ldiv0
 *(.text*)
 .text.main     0x00000000080005d4       0x5a ./Core/Src/main.o
                0x00000000080005d4                main
 *fill*         0x000000000800062e        0x2 
 .text.SystemClock_Config
                0x0000000008000630       0xf4 ./Core/Src/main.o
                0x0000000008000630                SystemClock_Config
 .text.PeriphCommonClock_Config
                0x0000000008000724       0x64 ./Core/Src/main.o
                0x0000000008000724                PeriphCommonClock_Config
 .text.MX_ADC1_Init
                0x0000000008000788       0xf0 ./Core/Src/main.o
 .text.MX_I2C1_Init
                0x0000000008000878       0x80 ./Core/Src/main.o
 .text.MX_LPUART1_UART_Init
                0x00000000080008f8       0x9c ./Core/Src/main.o
 .text.MX_UART4_Init
                0x0000000008000994       0x98 ./Core/Src/main.o
 .text.MX_UART5_Init
                0x0000000008000a2c       0x98 ./Core/Src/main.o
 .text.MX_UART7_Init
                0x0000000008000ac4       0x98 ./Core/Src/main.o
 .text.MX_USART3_UART_Init
                0x0000000008000b5c       0x98 ./Core/Src/main.o
 .text.MX_QUADSPI_Init
                0x0000000008000bf4       0x58 ./Core/Src/main.o
 .text.MX_SDMMC1_SD_Init
                0x0000000008000c4c       0x48 ./Core/Src/main.o
 .text.MX_SPI1_Init
                0x0000000008000c94       0xac ./Core/Src/main.o
 .text.MX_SPI4_Init
                0x0000000008000d40       0xac ./Core/Src/main.o
 .text.MX_TIM2_Init
                0x0000000008000dec      0x108 ./Core/Src/main.o
 .text.MX_TIM3_Init
                0x0000000008000ef4       0xcc ./Core/Src/main.o
 .text.MX_TIM5_Init
                0x0000000008000fc0      0x104 ./Core/Src/main.o
 .text.MX_TIM15_Init
                0x00000000080010c4      0x108 ./Core/Src/main.o
 .text.MX_USB_OTG_FS_PCD_Init
                0x00000000080011cc       0x64 ./Core/Src/main.o
 .text.MX_GPIO_Init
                0x0000000008001230      0x1cc ./Core/Src/main.o
 .text.MPU_Config
                0x00000000080013fc       0x58 ./Core/Src/main.o
 .text.Error_Handler
                0x0000000008001454        0xa ./Core/Src/main.o
                0x0000000008001454                Error_Handler
 *fill*         0x000000000800145e        0x2 
 .text.HAL_MspInit
                0x0000000008001460       0x34 ./Core/Src/stm32h7xx_hal_msp.o
                0x0000000008001460                HAL_MspInit
 .text.HAL_ADC_MspInit
                0x0000000008001494      0x100 ./Core/Src/stm32h7xx_hal_msp.o
                0x0000000008001494                HAL_ADC_MspInit
 .text.HAL_I2C_MspInit
                0x0000000008001594       0xd4 ./Core/Src/stm32h7xx_hal_msp.o
                0x0000000008001594                HAL_I2C_MspInit
 .text.HAL_UART_MspInit
                0x0000000008001668      0x3fc ./Core/Src/stm32h7xx_hal_msp.o
                0x0000000008001668                HAL_UART_MspInit
 .text.HAL_QSPI_MspInit
                0x0000000008001a64      0x194 ./Core/Src/stm32h7xx_hal_msp.o
                0x0000000008001a64                HAL_QSPI_MspInit
 .text.HAL_SD_MspInit
                0x0000000008001bf8       0xd8 ./Core/Src/stm32h7xx_hal_msp.o
                0x0000000008001bf8                HAL_SD_MspInit
 .text.HAL_SPI_MspInit
                0x0000000008001cd0      0x1c0 ./Core/Src/stm32h7xx_hal_msp.o
                0x0000000008001cd0                HAL_SPI_MspInit
 .text.HAL_TIM_PWM_MspInit
                0x0000000008001e90       0x70 ./Core/Src/stm32h7xx_hal_msp.o
                0x0000000008001e90                HAL_TIM_PWM_MspInit
 .text.HAL_TIM_IC_MspInit
                0x0000000008001f00      0x104 ./Core/Src/stm32h7xx_hal_msp.o
                0x0000000008001f00                HAL_TIM_IC_MspInit
 .text.HAL_TIM_MspPostInit
                0x0000000008002004       0xc4 ./Core/Src/stm32h7xx_hal_msp.o
                0x0000000008002004                HAL_TIM_MspPostInit
 .text.HAL_PCD_MspInit
                0x00000000080020c8       0xd8 ./Core/Src/stm32h7xx_hal_msp.o
                0x00000000080020c8                HAL_PCD_MspInit
 .text.NMI_Handler
                0x00000000080021a0        0x6 ./Core/Src/stm32h7xx_it.o
                0x00000000080021a0                NMI_Handler
 .text.HardFault_Handler
                0x00000000080021a6        0x6 ./Core/Src/stm32h7xx_it.o
                0x00000000080021a6                HardFault_Handler
 .text.MemManage_Handler
                0x00000000080021ac        0x6 ./Core/Src/stm32h7xx_it.o
                0x00000000080021ac                MemManage_Handler
 .text.BusFault_Handler
                0x00000000080021b2        0x6 ./Core/Src/stm32h7xx_it.o
                0x00000000080021b2                BusFault_Handler
 .text.UsageFault_Handler
                0x00000000080021b8        0x6 ./Core/Src/stm32h7xx_it.o
                0x00000000080021b8                UsageFault_Handler
 .text.SVC_Handler
                0x00000000080021be        0xe ./Core/Src/stm32h7xx_it.o
                0x00000000080021be                SVC_Handler
 .text.DebugMon_Handler
                0x00000000080021cc        0xe ./Core/Src/stm32h7xx_it.o
                0x00000000080021cc                DebugMon_Handler
 .text.PendSV_Handler
                0x00000000080021da        0xe ./Core/Src/stm32h7xx_it.o
                0x00000000080021da                PendSV_Handler
 .text.SysTick_Handler
                0x00000000080021e8        0xc ./Core/Src/stm32h7xx_it.o
                0x00000000080021e8                SysTick_Handler
 .text.SystemInit
                0x00000000080021f4      0x110 ./Core/Src/system_stm32h7xx.o
                0x00000000080021f4                SystemInit
 .text.Reset_Handler
                0x0000000008002304       0x50 ./Core/Startup/startup_stm32h743vitx.o
                0x0000000008002304                Reset_Handler
 .text.Default_Handler
                0x0000000008002354        0x2 ./Core/Startup/startup_stm32h743vitx.o
                0x0000000008002354                RTC_Alarm_IRQHandler
                0x0000000008002354                EXTI2_IRQHandler
                0x0000000008002354                TIM8_CC_IRQHandler
                0x0000000008002354                HRTIM1_Master_IRQHandler
                0x0000000008002354                UART8_IRQHandler
                0x0000000008002354                SPI4_IRQHandler
                0x0000000008002354                TIM1_CC_IRQHandler
                0x0000000008002354                BDMA_Channel6_IRQHandler
                0x0000000008002354                DMA2_Stream5_IRQHandler
                0x0000000008002354                HRTIM1_FLT_IRQHandler
                0x0000000008002354                JPEG_IRQHandler
                0x0000000008002354                DMA1_Stream5_IRQHandler
                0x0000000008002354                BDMA_Channel1_IRQHandler
                0x0000000008002354                HRTIM1_TIMD_IRQHandler
                0x0000000008002354                TAMP_STAMP_IRQHandler
                0x0000000008002354                EXTI3_IRQHandler
                0x0000000008002354                LPTIM4_IRQHandler
                0x0000000008002354                TIM8_TRG_COM_TIM14_IRQHandler
                0x0000000008002354                LPTIM2_IRQHandler
                0x0000000008002354                DFSDM1_FLT1_IRQHandler
                0x0000000008002354                DMAMUX2_OVR_IRQHandler
                0x0000000008002354                TIM8_UP_TIM13_IRQHandler
                0x0000000008002354                I2C3_ER_IRQHandler
                0x0000000008002354                DFSDM1_FLT2_IRQHandler
                0x0000000008002354                MDMA_IRQHandler
                0x0000000008002354                LPTIM3_IRQHandler
                0x0000000008002354                HSEM1_IRQHandler
                0x0000000008002354                EXTI0_IRQHandler
                0x0000000008002354                I2C2_EV_IRQHandler
                0x0000000008002354                DMA1_Stream2_IRQHandler
                0x0000000008002354                FPU_IRQHandler
                0x0000000008002354                OTG_HS_WKUP_IRQHandler
                0x0000000008002354                FDCAN1_IT1_IRQHandler
                0x0000000008002354                LTDC_ER_IRQHandler
                0x0000000008002354                DMA2_Stream2_IRQHandler
                0x0000000008002354                HRTIM1_TIME_IRQHandler
                0x0000000008002354                SPI1_IRQHandler
                0x0000000008002354                TIM6_DAC_IRQHandler
                0x0000000008002354                DCMI_IRQHandler
                0x0000000008002354                HRTIM1_TIMC_IRQHandler
                0x0000000008002354                DMA2_Stream3_IRQHandler
                0x0000000008002354                SAI2_IRQHandler
                0x0000000008002354                DFSDM1_FLT3_IRQHandler
                0x0000000008002354                USART6_IRQHandler
                0x0000000008002354                TIM17_IRQHandler
                0x0000000008002354                USART3_IRQHandler
                0x0000000008002354                BDMA_Channel7_IRQHandler
                0x0000000008002354                LPTIM5_IRQHandler
                0x0000000008002354                UART5_IRQHandler
                0x0000000008002354                ADC3_IRQHandler
                0x0000000008002354                DMA2_Stream0_IRQHandler
                0x0000000008002354                TIM4_IRQHandler
                0x0000000008002354                BDMA_Channel2_IRQHandler
                0x0000000008002354                QUADSPI_IRQHandler
                0x0000000008002354                I2C1_EV_IRQHandler
                0x0000000008002354                DMA1_Stream6_IRQHandler
                0x0000000008002354                DMAMUX1_OVR_IRQHandler
                0x0000000008002354                DMA1_Stream1_IRQHandler
                0x0000000008002354                TIM16_IRQHandler
                0x0000000008002354                UART4_IRQHandler
                0x0000000008002354                BDMA_Channel5_IRQHandler
                0x0000000008002354                TIM3_IRQHandler
                0x0000000008002354                RCC_IRQHandler
                0x0000000008002354                TIM8_BRK_TIM12_IRQHandler
                0x0000000008002354                TIM1_TRG_COM_IRQHandler
                0x0000000008002354                Default_Handler
                0x0000000008002354                ECC_IRQHandler
                0x0000000008002354                CEC_IRQHandler
                0x0000000008002354                EXTI15_10_IRQHandler
                0x0000000008002354                BDMA_Channel0_IRQHandler
                0x0000000008002354                ADC_IRQHandler
                0x0000000008002354                DMA1_Stream7_IRQHandler
                0x0000000008002354                HRTIM1_TIMA_IRQHandler
                0x0000000008002354                SPI5_IRQHandler
                0x0000000008002354                TIM7_IRQHandler
                0x0000000008002354                SDMMC1_IRQHandler
                0x0000000008002354                TIM5_IRQHandler
                0x0000000008002354                DMA2_Stream7_IRQHandler
                0x0000000008002354                TIM15_IRQHandler
                0x0000000008002354                PVD_AVD_IRQHandler
                0x0000000008002354                I2C3_EV_IRQHandler
                0x0000000008002354                EXTI9_5_IRQHandler
                0x0000000008002354                RTC_WKUP_IRQHandler
                0x0000000008002354                LTDC_IRQHandler
                0x0000000008002354                SAI3_IRQHandler
                0x0000000008002354                ETH_WKUP_IRQHandler
                0x0000000008002354                SPDIF_RX_IRQHandler
                0x0000000008002354                SPI2_IRQHandler
                0x0000000008002354                OTG_HS_EP1_IN_IRQHandler
                0x0000000008002354                DMA1_Stream0_IRQHandler
                0x0000000008002354                CRS_IRQHandler
                0x0000000008002354                EXTI4_IRQHandler
                0x0000000008002354                RNG_IRQHandler
                0x0000000008002354                HRTIM1_TIMB_IRQHandler
                0x0000000008002354                FDCAN2_IT1_IRQHandler
                0x0000000008002354                ETH_IRQHandler
                0x0000000008002354                TIM1_UP_IRQHandler
                0x0000000008002354                BDMA_Channel4_IRQHandler
                0x0000000008002354                OTG_HS_EP1_OUT_IRQHandler
                0x0000000008002354                WWDG_IRQHandler
                0x0000000008002354                SPI6_IRQHandler
                0x0000000008002354                MDIOS_IRQHandler
                0x0000000008002354                I2C4_EV_IRQHandler
                0x0000000008002354                FDCAN2_IT0_IRQHandler
                0x0000000008002354                LPUART1_IRQHandler
                0x0000000008002354                FDCAN1_IT0_IRQHandler
                0x0000000008002354                TIM2_IRQHandler
                0x0000000008002354                OTG_FS_WKUP_IRQHandler
                0x0000000008002354                OTG_HS_IRQHandler
                0x0000000008002354                DMA2D_IRQHandler
                0x0000000008002354                TIM1_BRK_IRQHandler
                0x0000000008002354                EXTI1_IRQHandler
                0x0000000008002354                SDMMC2_IRQHandler
                0x0000000008002354                OTG_FS_EP1_OUT_IRQHandler
                0x0000000008002354                BDMA_Channel3_IRQHandler
                0x0000000008002354                UART7_IRQHandler
                0x0000000008002354                MDIOS_WKUP_IRQHandler
                0x0000000008002354                USART2_IRQHandler
                0x0000000008002354                DFSDM1_FLT0_IRQHandler
                0x0000000008002354                SAI4_IRQHandler
                0x0000000008002354                I2C2_ER_IRQHandler
                0x0000000008002354                DMA2_Stream1_IRQHandler
                0x0000000008002354                FLASH_IRQHandler
                0x0000000008002354                DMA2_Stream4_IRQHandler
                0x0000000008002354                USART1_IRQHandler
                0x0000000008002354                OTG_FS_IRQHandler
                0x0000000008002354                SPI3_IRQHandler
                0x0000000008002354                WAKEUP_PIN_IRQHandler
                0x0000000008002354                DMA1_Stream4_IRQHandler
                0x0000000008002354                OTG_FS_EP1_IN_IRQHandler
                0x0000000008002354                I2C1_ER_IRQHandler
                0x0000000008002354                FMC_IRQHandler
                0x0000000008002354                FDCAN_CAL_IRQHandler
                0x0000000008002354                SWPMI1_IRQHandler
                0x0000000008002354                COMP1_IRQHandler
                0x0000000008002354                LPTIM1_IRQHandler
                0x0000000008002354                I2C4_ER_IRQHandler
                0x0000000008002354                DMA2_Stream6_IRQHandler
                0x0000000008002354                SAI1_IRQHandler
                0x0000000008002354                DMA1_Stream3_IRQHandler
 *fill*         0x0000000008002356        0x2 
 .text.HAL_Init
                0x0000000008002358       0x78 ./Drivers/STM32H7xx_HAL_Driver/Src/stm32h7xx_hal.o
                0x0000000008002358                HAL_Init
 .text.HAL_InitTick
                0x00000000080023d0       0x6c ./Drivers/STM32H7xx_HAL_Driver/Src/stm32h7xx_hal.o
                0x00000000080023d0                HAL_InitTick
 .text.HAL_IncTick
                0x000000000800243c       0x28 ./Drivers/STM32H7xx_HAL_Driver/Src/stm32h7xx_hal.o
                0x000000000800243c                HAL_IncTick
 .text.HAL_GetTick
                0x0000000008002464       0x18 ./Drivers/STM32H7xx_HAL_Driver/Src/stm32h7xx_hal.o
                0x0000000008002464                HAL_GetTick
 .text.HAL_Delay
                0x000000000800247c       0x48 ./Drivers/STM32H7xx_HAL_Driver/Src/stm32h7xx_hal.o
                0x000000000800247c                HAL_Delay
 .text.HAL_GetREVID
                0x00000000080024c4       0x18 ./Drivers/STM32H7xx_HAL_Driver/Src/stm32h7xx_hal.o
                0x00000000080024c4                HAL_GetREVID
 .text.LL_ADC_SetCommonClock
                0x00000000080024dc       0x26 ./Drivers/STM32H7xx_HAL_Driver/Src/stm32h7xx_hal_adc.o
 .text.LL_ADC_SetCommonPathInternalCh
                0x0000000008002502       0x26 ./Drivers/STM32H7xx_HAL_Driver/Src/stm32h7xx_hal_adc.o
 .text.LL_ADC_GetCommonPathInternalCh
                0x0000000008002528       0x1c ./Drivers/STM32H7xx_HAL_Driver/Src/stm32h7xx_hal_adc.o
 .text.LL_ADC_SetOffset
                0x0000000008002544       0x40 ./Drivers/STM32H7xx_HAL_Driver/Src/stm32h7xx_hal_adc.o
 .text.LL_ADC_SetDataRightShift
                0x0000000008002584       0x32 ./Drivers/STM32H7xx_HAL_Driver/Src/stm32h7xx_hal_adc.o
 .text.LL_ADC_SetOffsetSignedSaturation
                0x00000000080025b6       0x36 ./Drivers/STM32H7xx_HAL_Driver/Src/stm32h7xx_hal_adc.o
 .text.LL_ADC_REG_SetSequencerRanks
                0x00000000080025ec       0x58 ./Drivers/STM32H7xx_HAL_Driver/Src/stm32h7xx_hal_adc.o
 .text.LL_ADC_SetChannelSamplingTime
                0x0000000008002644       0x56 ./Drivers/STM32H7xx_HAL_Driver/Src/stm32h7xx_hal_adc.o
 *fill*         0x000000000800269a        0x2 
 .text.LL_ADC_SetChannelSingleDiff
                0x000000000800269c       0x48 ./Drivers/STM32H7xx_HAL_Driver/Src/stm32h7xx_hal_adc.o
 .text.LL_ADC_DisableDeepPowerDown
                0x00000000080026e4       0x24 ./Drivers/STM32H7xx_HAL_Driver/Src/stm32h7xx_hal_adc.o
 .text.LL_ADC_IsDeepPowerDownEnabled
                0x0000000008002708       0x28 ./Drivers/STM32H7xx_HAL_Driver/Src/stm32h7xx_hal_adc.o
 .text.LL_ADC_EnableInternalRegulator
                0x0000000008002730       0x28 ./Drivers/STM32H7xx_HAL_Driver/Src/stm32h7xx_hal_adc.o
 .text.LL_ADC_IsInternalRegulatorEnabled
                0x0000000008002758       0x28 ./Drivers/STM32H7xx_HAL_Driver/Src/stm32h7xx_hal_adc.o
 .text.LL_ADC_IsEnabled
                0x0000000008002780       0x26 ./Drivers/STM32H7xx_HAL_Driver/Src/stm32h7xx_hal_adc.o
 .text.LL_ADC_REG_IsConversionOngoing
                0x00000000080027a6       0x26 ./Drivers/STM32H7xx_HAL_Driver/Src/stm32h7xx_hal_adc.o
 .text.LL_ADC_INJ_IsConversionOngoing
                0x00000000080027cc       0x26 ./Drivers/STM32H7xx_HAL_Driver/Src/stm32h7xx_hal_adc.o
 *fill*         0x00000000080027f2        0x2 
 .text.HAL_ADC_Init
                0x00000000080027f4      0x344 ./Drivers/STM32H7xx_HAL_Driver/Src/stm32h7xx_hal_adc.o
                0x00000000080027f4                HAL_ADC_Init
 .text.HAL_ADC_ConfigChannel
                0x0000000008002b38      0x6a0 ./Drivers/STM32H7xx_HAL_Driver/Src/stm32h7xx_hal_adc.o
                0x0000000008002b38                HAL_ADC_ConfigChannel
 .text.ADC_ConfigureBoostMode
                0x00000000080031d8      0x218 ./Drivers/STM32H7xx_HAL_Driver/Src/stm32h7xx_hal_adc.o
                0x00000000080031d8                ADC_ConfigureBoostMode
 .text.LL_ADC_IsEnabled
                0x00000000080033f0       0x26 ./Drivers/STM32H7xx_HAL_Driver/Src/stm32h7xx_hal_adc_ex.o
 .text.LL_ADC_REG_IsConversionOngoing
                0x0000000008003416       0x26 ./Drivers/STM32H7xx_HAL_Driver/Src/stm32h7xx_hal_adc_ex.o
 .text.HAL_ADCEx_MultiModeConfigChannel
                0x000000000800343c      0x1bc ./Drivers/STM32H7xx_HAL_Driver/Src/stm32h7xx_hal_adc_ex.o
                0x000000000800343c                HAL_ADCEx_MultiModeConfigChannel
 .text.__NVIC_SetPriorityGrouping
                0x00000000080035f8       0x48 ./Drivers/STM32H7xx_HAL_Driver/Src/stm32h7xx_hal_cortex.o
 .text.__NVIC_GetPriorityGrouping
                0x0000000008003640       0x1c ./Drivers/STM32H7xx_HAL_Driver/Src/stm32h7xx_hal_cortex.o
 .text.__NVIC_SetPriority
                0x000000000800365c       0x54 ./Drivers/STM32H7xx_HAL_Driver/Src/stm32h7xx_hal_cortex.o
 .text.NVIC_EncodePriority
                0x00000000080036b0       0x66 ./Drivers/STM32H7xx_HAL_Driver/Src/stm32h7xx_hal_cortex.o
 *fill*         0x0000000008003716        0x2 
 .text.SysTick_Config
                0x0000000008003718       0x44 ./Drivers/STM32H7xx_HAL_Driver/Src/stm32h7xx_hal_cortex.o
 .text.HAL_NVIC_SetPriorityGrouping
                0x000000000800375c       0x16 ./Drivers/STM32H7xx_HAL_Driver/Src/stm32h7xx_hal_cortex.o
                0x000000000800375c                HAL_NVIC_SetPriorityGrouping
 .text.HAL_NVIC_SetPriority
                0x0000000008003772       0x34 ./Drivers/STM32H7xx_HAL_Driver/Src/stm32h7xx_hal_cortex.o
                0x0000000008003772                HAL_NVIC_SetPriority
 .text.HAL_SYSTICK_Config
                0x00000000080037a6       0x18 ./Drivers/STM32H7xx_HAL_Driver/Src/stm32h7xx_hal_cortex.o
                0x00000000080037a6                HAL_SYSTICK_Config
 *fill*         0x00000000080037be        0x2 
 .text.HAL_MPU_Disable
                0x00000000080037c0       0x30 ./Drivers/STM32H7xx_HAL_Driver/Src/stm32h7xx_hal_cortex.o
                0x00000000080037c0                HAL_MPU_Disable
 .text.HAL_MPU_Enable
                0x00000000080037f0       0x40 ./Drivers/STM32H7xx_HAL_Driver/Src/stm32h7xx_hal_cortex.o
                0x00000000080037f0                HAL_MPU_Enable
 .text.HAL_MPU_ConfigRegion
                0x0000000008003830       0x88 ./Drivers/STM32H7xx_HAL_Driver/Src/stm32h7xx_hal_cortex.o
                0x0000000008003830                HAL_MPU_ConfigRegion
 .text.HAL_GPIO_Init
                0x00000000080038b8      0x360 ./Drivers/STM32H7xx_HAL_Driver/Src/stm32h7xx_hal_gpio.o
                0x00000000080038b8                HAL_GPIO_Init
 .text.HAL_GPIO_WritePin
                0x0000000008003c18       0x32 ./Drivers/STM32H7xx_HAL_Driver/Src/stm32h7xx_hal_gpio.o
                0x0000000008003c18                HAL_GPIO_WritePin
 *fill*         0x0000000008003c4a        0x2 
 .text.HAL_I2C_Init
                0x0000000008003c4c      0x120 ./Drivers/STM32H7xx_HAL_Driver/Src/stm32h7xx_hal_i2c.o
                0x0000000008003c4c                HAL_I2C_Init
 .text.HAL_I2CEx_ConfigAnalogFilter
                0x0000000008003d6c       0x96 ./Drivers/STM32H7xx_HAL_Driver/Src/stm32h7xx_hal_i2c_ex.o
                0x0000000008003d6c                HAL_I2CEx_ConfigAnalogFilter
 .text.HAL_I2CEx_ConfigDigitalFilter
                0x0000000008003e02       0x98 ./Drivers/STM32H7xx_HAL_Driver/Src/stm32h7xx_hal_i2c_ex.o
                0x0000000008003e02                HAL_I2CEx_ConfigDigitalFilter
 .text.HAL_PCD_Init
                0x0000000008003e9a      0x248 ./Drivers/STM32H7xx_HAL_Driver/Src/stm32h7xx_hal_pcd.o
                0x0000000008003e9a                HAL_PCD_Init
 *fill*         0x00000000080040e2        0x2 
 .text.HAL_PCDEx_ActivateLPM
                0x00000000080040e4       0x48 ./Drivers/STM32H7xx_HAL_Driver/Src/stm32h7xx_hal_pcd_ex.o
                0x00000000080040e4                HAL_PCDEx_ActivateLPM
 .text.HAL_PWREx_ConfigSupply
                0x000000000800412c       0x74 ./Drivers/STM32H7xx_HAL_Driver/Src/stm32h7xx_hal_pwr_ex.o
                0x000000000800412c                HAL_PWREx_ConfigSupply
 .text.HAL_PWREx_EnableUSBVoltageDetector
                0x00000000080041a0       0x20 ./Drivers/STM32H7xx_HAL_Driver/Src/stm32h7xx_hal_pwr_ex.o
                0x00000000080041a0                HAL_PWREx_EnableUSBVoltageDetector
 .text.HAL_QSPI_Init
                0x00000000080041c0       0xe8 ./Drivers/STM32H7xx_HAL_Driver/Src/stm32h7xx_hal_qspi.o
                0x00000000080041c0                HAL_QSPI_Init
 .text.HAL_QSPI_SetTimeout
                0x00000000080042a8       0x1c ./Drivers/STM32H7xx_HAL_Driver/Src/stm32h7xx_hal_qspi.o
                0x00000000080042a8                HAL_QSPI_SetTimeout
 .text.QSPI_WaitFlagStateUntilTimeout
                0x00000000080042c4       0x6e ./Drivers/STM32H7xx_HAL_Driver/Src/stm32h7xx_hal_qspi.o
 *fill*         0x0000000008004332        0x2 
 .text.HAL_RCC_OscConfig
                0x0000000008004334      0x8b4 ./Drivers/STM32H7xx_HAL_Driver/Src/stm32h7xx_hal_rcc.o
                0x0000000008004334                HAL_RCC_OscConfig
 .text.HAL_RCC_ClockConfig
                0x0000000008004be8      0x36c ./Drivers/STM32H7xx_HAL_Driver/Src/stm32h7xx_hal_rcc.o
                0x0000000008004be8                HAL_RCC_ClockConfig
 .text.HAL_RCC_GetSysClockFreq
                0x0000000008004f54      0x2f4 ./Drivers/STM32H7xx_HAL_Driver/Src/stm32h7xx_hal_rcc.o
                0x0000000008004f54                HAL_RCC_GetSysClockFreq
 .text.HAL_RCC_GetHCLKFreq
                0x0000000008005248       0x60 ./Drivers/STM32H7xx_HAL_Driver/Src/stm32h7xx_hal_rcc.o
                0x0000000008005248                HAL_RCC_GetHCLKFreq
 .text.HAL_RCC_GetPCLK1Freq
                0x00000000080052a8       0x2c ./Drivers/STM32H7xx_HAL_Driver/Src/stm32h7xx_hal_rcc.o
                0x00000000080052a8                HAL_RCC_GetPCLK1Freq
 .text.HAL_RCC_GetPCLK2Freq
                0x00000000080052d4       0x2c ./Drivers/STM32H7xx_HAL_Driver/Src/stm32h7xx_hal_rcc.o
                0x00000000080052d4                HAL_RCC_GetPCLK2Freq
 .text.HAL_RCCEx_PeriphCLKConfig
                0x0000000008005300     0x1414 ./Drivers/STM32H7xx_HAL_Driver/Src/stm32h7xx_hal_rcc_ex.o
                0x0000000008005300                HAL_RCCEx_PeriphCLKConfig
 .text.HAL_RCCEx_GetPeriphCLKFreq
                0x0000000008006714      0xb00 ./Drivers/STM32H7xx_HAL_Driver/Src/stm32h7xx_hal_rcc_ex.o
                0x0000000008006714                HAL_RCCEx_GetPeriphCLKFreq
 .text.HAL_RCCEx_GetD3PCLK1Freq
                0x0000000008007214       0x2c ./Drivers/STM32H7xx_HAL_Driver/Src/stm32h7xx_hal_rcc_ex.o
                0x0000000008007214                HAL_RCCEx_GetD3PCLK1Freq
 .text.HAL_RCCEx_GetPLL2ClockFreq
                0x0000000008007240      0x2a8 ./Drivers/STM32H7xx_HAL_Driver/Src/stm32h7xx_hal_rcc_ex.o
                0x0000000008007240                HAL_RCCEx_GetPLL2ClockFreq
 .text.HAL_RCCEx_GetPLL3ClockFreq
                0x00000000080074e8      0x2a8 ./Drivers/STM32H7xx_HAL_Driver/Src/stm32h7xx_hal_rcc_ex.o
                0x00000000080074e8                HAL_RCCEx_GetPLL3ClockFreq
 .text.HAL_RCCEx_GetPLL1ClockFreq
                0x0000000008007790      0x2a4 ./Drivers/STM32H7xx_HAL_Driver/Src/stm32h7xx_hal_rcc_ex.o
                0x0000000008007790                HAL_RCCEx_GetPLL1ClockFreq
 .text.RCCEx_PLL2_Config
                0x0000000008007a34      0x164 ./Drivers/STM32H7xx_HAL_Driver/Src/stm32h7xx_hal_rcc_ex.o
 .text.RCCEx_PLL3_Config
                0x0000000008007b98      0x164 ./Drivers/STM32H7xx_HAL_Driver/Src/stm32h7xx_hal_rcc_ex.o
 .text.HAL_SD_Init
                0x0000000008007cfc      0x106 ./Drivers/STM32H7xx_HAL_Driver/Src/stm32h7xx_hal_sd.o
                0x0000000008007cfc                HAL_SD_Init
 *fill*         0x0000000008007e02        0x2 
 .text.HAL_SD_InitCard
                0x0000000008007e04      0x138 ./Drivers/STM32H7xx_HAL_Driver/Src/stm32h7xx_hal_sd.o
                0x0000000008007e04                HAL_SD_InitCard
 .text.HAL_SD_GetCardCSD
                0x0000000008007f3c      0x348 ./Drivers/STM32H7xx_HAL_Driver/Src/stm32h7xx_hal_sd.o
                0x0000000008007f3c                HAL_SD_GetCardCSD
 .text.HAL_SD_GetCardStatus
                0x0000000008008284      0x17c ./Drivers/STM32H7xx_HAL_Driver/Src/stm32h7xx_hal_sd.o
                0x0000000008008284                HAL_SD_GetCardStatus
 .text.HAL_SD_ConfigWideBusOperation
                0x0000000008008400      0x224 ./Drivers/STM32H7xx_HAL_Driver/Src/stm32h7xx_hal_sd.o
                0x0000000008008400                HAL_SD_ConfigWideBusOperation
 .text.HAL_SD_GetCardState
                0x0000000008008624       0x40 ./Drivers/STM32H7xx_HAL_Driver/Src/stm32h7xx_hal_sd.o
                0x0000000008008624                HAL_SD_GetCardState
 .text.SD_InitCard
                0x0000000008008664      0x19c ./Drivers/STM32H7xx_HAL_Driver/Src/stm32h7xx_hal_sd.o
 .text.SD_PowerON
                0x0000000008008800      0x11c ./Drivers/STM32H7xx_HAL_Driver/Src/stm32h7xx_hal_sd.o
 .text.SD_SendSDStatus
                0x000000000800891c      0x1a0 ./Drivers/STM32H7xx_HAL_Driver/Src/stm32h7xx_hal_sd.o
 .text.SD_SendStatus
                0x0000000008008abc       0x50 ./Drivers/STM32H7xx_HAL_Driver/Src/stm32h7xx_hal_sd.o
 .text.SD_WideBus_Enable
                0x0000000008008b0c       0x96 ./Drivers/STM32H7xx_HAL_Driver/Src/stm32h7xx_hal_sd.o
 .text.SD_WideBus_Disable
                0x0000000008008ba2       0x96 ./Drivers/STM32H7xx_HAL_Driver/Src/stm32h7xx_hal_sd.o
 .text.SD_FindSCR
                0x0000000008008c38      0x1a0 ./Drivers/STM32H7xx_HAL_Driver/Src/stm32h7xx_hal_sd.o
 .text.HAL_SPI_Init
                0x0000000008008dd8      0x248 ./Drivers/STM32H7xx_HAL_Driver/Src/stm32h7xx_hal_spi.o
                0x0000000008008dd8                HAL_SPI_Init
 .text.SPI_GetPacketSize
                0x0000000008009020       0x36 ./Drivers/STM32H7xx_HAL_Driver/Src/stm32h7xx_hal_spi.o
 .text.HAL_TIM_OC_Init
                0x0000000008009056       0xae ./Drivers/STM32H7xx_HAL_Driver/Src/stm32h7xx_hal_tim.o
                0x0000000008009056                HAL_TIM_OC_Init
 .text.HAL_TIM_OC_MspInit
                0x0000000008009104       0x14 ./Drivers/STM32H7xx_HAL_Driver/Src/stm32h7xx_hal_tim.o
                0x0000000008009104                HAL_TIM_OC_MspInit
 .text.HAL_TIM_PWM_Init
                0x0000000008009118       0xae ./Drivers/STM32H7xx_HAL_Driver/Src/stm32h7xx_hal_tim.o
                0x0000000008009118                HAL_TIM_PWM_Init
 .text.HAL_TIM_IC_Init
                0x00000000080091c6       0xae ./Drivers/STM32H7xx_HAL_Driver/Src/stm32h7xx_hal_tim.o
                0x00000000080091c6                HAL_TIM_IC_Init
 .text.HAL_TIM_OC_ConfigChannel
                0x0000000008009274       0xf4 ./Drivers/STM32H7xx_HAL_Driver/Src/stm32h7xx_hal_tim.o
                0x0000000008009274                HAL_TIM_OC_ConfigChannel
 .text.HAL_TIM_IC_ConfigChannel
                0x0000000008009368      0x138 ./Drivers/STM32H7xx_HAL_Driver/Src/stm32h7xx_hal_tim.o
                0x0000000008009368                HAL_TIM_IC_ConfigChannel
 .text.HAL_TIM_PWM_ConfigChannel
                0x00000000080094a0      0x228 ./Drivers/STM32H7xx_HAL_Driver/Src/stm32h7xx_hal_tim.o
                0x00000000080094a0                HAL_TIM_PWM_ConfigChannel
 .text.HAL_TIM_SlaveConfigSynchro
                0x00000000080096c8       0x84 ./Drivers/STM32H7xx_HAL_Driver/Src/stm32h7xx_hal_tim.o
                0x00000000080096c8                HAL_TIM_SlaveConfigSynchro
 .text.TIM_Base_SetConfig
                0x000000000800974c      0x134 ./Drivers/STM32H7xx_HAL_Driver/Src/stm32h7xx_hal_tim.o
                0x000000000800974c                TIM_Base_SetConfig
 .text.TIM_OC1_SetConfig
                0x0000000008009880      0x120 ./Drivers/STM32H7xx_HAL_Driver/Src/stm32h7xx_hal_tim.o
 .text.TIM_OC2_SetConfig
                0x00000000080099a0      0x114 ./Drivers/STM32H7xx_HAL_Driver/Src/stm32h7xx_hal_tim.o
                0x00000000080099a0                TIM_OC2_SetConfig
 .text.TIM_OC3_SetConfig
                0x0000000008009ab4      0x110 ./Drivers/STM32H7xx_HAL_Driver/Src/stm32h7xx_hal_tim.o
 .text.TIM_OC4_SetConfig
                0x0000000008009bc4       0xd4 ./Drivers/STM32H7xx_HAL_Driver/Src/stm32h7xx_hal_tim.o
 .text.TIM_OC5_SetConfig
                0x0000000008009c98       0xc8 ./Drivers/STM32H7xx_HAL_Driver/Src/stm32h7xx_hal_tim.o
 .text.TIM_OC6_SetConfig
                0x0000000008009d60       0xcc ./Drivers/STM32H7xx_HAL_Driver/Src/stm32h7xx_hal_tim.o
 .text.TIM_SlaveTimer_SetConfig
                0x0000000008009e2c      0x1d4 ./Drivers/STM32H7xx_HAL_Driver/Src/stm32h7xx_hal_tim.o
 .text.TIM_TI1_SetConfig
                0x000000000800a000       0xe8 ./Drivers/STM32H7xx_HAL_Driver/Src/stm32h7xx_hal_tim.o
                0x000000000800a000                TIM_TI1_SetConfig
 .text.TIM_TI1_ConfigInputStage
                0x000000000800a0e8       0x5e ./Drivers/STM32H7xx_HAL_Driver/Src/stm32h7xx_hal_tim.o
 .text.TIM_TI2_SetConfig
                0x000000000800a146       0x7a ./Drivers/STM32H7xx_HAL_Driver/Src/stm32h7xx_hal_tim.o
 .text.TIM_TI2_ConfigInputStage
                0x000000000800a1c0       0x60 ./Drivers/STM32H7xx_HAL_Driver/Src/stm32h7xx_hal_tim.o
 .text.TIM_TI3_SetConfig
                0x000000000800a220       0x78 ./Drivers/STM32H7xx_HAL_Driver/Src/stm32h7xx_hal_tim.o
 .text.TIM_TI4_SetConfig
                0x000000000800a298       0x7a ./Drivers/STM32H7xx_HAL_Driver/Src/stm32h7xx_hal_tim.o
 .text.TIM_ETR_SetConfig
                0x000000000800a312       0x40 ./Drivers/STM32H7xx_HAL_Driver/Src/stm32h7xx_hal_tim.o
                0x000000000800a312                TIM_ETR_SetConfig
 *fill*         0x000000000800a352        0x2 
 .text.HAL_TIMEx_MasterConfigSynchronization
                0x000000000800a354      0x11c ./Drivers/STM32H7xx_HAL_Driver/Src/stm32h7xx_hal_tim_ex.o
                0x000000000800a354                HAL_TIMEx_MasterConfigSynchronization
 .text.HAL_UART_Init
                0x000000000800a470       0xa0 ./Drivers/STM32H7xx_HAL_Driver/Src/stm32h7xx_hal_uart.o
                0x000000000800a470                HAL_UART_Init
 .text.UART_SetConfig
                0x000000000800a510      0xad0 ./Drivers/STM32H7xx_HAL_Driver/Src/stm32h7xx_hal_uart.o
                0x000000000800a510                UART_SetConfig
 .text.UART_AdvFeatureConfig
                0x000000000800afe0      0x144 ./Drivers/STM32H7xx_HAL_Driver/Src/stm32h7xx_hal_uart.o
                0x000000000800afe0                UART_AdvFeatureConfig
 .text.UART_CheckIdleState
                0x000000000800b124      0x154 ./Drivers/STM32H7xx_HAL_Driver/Src/stm32h7xx_hal_uart.o
                0x000000000800b124                UART_CheckIdleState
 .text.UART_WaitOnFlagUntilTimeout
                0x000000000800b278       0xce ./Drivers/STM32H7xx_HAL_Driver/Src/stm32h7xx_hal_uart.o
                0x000000000800b278                UART_WaitOnFlagUntilTimeout
 *fill*         0x000000000800b346        0x2 
 .text.UART_EndRxTransfer
                0x000000000800b348       0xcc ./Drivers/STM32H7xx_HAL_Driver/Src/stm32h7xx_hal_uart.o
 .text.HAL_UARTEx_DisableFifoMode
                0x000000000800b414       0x72 ./Drivers/STM32H7xx_HAL_Driver/Src/stm32h7xx_hal_uart_ex.o
                0x000000000800b414                HAL_UARTEx_DisableFifoMode
 .text.HAL_UARTEx_SetTxFifoThreshold
                0x000000000800b486       0x7c ./Drivers/STM32H7xx_HAL_Driver/Src/stm32h7xx_hal_uart_ex.o
                0x000000000800b486                HAL_UARTEx_SetTxFifoThreshold
 .text.HAL_UARTEx_SetRxFifoThreshold
                0x000000000800b502       0x7c ./Drivers/STM32H7xx_HAL_Driver/Src/stm32h7xx_hal_uart_ex.o
                0x000000000800b502                HAL_UARTEx_SetRxFifoThreshold
 *fill*         0x000000000800b57e        0x2 
 .text.UARTEx_SetNbDataToProcess
                0x000000000800b580       0x9c ./Drivers/STM32H7xx_HAL_Driver/Src/stm32h7xx_hal_uart_ex.o
 .text.SDMMC_Init
                0x000000000800b61c       0x54 ./Drivers/STM32H7xx_HAL_Driver/Src/stm32h7xx_ll_sdmmc.o
                0x000000000800b61c                SDMMC_Init
 .text.SDMMC_ReadFIFO
                0x000000000800b670       0x1a ./Drivers/STM32H7xx_HAL_Driver/Src/stm32h7xx_ll_sdmmc.o
                0x000000000800b670                SDMMC_ReadFIFO
 .text.SDMMC_PowerState_ON
                0x000000000800b68a       0x22 ./Drivers/STM32H7xx_HAL_Driver/Src/stm32h7xx_ll_sdmmc.o
                0x000000000800b68a                SDMMC_PowerState_ON
 .text.SDMMC_GetPowerState
                0x000000000800b6ac       0x1c ./Drivers/STM32H7xx_HAL_Driver/Src/stm32h7xx_ll_sdmmc.o
                0x000000000800b6ac                SDMMC_GetPowerState
 .text.SDMMC_SendCommand
                0x000000000800b6c8       0x54 ./Drivers/STM32H7xx_HAL_Driver/Src/stm32h7xx_ll_sdmmc.o
                0x000000000800b6c8                SDMMC_SendCommand
 .text.SDMMC_GetCommandResponse
                0x000000000800b71c       0x1a ./Drivers/STM32H7xx_HAL_Driver/Src/stm32h7xx_ll_sdmmc.o
                0x000000000800b71c                SDMMC_GetCommandResponse
 .text.SDMMC_GetResponse
                0x000000000800b736       0x26 ./Drivers/STM32H7xx_HAL_Driver/Src/stm32h7xx_ll_sdmmc.o
                0x000000000800b736                SDMMC_GetResponse
 .text.SDMMC_ConfigData
                0x000000000800b75c       0x58 ./Drivers/STM32H7xx_HAL_Driver/Src/stm32h7xx_ll_sdmmc.o
                0x000000000800b75c                SDMMC_ConfigData
 .text.SDMMC_CmdBlockLength
                0x000000000800b7b4       0x46 ./Drivers/STM32H7xx_HAL_Driver/Src/stm32h7xx_ll_sdmmc.o
                0x000000000800b7b4                SDMMC_CmdBlockLength
 .text.SDMMC_CmdSelDesel
                0x000000000800b7fa       0x46 ./Drivers/STM32H7xx_HAL_Driver/Src/stm32h7xx_ll_sdmmc.o
                0x000000000800b7fa                SDMMC_CmdSelDesel
 .text.SDMMC_CmdGoIdleState
                0x000000000800b840       0x3c ./Drivers/STM32H7xx_HAL_Driver/Src/stm32h7xx_ll_sdmmc.o
                0x000000000800b840                SDMMC_CmdGoIdleState
 .text.SDMMC_CmdOperCond
                0x000000000800b87c       0x40 ./Drivers/STM32H7xx_HAL_Driver/Src/stm32h7xx_ll_sdmmc.o
                0x000000000800b87c                SDMMC_CmdOperCond
 .text.SDMMC_CmdAppCommand
                0x000000000800b8bc       0x46 ./Drivers/STM32H7xx_HAL_Driver/Src/stm32h7xx_ll_sdmmc.o
                0x000000000800b8bc                SDMMC_CmdAppCommand
 .text.SDMMC_CmdAppOperCommand
                0x000000000800b902       0x40 ./Drivers/STM32H7xx_HAL_Driver/Src/stm32h7xx_ll_sdmmc.o
                0x000000000800b902                SDMMC_CmdAppOperCommand
 .text.SDMMC_CmdBusWidth
                0x000000000800b942       0x46 ./Drivers/STM32H7xx_HAL_Driver/Src/stm32h7xx_ll_sdmmc.o
                0x000000000800b942                SDMMC_CmdBusWidth
 .text.SDMMC_CmdSendSCR
                0x000000000800b988       0x44 ./Drivers/STM32H7xx_HAL_Driver/Src/stm32h7xx_ll_sdmmc.o
                0x000000000800b988                SDMMC_CmdSendSCR
 .text.SDMMC_CmdSendCID
                0x000000000800b9cc       0x3e ./Drivers/STM32H7xx_HAL_Driver/Src/stm32h7xx_ll_sdmmc.o
                0x000000000800b9cc                SDMMC_CmdSendCID
 .text.SDMMC_CmdSendCSD
                0x000000000800ba0a       0x40 ./Drivers/STM32H7xx_HAL_Driver/Src/stm32h7xx_ll_sdmmc.o
                0x000000000800ba0a                SDMMC_CmdSendCSD
 .text.SDMMC_CmdSetRelAdd
                0x000000000800ba4a       0x44 ./Drivers/STM32H7xx_HAL_Driver/Src/stm32h7xx_ll_sdmmc.o
                0x000000000800ba4a                SDMMC_CmdSetRelAdd
 .text.SDMMC_CmdSendStatus
                0x000000000800ba8e       0x46 ./Drivers/STM32H7xx_HAL_Driver/Src/stm32h7xx_ll_sdmmc.o
                0x000000000800ba8e                SDMMC_CmdSendStatus
 .text.SDMMC_CmdStatusRegister
                0x000000000800bad4       0x44 ./Drivers/STM32H7xx_HAL_Driver/Src/stm32h7xx_ll_sdmmc.o
                0x000000000800bad4                SDMMC_CmdStatusRegister
 .text.SDMMC_GetCmdResp1
                0x000000000800bb18      0x1e4 ./Drivers/STM32H7xx_HAL_Driver/Src/stm32h7xx_ll_sdmmc.o
                0x000000000800bb18                SDMMC_GetCmdResp1
 .text.SDMMC_GetCmdResp2
                0x000000000800bcfc       0x94 ./Drivers/STM32H7xx_HAL_Driver/Src/stm32h7xx_ll_sdmmc.o
                0x000000000800bcfc                SDMMC_GetCmdResp2
 .text.SDMMC_GetCmdResp3
                0x000000000800bd90       0x80 ./Drivers/STM32H7xx_HAL_Driver/Src/stm32h7xx_ll_sdmmc.o
                0x000000000800bd90                SDMMC_GetCmdResp3
 .text.SDMMC_GetCmdResp6
                0x000000000800be10       0xf0 ./Drivers/STM32H7xx_HAL_Driver/Src/stm32h7xx_ll_sdmmc.o
                0x000000000800be10                SDMMC_GetCmdResp6
 .text.SDMMC_GetCmdResp7
                0x000000000800bf00       0x9c ./Drivers/STM32H7xx_HAL_Driver/Src/stm32h7xx_ll_sdmmc.o
                0x000000000800bf00                SDMMC_GetCmdResp7
 .text.SDMMC_GetCmdError
                0x000000000800bf9c       0x5c ./Drivers/STM32H7xx_HAL_Driver/Src/stm32h7xx_ll_sdmmc.o
 .text.USB_CoreInit
                0x000000000800bff8       0xdc ./Drivers/STM32H7xx_HAL_Driver/Src/stm32h7xx_ll_usb.o
                0x000000000800bff8                USB_CoreInit
 .text.USB_DisableGlobalInt
                0x000000000800c0d4       0x22 ./Drivers/STM32H7xx_HAL_Driver/Src/stm32h7xx_ll_usb.o
                0x000000000800c0d4                USB_DisableGlobalInt
 .text.USB_SetCurrentMode
                0x000000000800c0f6       0x98 ./Drivers/STM32H7xx_HAL_Driver/Src/stm32h7xx_ll_usb.o
                0x000000000800c0f6                USB_SetCurrentMode
 *fill*         0x000000000800c18e        0x2 
 .text.USB_DevInit
                0x000000000800c190      0x2bc ./Drivers/STM32H7xx_HAL_Driver/Src/stm32h7xx_ll_usb.o
                0x000000000800c190                USB_DevInit
 .text.USB_FlushTxFifo
                0x000000000800c44c       0x68 ./Drivers/STM32H7xx_HAL_Driver/Src/stm32h7xx_ll_usb.o
                0x000000000800c44c                USB_FlushTxFifo
 .text.USB_FlushRxFifo
                0x000000000800c4b4       0x60 ./Drivers/STM32H7xx_HAL_Driver/Src/stm32h7xx_ll_usb.o
                0x000000000800c4b4                USB_FlushRxFifo
 .text.USB_SetDevSpeed
                0x000000000800c514       0x32 ./Drivers/STM32H7xx_HAL_Driver/Src/stm32h7xx_ll_usb.o
                0x000000000800c514                USB_SetDevSpeed
 .text.USB_DevDisconnect
                0x000000000800c546       0x42 ./Drivers/STM32H7xx_HAL_Driver/Src/stm32h7xx_ll_usb.o
                0x000000000800c546                USB_DevDisconnect
 .text.USB_GetMode
                0x000000000800c588       0x1c ./Drivers/STM32H7xx_HAL_Driver/Src/stm32h7xx_ll_usb.o
                0x000000000800c588                USB_GetMode
 .text.USB_CoreReset
                0x000000000800c5a4       0x68 ./Drivers/STM32H7xx_HAL_Driver/Src/stm32h7xx_ll_usb.o
 .text.memset   0x000000000800c60c       0x10 C:/ST/STM32CubeIDE_1.13.2/STM32CubeIDE/plugins/com.st.stm32cube.ide.mcu.externaltools.gnu-tools-for-stm32.11.3.rel1.win32_1.1.1.202309131626/tools/bin/../lib/gcc/arm-none-eabi/11.3.1/../../../../arm-none-eabi/lib/thumb/v7e-m+dp/hard\libc_nano.a(libc_a-memset.o)
                0x000000000800c60c                memset
 .text.__libc_init_array
                0x000000000800c61c       0x48 C:/ST/STM32CubeIDE_1.13.2/STM32CubeIDE/plugins/com.st.stm32cube.ide.mcu.externaltools.gnu-tools-for-stm32.11.3.rel1.win32_1.1.1.202309131626/tools/bin/../lib/gcc/arm-none-eabi/11.3.1/../../../../arm-none-eabi/lib/thumb/v7e-m+dp/hard\libc_nano.a(libc_a-init.o)
                0x000000000800c61c                __libc_init_array
 *(.glue_7)
 .glue_7        0x000000000800c664        0x0 linker stubs
 *(.glue_7t)
 .glue_7t       0x000000000800c664        0x0 linker stubs
 *(.eh_frame)
 .eh_frame      0x000000000800c664        0x0 C:/ST/STM32CubeIDE_1.13.2/STM32CubeIDE/plugins/com.st.stm32cube.ide.mcu.externaltools.gnu-tools-for-stm32.11.3.rel1.win32_1.1.1.202309131626/tools/bin/../lib/gcc/arm-none-eabi/11.3.1/thumb/v7e-m+dp/hard/crtbegin.o
 *(.init)
 .init          0x000000000800c664        0x4 C:/ST/STM32CubeIDE_1.13.2/STM32CubeIDE/plugins/com.st.stm32cube.ide.mcu.externaltools.gnu-tools-for-stm32.11.3.rel1.win32_1.1.1.202309131626/tools/bin/../lib/gcc/arm-none-eabi/11.3.1/thumb/v7e-m+dp/hard/crti.o
                0x000000000800c664                _init
 .init          0x000000000800c668        0x8 C:/ST/STM32CubeIDE_1.13.2/STM32CubeIDE/plugins/com.st.stm32cube.ide.mcu.externaltools.gnu-tools-for-stm32.11.3.rel1.win32_1.1.1.202309131626/tools/bin/../lib/gcc/arm-none-eabi/11.3.1/thumb/v7e-m+dp/hard/crtn.o
 *(.fini)
 .fini          0x000000000800c670        0x4 C:/ST/STM32CubeIDE_1.13.2/STM32CubeIDE/plugins/com.st.stm32cube.ide.mcu.externaltools.gnu-tools-for-stm32.11.3.rel1.win32_1.1.1.202309131626/tools/bin/../lib/gcc/arm-none-eabi/11.3.1/thumb/v7e-m+dp/hard/crti.o
                0x000000000800c670                _fini
 .fini          0x000000000800c674        0x8 C:/ST/STM32CubeIDE_1.13.2/STM32CubeIDE/plugins/com.st.stm32cube.ide.mcu.externaltools.gnu-tools-for-stm32.11.3.rel1.win32_1.1.1.202309131626/tools/bin/../lib/gcc/arm-none-eabi/11.3.1/thumb/v7e-m+dp/hard/crtn.o
                0x000000000800c67c                . = ALIGN (0x4)
                0x000000000800c67c                _etext = .

.vfp11_veneer   0x000000000800c67c        0x0
 .vfp11_veneer  0x000000000800c67c        0x0 linker stubs

.v4_bx          0x000000000800c67c        0x0
 .v4_bx         0x000000000800c67c        0x0 linker stubs

.iplt           0x000000000800c67c        0x0
 .iplt          0x000000000800c67c        0x0 C:/ST/STM32CubeIDE_1.13.2/STM32CubeIDE/plugins/com.st.stm32cube.ide.mcu.externaltools.gnu-tools-for-stm32.11.3.rel1.win32_1.1.1.202309131626/tools/bin/../lib/gcc/arm-none-eabi/11.3.1/thumb/v7e-m+dp/hard/crtbegin.o

.rodata         0x000000000800c67c       0x38
                0x000000000800c67c                . = ALIGN (0x4)
 *(.rodata)
 *(.rodata*)
 .rodata.D1CorePrescTable
                0x000000000800c67c       0x10 ./Core/Src/system_stm32h7xx.o
                0x000000000800c67c                D1CorePrescTable
 .rodata.UARTPrescTable
                0x000000000800c68c       0x18 ./Drivers/STM32H7xx_HAL_Driver/Src/stm32h7xx_hal_uart.o
                0x000000000800c68c                UARTPrescTable
 .rodata.numerator.1
                0x000000000800c6a4        0x8 ./Drivers/STM32H7xx_HAL_Driver/Src/stm32h7xx_hal_uart_ex.o
 .rodata.denominator.0
                0x000000000800c6ac        0x8 ./Drivers/STM32H7xx_HAL_Driver/Src/stm32h7xx_hal_uart_ex.o
                0x000000000800c6b4                . = ALIGN (0x4)

.ARM.extab
 *(.ARM.extab* .gnu.linkonce.armextab.*)

.ARM            0x000000000800c6b4        0x8
                0x000000000800c6b4                __exidx_start = .
 *(.ARM.exidx*)
 .ARM.exidx     0x000000000800c6b4        0x8 C:/ST/STM32CubeIDE_1.13.2/STM32CubeIDE/plugins/com.st.stm32cube.ide.mcu.externaltools.gnu-tools-for-stm32.11.3.rel1.win32_1.1.1.202309131626/tools/bin/../lib/gcc/arm-none-eabi/11.3.1/thumb/v7e-m+dp/hard\libgcc.a(_udivmoddi4.o)
                0x000000000800c6bc                __exidx_end = .

.rel.dyn        0x000000000800c6bc        0x0
 .rel.iplt      0x000000000800c6bc        0x0 C:/ST/STM32CubeIDE_1.13.2/STM32CubeIDE/plugins/com.st.stm32cube.ide.mcu.externaltools.gnu-tools-for-stm32.11.3.rel1.win32_1.1.1.202309131626/tools/bin/../lib/gcc/arm-none-eabi/11.3.1/thumb/v7e-m+dp/hard/crtbegin.o

.preinit_array  0x000000000800c6bc        0x0
                0x000000000800c6bc                PROVIDE (__preinit_array_start = .)
 *(.preinit_array*)
                0x000000000800c6bc                PROVIDE (__preinit_array_end = .)

.init_array     0x000000000800c6bc        0x4
                0x000000000800c6bc                PROVIDE (__init_array_start = .)
 *(SORT_BY_NAME(.init_array.*))
 *(.init_array*)
 .init_array    0x000000000800c6bc        0x4 C:/ST/STM32CubeIDE_1.13.2/STM32CubeIDE/plugins/com.st.stm32cube.ide.mcu.externaltools.gnu-tools-for-stm32.11.3.rel1.win32_1.1.1.202309131626/tools/bin/../lib/gcc/arm-none-eabi/11.3.1/thumb/v7e-m+dp/hard/crtbegin.o
                0x000000000800c6c0                PROVIDE (__init_array_end = .)

.fini_array     0x000000000800c6c0        0x4
                [!provide]                        PROVIDE (__fini_array_start = .)
 *(SORT_BY_NAME(.fini_array.*))
 *(.fini_array*)
 .fini_array    0x000000000800c6c0        0x4 C:/ST/STM32CubeIDE_1.13.2/STM32CubeIDE/plugins/com.st.stm32cube.ide.mcu.externaltools.gnu-tools-for-stm32.11.3.rel1.win32_1.1.1.202309131626/tools/bin/../lib/gcc/arm-none-eabi/11.3.1/thumb/v7e-m+dp/hard/crtbegin.o
                [!provide]                        PROVIDE (__fini_array_end = .)
                0x000000000800c6c4                _sidata = LOADADDR (.data)

.data           0x0000000024000000       0x10 load address 0x000000000800c6c4
                0x0000000024000000                . = ALIGN (0x4)
                0x0000000024000000                _sdata = .
 *(.data)
 *(.data*)
 .data.SystemCoreClock
                0x0000000024000000        0x4 ./Core/Src/system_stm32h7xx.o
                0x0000000024000000                SystemCoreClock
 .data.SystemD2Clock
                0x0000000024000004        0x4 ./Core/Src/system_stm32h7xx.o
                0x0000000024000004                SystemD2Clock
 .data.uwTickPrio
                0x0000000024000008        0x4 ./Drivers/STM32H7xx_HAL_Driver/Src/stm32h7xx_hal.o
                0x0000000024000008                uwTickPrio
 .data.uwTickFreq
                0x000000002400000c        0x1 ./Drivers/STM32H7xx_HAL_Driver/Src/stm32h7xx_hal.o
                0x000000002400000c                uwTickFreq
 *(.RamFunc)
 *(.RamFunc*)
                0x0000000024000010                . = ALIGN (0x4)
 *fill*         0x000000002400000d        0x3 
                0x0000000024000010                _edata = .

.igot.plt       0x0000000024000010        0x0 load address 0x000000000800c6d4
 .igot.plt      0x0000000024000010        0x0 C:/ST/STM32CubeIDE_1.13.2/STM32CubeIDE/plugins/com.st.stm32cube.ide.mcu.externaltools.gnu-tools-for-stm32.11.3.rel1.win32_1.1.1.202309131626/tools/bin/../lib/gcc/arm-none-eabi/11.3.1/thumb/v7e-m+dp/hard/crtbegin.o
                0x0000000024000010                . = ALIGN (0x4)

.bss            0x0000000024000010      0xbd0 load address 0x000000000800c6d4
                0x0000000024000010                _sbss = .
                0x0000000024000010                __bss_start__ = _sbss
 *(.bss)
 .bss           0x0000000024000010       0x1c C:/ST/STM32CubeIDE_1.13.2/STM32CubeIDE/plugins/com.st.stm32cube.ide.mcu.externaltools.gnu-tools-for-stm32.11.3.rel1.win32_1.1.1.202309131626/tools/bin/../lib/gcc/arm-none-eabi/11.3.1/thumb/v7e-m+dp/hard/crtbegin.o
 *(.bss*)
 .bss.hadc1     0x000000002400002c       0x64 ./Core/Src/main.o
                0x000000002400002c                hadc1
 .bss.hi2c1     0x0000000024000090       0x54 ./Core/Src/main.o
                0x0000000024000090                hi2c1
 .bss.hlpuart1  0x00000000240000e4       0x94 ./Core/Src/main.o
                0x00000000240000e4                hlpuart1
 .bss.huart4    0x0000000024000178       0x94 ./Core/Src/main.o
                0x0000000024000178                huart4
 .bss.huart5    0x000000002400020c       0x94 ./Core/Src/main.o
                0x000000002400020c                huart5
 .bss.huart7    0x00000000240002a0       0x94 ./Core/Src/main.o
                0x00000000240002a0                huart7
 .bss.huart3    0x0000000024000334       0x94 ./Core/Src/main.o
                0x0000000024000334                huart3
 .bss.hqspi     0x00000000240003c8       0x4c ./Core/Src/main.o
                0x00000000240003c8                hqspi
 .bss.hsd1      0x0000000024000414       0x7c ./Core/Src/main.o
                0x0000000024000414                hsd1
 .bss.hspi1     0x0000000024000490       0x88 ./Core/Src/main.o
                0x0000000024000490                hspi1
 .bss.hspi4     0x0000000024000518       0x88 ./Core/Src/main.o
                0x0000000024000518                hspi4
 .bss.htim2     0x00000000240005a0       0x4c ./Core/Src/main.o
                0x00000000240005a0                htim2
 .bss.htim3     0x00000000240005ec       0x4c ./Core/Src/main.o
                0x00000000240005ec                htim3
 .bss.htim5     0x0000000024000638       0x4c ./Core/Src/main.o
                0x0000000024000638                htim5
 .bss.htim15    0x0000000024000684       0x4c ./Core/Src/main.o
                0x0000000024000684                htim15
 .bss.hpcd_USB_OTG_FS
                0x00000000240006d0      0x50c ./Core/Src/main.o
                0x00000000240006d0                hpcd_USB_OTG_FS
 .bss.uwTick    0x0000000024000bdc        0x4 ./Drivers/STM32H7xx_HAL_Driver/Src/stm32h7xx_hal.o
                0x0000000024000bdc                uwTick
 *(COMMON)
                0x0000000024000be0                . = ALIGN (0x4)
                0x0000000024000be0                _ebss = .
                0x0000000024000be0                __bss_end__ = _ebss

._user_heap_stack
                0x0000000024000be0      0x600 load address 0x000000000800c6d4
                0x0000000024000be0                . = ALIGN (0x8)
                [!provide]                        PROVIDE (end = .)
                0x0000000024000be0                PROVIDE (_end = .)
                0x0000000024000de0                . = (. + _Min_Heap_Size)
 *fill*         0x0000000024000be0      0x200 
                0x00000000240011e0                . = (. + _Min_Stack_Size)
 *fill*         0x0000000024000de0      0x400 
                0x00000000240011e0                . = ALIGN (0x8)

/DISCARD/
 libc.a(*)
 libm.a(*)
 libgcc.a(*)

.ARM.attributes
                0x0000000000000000       0x2e
 *(.ARM.attributes)
 .ARM.attributes
                0x0000000000000000       0x1e C:/ST/STM32CubeIDE_1.13.2/STM32CubeIDE/plugins/com.st.stm32cube.ide.mcu.externaltools.gnu-tools-for-stm32.11.3.rel1.win32_1.1.1.202309131626/tools/bin/../lib/gcc/arm-none-eabi/11.3.1/thumb/v7e-m+dp/hard/crti.o
 .ARM.attributes
                0x000000000000001e       0x32 C:/ST/STM32CubeIDE_1.13.2/STM32CubeIDE/plugins/com.st.stm32cube.ide.mcu.externaltools.gnu-tools-for-stm32.11.3.rel1.win32_1.1.1.202309131626/tools/bin/../lib/gcc/arm-none-eabi/11.3.1/thumb/v7e-m+dp/hard/crtbegin.o
 .ARM.attributes
                0x0000000000000050       0x32 ./Core/Src/main.o
 .ARM.attributes
                0x0000000000000082       0x32 ./Core/Src/stm32h7xx_hal_msp.o
 .ARM.attributes
                0x00000000000000b4       0x32 ./Core/Src/stm32h7xx_it.o
 .ARM.attributes
                0x00000000000000e6       0x32 ./Core/Src/system_stm32h7xx.o
 .ARM.attributes
                0x0000000000000118       0x21 ./Core/Startup/startup_stm32h743vitx.o
 .ARM.attributes
                0x0000000000000139       0x32 ./Drivers/STM32H7xx_HAL_Driver/Src/stm32h7xx_hal.o
 .ARM.attributes
                0x000000000000016b       0x32 ./Drivers/STM32H7xx_HAL_Driver/Src/stm32h7xx_hal_adc.o
 .ARM.attributes
                0x000000000000019d       0x32 ./Drivers/STM32H7xx_HAL_Driver/Src/stm32h7xx_hal_adc_ex.o
 .ARM.attributes
                0x00000000000001cf       0x32 ./Drivers/STM32H7xx_HAL_Driver/Src/stm32h7xx_hal_cortex.o
 .ARM.attributes
                0x0000000000000201       0x32 ./Drivers/STM32H7xx_HAL_Driver/Src/stm32h7xx_hal_gpio.o
 .ARM.attributes
                0x0000000000000233       0x32 ./Drivers/STM32H7xx_HAL_Driver/Src/stm32h7xx_hal_i2c.o
 .ARM.attributes
                0x0000000000000265       0x32 ./Drivers/STM32H7xx_HAL_Driver/Src/stm32h7xx_hal_i2c_ex.o
 .ARM.attributes
                0x0000000000000297       0x32 ./Drivers/STM32H7xx_HAL_Driver/Src/stm32h7xx_hal_pcd.o
 .ARM.attributes
                0x00000000000002c9       0x32 ./Drivers/STM32H7xx_HAL_Driver/Src/stm32h7xx_hal_pcd_ex.o
 .ARM.attributes
                0x00000000000002fb       0x32 ./Drivers/STM32H7xx_HAL_Driver/Src/stm32h7xx_hal_pwr_ex.o
 .ARM.attributes
                0x000000000000032d       0x32 ./Drivers/STM32H7xx_HAL_Driver/Src/stm32h7xx_hal_qspi.o
 .ARM.attributes
                0x000000000000035f       0x32 ./Drivers/STM32H7xx_HAL_Driver/Src/stm32h7xx_hal_rcc.o
 .ARM.attributes
                0x0000000000000391       0x32 ./Drivers/STM32H7xx_HAL_Driver/Src/stm32h7xx_hal_rcc_ex.o
 .ARM.attributes
                0x00000000000003c3       0x32 ./Drivers/STM32H7xx_HAL_Driver/Src/stm32h7xx_hal_sd.o
 .ARM.attributes
                0x00000000000003f5       0x32 ./Drivers/STM32H7xx_HAL_Driver/Src/stm32h7xx_hal_spi.o
 .ARM.attributes
                0x0000000000000427       0x32 ./Drivers/STM32H7xx_HAL_Driver/Src/stm32h7xx_hal_tim.o
 .ARM.attributes
                0x0000000000000459       0x32 ./Drivers/STM32H7xx_HAL_Driver/Src/stm32h7xx_hal_tim_ex.o
 .ARM.attributes
                0x000000000000048b       0x32 ./Drivers/STM32H7xx_HAL_Driver/Src/stm32h7xx_hal_uart.o
 .ARM.attributes
                0x00000000000004bd       0x32 ./Drivers/STM32H7xx_HAL_Driver/Src/stm32h7xx_hal_uart_ex.o
 .ARM.attributes
                0x00000000000004ef       0x32 ./Drivers/STM32H7xx_HAL_Driver/Src/stm32h7xx_ll_sdmmc.o
 .ARM.attributes
                0x0000000000000521       0x32 ./Drivers/STM32H7xx_HAL_Driver/Src/stm32h7xx_ll_usb.o
 .ARM.attributes
                0x0000000000000553       0x32 C:/ST/STM32CubeIDE_1.13.2/STM32CubeIDE/plugins/com.st.stm32cube.ide.mcu.externaltools.gnu-tools-for-stm32.11.3.rel1.win32_1.1.1.202309131626/tools/bin/../lib/gcc/arm-none-eabi/11.3.1/../../../../arm-none-eabi/lib/thumb/v7e-m+dp/hard\libc_nano.a(libc_a-memset.o)
 .ARM.attributes
                0x0000000000000585       0x32 C:/ST/STM32CubeIDE_1.13.2/STM32CubeIDE/plugins/com.st.stm32cube.ide.mcu.externaltools.gnu-tools-for-stm32.11.3.rel1.win32_1.1.1.202309131626/tools/bin/../lib/gcc/arm-none-eabi/11.3.1/../../../../arm-none-eabi/lib/thumb/v7e-m+dp/hard\libc_nano.a(libc_a-init.o)
 .ARM.attributes
                0x00000000000005b7       0x1e C:/ST/STM32CubeIDE_1.13.2/STM32CubeIDE/plugins/com.st.stm32cube.ide.mcu.externaltools.gnu-tools-for-stm32.11.3.rel1.win32_1.1.1.202309131626/tools/bin/../lib/gcc/arm-none-eabi/11.3.1/thumb/v7e-m+dp/hard\libgcc.a(_aeabi_uldivmod.o)
 .ARM.attributes
                0x00000000000005d5       0x32 C:/ST/STM32CubeIDE_1.13.2/STM32CubeIDE/plugins/com.st.stm32cube.ide.mcu.externaltools.gnu-tools-for-stm32.11.3.rel1.win32_1.1.1.202309131626/tools/bin/../lib/gcc/arm-none-eabi/11.3.1/thumb/v7e-m+dp/hard\libgcc.a(_udivmoddi4.o)
 .ARM.attributes
                0x0000000000000607       0x1e C:/ST/STM32CubeIDE_1.13.2/STM32CubeIDE/plugins/com.st.stm32cube.ide.mcu.externaltools.gnu-tools-for-stm32.11.3.rel1.win32_1.1.1.202309131626/tools/bin/../lib/gcc/arm-none-eabi/11.3.1/thumb/v7e-m+dp/hard\libgcc.a(_dvmd_tls.o)
 .ARM.attributes
                0x0000000000000625       0x1e C:/ST/STM32CubeIDE_1.13.2/STM32CubeIDE/plugins/com.st.stm32cube.ide.mcu.externaltools.gnu-tools-for-stm32.11.3.rel1.win32_1.1.1.202309131626/tools/bin/../lib/gcc/arm-none-eabi/11.3.1/thumb/v7e-m+dp/hard/crtn.o
OUTPUT(racecar_h743vb.elf elf32-littlearm)
LOAD linker stubs
LOAD C:/ST/STM32CubeIDE_1.13.2/STM32CubeIDE/plugins/com.st.stm32cube.ide.mcu.externaltools.gnu-tools-for-stm32.11.3.rel1.win32_1.1.1.202309131626/tools/bin/../lib/gcc/arm-none-eabi/11.3.1/../../../../arm-none-eabi/lib/thumb/v7e-m+dp/hard\libc.a
LOAD C:/ST/STM32CubeIDE_1.13.2/STM32CubeIDE/plugins/com.st.stm32cube.ide.mcu.externaltools.gnu-tools-for-stm32.11.3.rel1.win32_1.1.1.202309131626/tools/bin/../lib/gcc/arm-none-eabi/11.3.1/../../../../arm-none-eabi/lib/thumb/v7e-m+dp/hard\libm.a
LOAD C:/ST/STM32CubeIDE_1.13.2/STM32CubeIDE/plugins/com.st.stm32cube.ide.mcu.externaltools.gnu-tools-for-stm32.11.3.rel1.win32_1.1.1.202309131626/tools/bin/../lib/gcc/arm-none-eabi/11.3.1/thumb/v7e-m+dp/hard\libgcc.a

.comment        0x0000000000000000       0x43
 .comment       0x0000000000000000       0x43 C:/ST/STM32CubeIDE_1.13.2/STM32CubeIDE/plugins/com.st.stm32cube.ide.mcu.externaltools.gnu-tools-for-stm32.11.3.rel1.win32_1.1.1.202309131626/tools/bin/../lib/gcc/arm-none-eabi/11.3.1/thumb/v7e-m+dp/hard/crtbegin.o
                                         0x44 (size before relaxing)
 .comment       0x0000000000000043       0x44 ./Core/Src/main.o
 .comment       0x0000000000000043       0x44 ./Core/Src/stm32h7xx_hal_msp.o
 .comment       0x0000000000000043       0x44 ./Core/Src/stm32h7xx_it.o
 .comment       0x0000000000000043       0x44 ./Core/Src/system_stm32h7xx.o
 .comment       0x0000000000000043       0x44 ./Drivers/STM32H7xx_HAL_Driver/Src/stm32h7xx_hal.o
 .comment       0x0000000000000043       0x44 ./Drivers/STM32H7xx_HAL_Driver/Src/stm32h7xx_hal_adc.o
 .comment       0x0000000000000043       0x44 ./Drivers/STM32H7xx_HAL_Driver/Src/stm32h7xx_hal_adc_ex.o
 .comment       0x0000000000000043       0x44 ./Drivers/STM32H7xx_HAL_Driver/Src/stm32h7xx_hal_cortex.o
 .comment       0x0000000000000043       0x44 ./Drivers/STM32H7xx_HAL_Driver/Src/stm32h7xx_hal_gpio.o
 .comment       0x0000000000000043       0x44 ./Drivers/STM32H7xx_HAL_Driver/Src/stm32h7xx_hal_i2c.o
 .comment       0x0000000000000043       0x44 ./Drivers/STM32H7xx_HAL_Driver/Src/stm32h7xx_hal_i2c_ex.o
 .comment       0x0000000000000043       0x44 ./Drivers/STM32H7xx_HAL_Driver/Src/stm32h7xx_hal_pcd.o
 .comment       0x0000000000000043       0x44 ./Drivers/STM32H7xx_HAL_Driver/Src/stm32h7xx_hal_pcd_ex.o
 .comment       0x0000000000000043       0x44 ./Drivers/STM32H7xx_HAL_Driver/Src/stm32h7xx_hal_pwr_ex.o
 .comment       0x0000000000000043       0x44 ./Drivers/STM32H7xx_HAL_Driver/Src/stm32h7xx_hal_qspi.o
 .comment       0x0000000000000043       0x44 ./Drivers/STM32H7xx_HAL_Driver/Src/stm32h7xx_hal_rcc.o
 .comment       0x0000000000000043       0x44 ./Drivers/STM32H7xx_HAL_Driver/Src/stm32h7xx_hal_rcc_ex.o
 .comment       0x0000000000000043       0x44 ./Drivers/STM32H7xx_HAL_Driver/Src/stm32h7xx_hal_sd.o
 .comment       0x0000000000000043       0x44 ./Drivers/STM32H7xx_HAL_Driver/Src/stm32h7xx_hal_spi.o
 .comment       0x0000000000000043       0x44 ./Drivers/STM32H7xx_HAL_Driver/Src/stm32h7xx_hal_tim.o
 .comment       0x0000000000000043       0x44 ./Drivers/STM32H7xx_HAL_Driver/Src/stm32h7xx_hal_tim_ex.o
 .comment       0x0000000000000043       0x44 ./Drivers/STM32H7xx_HAL_Driver/Src/stm32h7xx_hal_uart.o
 .comment       0x0000000000000043       0x44 ./Drivers/STM32H7xx_HAL_Driver/Src/stm32h7xx_hal_uart_ex.o
 .comment       0x0000000000000043       0x44 ./Drivers/STM32H7xx_HAL_Driver/Src/stm32h7xx_ll_sdmmc.o
 .comment       0x0000000000000043       0x44 ./Drivers/STM32H7xx_HAL_Driver/Src/stm32h7xx_ll_usb.o

.debug_info     0x0000000000000000    0x27853
 .debug_info    0x0000000000000000     0x3b44 ./Core/Src/main.o
 .debug_info    0x0000000000003b44     0x34a1 ./Core/Src/stm32h7xx_hal_msp.o
 .debug_info    0x0000000000006fe5      0x128 ./Core/Src/stm32h7xx_it.o
 .debug_info    0x000000000000710d      0xcef ./Core/Src/system_stm32h7xx.o
 .debug_info    0x0000000000007dfc       0x23 ./Core/Startup/startup_stm32h743vitx.o
 .debug_info    0x0000000000007e1f     0x153b ./Drivers/STM32H7xx_HAL_Driver/Src/stm32h7xx_hal.o
 .debug_info    0x000000000000935a     0x1ed3 ./Drivers/STM32H7xx_HAL_Driver/Src/stm32h7xx_hal_adc.o
 .debug_info    0x000000000000b22d     0x1fee ./Drivers/STM32H7xx_HAL_Driver/Src/stm32h7xx_hal_adc_ex.o
 .debug_info    0x000000000000d21b     0x1060 ./Drivers/STM32H7xx_HAL_Driver/Src/stm32h7xx_hal_cortex.o
 .debug_info    0x000000000000e27b      0xc4b ./Drivers/STM32H7xx_HAL_Driver/Src/stm32h7xx_hal_gpio.o
 .debug_info    0x000000000000eec6     0x222b ./Drivers/STM32H7xx_HAL_Driver/Src/stm32h7xx_hal_i2c.o
 .debug_info    0x00000000000110f1      0xd90 ./Drivers/STM32H7xx_HAL_Driver/Src/stm32h7xx_hal_i2c_ex.o
 .debug_info    0x0000000000011e81     0x1548 ./Drivers/STM32H7xx_HAL_Driver/Src/stm32h7xx_hal_pcd.o
 .debug_info    0x00000000000133c9      0x8b3 ./Drivers/STM32H7xx_HAL_Driver/Src/stm32h7xx_hal_pcd_ex.o
 .debug_info    0x0000000000013c7c     0x1008 ./Drivers/STM32H7xx_HAL_Driver/Src/stm32h7xx_hal_pwr_ex.o
 .debug_info    0x0000000000014c84     0x12ae ./Drivers/STM32H7xx_HAL_Driver/Src/stm32h7xx_hal_qspi.o
 .debug_info    0x0000000000015f32      0xe5b ./Drivers/STM32H7xx_HAL_Driver/Src/stm32h7xx_hal_rcc.o
 .debug_info    0x0000000000016d8d     0x1216 ./Drivers/STM32H7xx_HAL_Driver/Src/stm32h7xx_hal_rcc_ex.o
 .debug_info    0x0000000000017fa3     0x1a7a ./Drivers/STM32H7xx_HAL_Driver/Src/stm32h7xx_hal_sd.o
 .debug_info    0x0000000000019a1d     0x147c ./Drivers/STM32H7xx_HAL_Driver/Src/stm32h7xx_hal_spi.o
 .debug_info    0x000000000001ae99     0x2b8b ./Drivers/STM32H7xx_HAL_Driver/Src/stm32h7xx_hal_tim.o
 .debug_info    0x000000000001da24     0x17eb ./Drivers/STM32H7xx_HAL_Driver/Src/stm32h7xx_hal_tim_ex.o
 .debug_info    0x000000000001f20f     0x4b13 ./Drivers/STM32H7xx_HAL_Driver/Src/stm32h7xx_hal_uart.o
 .debug_info    0x0000000000023d22      0xfb5 ./Drivers/STM32H7xx_HAL_Driver/Src/stm32h7xx_hal_uart_ex.o
 .debug_info    0x0000000000024cd7     0x11d3 ./Drivers/STM32H7xx_HAL_Driver/Src/stm32h7xx_ll_sdmmc.o
 .debug_info    0x0000000000025eaa     0x19a9 ./Drivers/STM32H7xx_HAL_Driver/Src/stm32h7xx_ll_usb.o

.debug_abbrev   0x0000000000000000     0x3de0
 .debug_abbrev  0x0000000000000000      0x310 ./Core/Src/main.o
 .debug_abbrev  0x0000000000000310      0x2cc ./Core/Src/stm32h7xx_hal_msp.o
 .debug_abbrev  0x00000000000005dc       0x73 ./Core/Src/stm32h7xx_it.o
 .debug_abbrev  0x000000000000064f      0x14c ./Core/Src/system_stm32h7xx.o
 .debug_abbrev  0x000000000000079b       0x12 ./Core/Startup/startup_stm32h743vitx.o
 .debug_abbrev  0x00000000000007ad      0x295 ./Drivers/STM32H7xx_HAL_Driver/Src/stm32h7xx_hal.o
 .debug_abbrev  0x0000000000000a42      0x2d3 ./Drivers/STM32H7xx_HAL_Driver/Src/stm32h7xx_hal_adc.o
 .debug_abbrev  0x0000000000000d15      0x31b ./Drivers/STM32H7xx_HAL_Driver/Src/stm32h7xx_hal_adc_ex.o
 .debug_abbrev  0x0000000000001030      0x339 ./Drivers/STM32H7xx_HAL_Driver/Src/stm32h7xx_hal_cortex.o
 .debug_abbrev  0x0000000000001369      0x1fe ./Drivers/STM32H7xx_HAL_Driver/Src/stm32h7xx_hal_gpio.o
 .debug_abbrev  0x0000000000001567      0x256 ./Drivers/STM32H7xx_HAL_Driver/Src/stm32h7xx_hal_i2c.o
 .debug_abbrev  0x00000000000017bd      0x1f5 ./Drivers/STM32H7xx_HAL_Driver/Src/stm32h7xx_hal_i2c_ex.o
 .debug_abbrev  0x00000000000019b2      0x2e6 ./Drivers/STM32H7xx_HAL_Driver/Src/stm32h7xx_hal_pcd.o
 .debug_abbrev  0x0000000000001c98      0x256 ./Drivers/STM32H7xx_HAL_Driver/Src/stm32h7xx_hal_pcd_ex.o
 .debug_abbrev  0x0000000000001eee      0x2a7 ./Drivers/STM32H7xx_HAL_Driver/Src/stm32h7xx_hal_pwr_ex.o
 .debug_abbrev  0x0000000000002195      0x246 ./Drivers/STM32H7xx_HAL_Driver/Src/stm32h7xx_hal_qspi.o
 .debug_abbrev  0x00000000000023db      0x2c8 ./Drivers/STM32H7xx_HAL_Driver/Src/stm32h7xx_hal_rcc.o
 .debug_abbrev  0x00000000000026a3      0x269 ./Drivers/STM32H7xx_HAL_Driver/Src/stm32h7xx_hal_rcc_ex.o
 .debug_abbrev  0x000000000000290c      0x26b ./Drivers/STM32H7xx_HAL_Driver/Src/stm32h7xx_hal_sd.o
 .debug_abbrev  0x0000000000002b77      0x2b1 ./Drivers/STM32H7xx_HAL_Driver/Src/stm32h7xx_hal_spi.o
 .debug_abbrev  0x0000000000002e28      0x276 ./Drivers/STM32H7xx_HAL_Driver/Src/stm32h7xx_hal_tim.o
 .debug_abbrev  0x000000000000309e      0x281 ./Drivers/STM32H7xx_HAL_Driver/Src/stm32h7xx_hal_tim_ex.o
 .debug_abbrev  0x000000000000331f      0x33d ./Drivers/STM32H7xx_HAL_Driver/Src/stm32h7xx_hal_uart.o
 .debug_abbrev  0x000000000000365c      0x2d2 ./Drivers/STM32H7xx_HAL_Driver/Src/stm32h7xx_hal_uart_ex.o
 .debug_abbrev  0x000000000000392e      0x206 ./Drivers/STM32H7xx_HAL_Driver/Src/stm32h7xx_ll_sdmmc.o
 .debug_abbrev  0x0000000000003b34      0x2ac ./Drivers/STM32H7xx_HAL_Driver/Src/stm32h7xx_ll_usb.o

.debug_aranges  0x0000000000000000     0x2098
 .debug_aranges
                0x0000000000000000       0xc8 ./Core/Src/main.o
 .debug_aranges
                0x00000000000000c8       0xb8 ./Core/Src/stm32h7xx_hal_msp.o
 .debug_aranges
                0x0000000000000180       0x60 ./Core/Src/stm32h7xx_it.o
 .debug_aranges
                0x00000000000001e0       0x28 ./Core/Src/system_stm32h7xx.o
 .debug_aranges
                0x0000000000000208       0x28 ./Core/Startup/startup_stm32h743vitx.o
 .debug_aranges
                0x0000000000000230      0x198 ./Drivers/STM32H7xx_HAL_Driver/Src/stm32h7xx_hal.o
 .debug_aranges
                0x00000000000003c8      0x228 ./Drivers/STM32H7xx_HAL_Driver/Src/stm32h7xx_hal_adc.o
 .debug_aranges
                0x00000000000005f0      0x1d8 ./Drivers/STM32H7xx_HAL_Driver/Src/stm32h7xx_hal_adc_ex.o
 .debug_aranges
                0x00000000000007c8      0x120 ./Drivers/STM32H7xx_HAL_Driver/Src/stm32h7xx_hal_cortex.o
 .debug_aranges
                0x00000000000008e8       0x58 ./Drivers/STM32H7xx_HAL_Driver/Src/stm32h7xx_hal_gpio.o
 .debug_aranges
                0x0000000000000940      0x2a0 ./Drivers/STM32H7xx_HAL_Driver/Src/stm32h7xx_hal_i2c.o
 .debug_aranges
                0x0000000000000be0       0x48 ./Drivers/STM32H7xx_HAL_Driver/Src/stm32h7xx_hal_i2c_ex.o
 .debug_aranges
                0x0000000000000c28      0x140 ./Drivers/STM32H7xx_HAL_Driver/Src/stm32h7xx_hal_pcd.o
 .debug_aranges
                0x0000000000000d68       0x60 ./Drivers/STM32H7xx_HAL_Driver/Src/stm32h7xx_hal_pcd_ex.o
 .debug_aranges
                0x0000000000000dc8      0x158 ./Drivers/STM32H7xx_HAL_Driver/Src/stm32h7xx_hal_pwr_ex.o
 .debug_aranges
                0x0000000000000f20      0x148 ./Drivers/STM32H7xx_HAL_Driver/Src/stm32h7xx_hal_qspi.o
 .debug_aranges
                0x0000000000001068       0x88 ./Drivers/STM32H7xx_HAL_Driver/Src/stm32h7xx_hal_rcc.o
 .debug_aranges
                0x00000000000010f0       0xf8 ./Drivers/STM32H7xx_HAL_Driver/Src/stm32h7xx_hal_rcc_ex.o
 .debug_aranges
                0x00000000000011e8      0x170 ./Drivers/STM32H7xx_HAL_Driver/Src/stm32h7xx_hal_sd.o
 .debug_aranges
                0x0000000000001358      0x1a8 ./Drivers/STM32H7xx_HAL_Driver/Src/stm32h7xx_hal_spi.o
 .debug_aranges
                0x0000000000001500      0x3e0 ./Drivers/STM32H7xx_HAL_Driver/Src/stm32h7xx_hal_tim.o
 .debug_aranges
                0x00000000000018e0      0x188 ./Drivers/STM32H7xx_HAL_Driver/Src/stm32h7xx_hal_tim_ex.o
 .debug_aranges
                0x0000000000001a68      0x248 ./Drivers/STM32H7xx_HAL_Driver/Src/stm32h7xx_hal_uart.o
 .debug_aranges
                0x0000000000001cb0       0xa8 ./Drivers/STM32H7xx_HAL_Driver/Src/stm32h7xx_hal_uart_ex.o
 .debug_aranges
                0x0000000000001d58      0x1a0 ./Drivers/STM32H7xx_HAL_Driver/Src/stm32h7xx_ll_sdmmc.o
 .debug_aranges
                0x0000000000001ef8      0x1a0 ./Drivers/STM32H7xx_HAL_Driver/Src/stm32h7xx_ll_usb.o

.debug_rnglists
                0x0000000000000000     0x1994
 .debug_rnglists
                0x0000000000000000       0xa0 ./Core/Src/main.o
 .debug_rnglists
                0x00000000000000a0       0x8f ./Core/Src/stm32h7xx_hal_msp.o
 .debug_rnglists
                0x000000000000012f       0x43 ./Core/Src/stm32h7xx_it.o
 .debug_rnglists
                0x0000000000000172       0x1b ./Core/Src/system_stm32h7xx.o
 .debug_rnglists
                0x000000000000018d       0x19 ./Core/Startup/startup_stm32h743vitx.o
 .debug_rnglists
                0x00000000000001a6      0x131 ./Drivers/STM32H7xx_HAL_Driver/Src/stm32h7xx_hal.o
 .debug_rnglists
                0x00000000000002d7      0x1a9 ./Drivers/STM32H7xx_HAL_Driver/Src/stm32h7xx_hal_adc.o
 .debug_rnglists
                0x0000000000000480      0x16f ./Drivers/STM32H7xx_HAL_Driver/Src/stm32h7xx_hal_adc_ex.o
 .debug_rnglists
                0x00000000000005ef       0xd4 ./Drivers/STM32H7xx_HAL_Driver/Src/stm32h7xx_hal_cortex.o
 .debug_rnglists
                0x00000000000006c3       0x3f ./Drivers/STM32H7xx_HAL_Driver/Src/stm32h7xx_hal_gpio.o
 .debug_rnglists
                0x0000000000000702      0x22a ./Drivers/STM32H7xx_HAL_Driver/Src/stm32h7xx_hal_i2c.o
 .debug_rnglists
                0x000000000000092c       0x35 ./Drivers/STM32H7xx_HAL_Driver/Src/stm32h7xx_hal_i2c_ex.o
 .debug_rnglists
                0x0000000000000961       0xf4 ./Drivers/STM32H7xx_HAL_Driver/Src/stm32h7xx_hal_pcd.o
 .debug_rnglists
                0x0000000000000a55       0x45 ./Drivers/STM32H7xx_HAL_Driver/Src/stm32h7xx_hal_pcd_ex.o
 .debug_rnglists
                0x0000000000000a9a      0x102 ./Drivers/STM32H7xx_HAL_Driver/Src/stm32h7xx_hal_pwr_ex.o
 .debug_rnglists
                0x0000000000000b9c      0x101 ./Drivers/STM32H7xx_HAL_Driver/Src/stm32h7xx_hal_qspi.o
 .debug_rnglists
                0x0000000000000c9d       0x68 ./Drivers/STM32H7xx_HAL_Driver/Src/stm32h7xx_hal_rcc.o
 .debug_rnglists
                0x0000000000000d05       0xc0 ./Drivers/STM32H7xx_HAL_Driver/Src/stm32h7xx_hal_rcc_ex.o
 .debug_rnglists
                0x0000000000000dc5      0x128 ./Drivers/STM32H7xx_HAL_Driver/Src/stm32h7xx_hal_sd.o
 .debug_rnglists
                0x0000000000000eed      0x148 ./Drivers/STM32H7xx_HAL_Driver/Src/stm32h7xx_hal_spi.o
 .debug_rnglists
                0x0000000000001035      0x328 ./Drivers/STM32H7xx_HAL_Driver/Src/stm32h7xx_hal_tim.o
 .debug_rnglists
                0x000000000000135d      0x13f ./Drivers/STM32H7xx_HAL_Driver/Src/stm32h7xx_hal_tim_ex.o
 .debug_rnglists
                0x000000000000149c      0x1fa ./Drivers/STM32H7xx_HAL_Driver/Src/stm32h7xx_hal_uart.o
 .debug_rnglists
                0x0000000000001696       0x7f ./Drivers/STM32H7xx_HAL_Driver/Src/stm32h7xx_hal_uart_ex.o
 .debug_rnglists
                0x0000000000001715      0x138 ./Drivers/STM32H7xx_HAL_Driver/Src/stm32h7xx_ll_sdmmc.o
 .debug_rnglists
                0x000000000000184d      0x147 ./Drivers/STM32H7xx_HAL_Driver/Src/stm32h7xx_ll_usb.o

.debug_macro    0x0000000000000000    0x3c755
 .debug_macro   0x0000000000000000      0x34e ./Core/Src/main.o
 .debug_macro   0x000000000000034e      0xac0 ./Core/Src/main.o
 .debug_macro   0x0000000000000e0e      0x256 ./Core/Src/main.o
 .debug_macro   0x0000000000001064       0x2e ./Core/Src/main.o
 .debug_macro   0x0000000000001092       0x3b ./Core/Src/main.o
 .debug_macro   0x00000000000010cd       0x22 ./Core/Src/main.o
 .debug_macro   0x00000000000010ef       0x8e ./Core/Src/main.o
 .debug_macro   0x000000000000117d       0x51 ./Core/Src/main.o
 .debug_macro   0x00000000000011ce      0x103 ./Core/Src/main.o
 .debug_macro   0x00000000000012d1       0x6a ./Core/Src/main.o
 .debug_macro   0x000000000000133b      0x1df ./Core/Src/main.o
 .debug_macro   0x000000000000151a       0x1c ./Core/Src/main.o
 .debug_macro   0x0000000000001536       0x22 ./Core/Src/main.o
 .debug_macro   0x0000000000001558       0xfb ./Core/Src/main.o
 .debug_macro   0x0000000000001653     0x1305 ./Core/Src/main.o
 .debug_macro   0x0000000000002958      0x11f ./Core/Src/main.o
 .debug_macro   0x0000000000002a77       0x27 ./Core/Src/main.o
 .debug_macro   0x0000000000002a9e    0x25882 ./Core/Src/main.o
 .debug_macro   0x0000000000028320       0x6d ./Core/Src/main.o
 .debug_macro   0x000000000002838d     0x3d5d ./Core/Src/main.o
 .debug_macro   0x000000000002c0ea      0x174 ./Core/Src/main.o
 .debug_macro   0x000000000002c25e       0x61 ./Core/Src/main.o
 .debug_macro   0x000000000002c2bf       0x29 ./Core/Src/main.o
 .debug_macro   0x000000000002c2e8       0x43 ./Core/Src/main.o
 .debug_macro   0x000000000002c32b       0x34 ./Core/Src/main.o
 .debug_macro   0x000000000002c35f       0x16 ./Core/Src/main.o
 .debug_macro   0x000000000002c375       0x43 ./Core/Src/main.o
 .debug_macro   0x000000000002c3b8       0x34 ./Core/Src/main.o
 .debug_macro   0x000000000002c3ec       0x10 ./Core/Src/main.o
 .debug_macro   0x000000000002c3fc       0x58 ./Core/Src/main.o
 .debug_macro   0x000000000002c454       0x8e ./Core/Src/main.o
 .debug_macro   0x000000000002c4e2       0x1c ./Core/Src/main.o
 .debug_macro   0x000000000002c4fe      0x177 ./Core/Src/main.o
 .debug_macro   0x000000000002c675      0x369 ./Core/Src/main.o
 .debug_macro   0x000000000002c9de      0x19b ./Core/Src/main.o
 .debug_macro   0x000000000002cb79       0x5d ./Core/Src/main.o
 .debug_macro   0x000000000002cbd6     0x2382 ./Core/Src/main.o
 .debug_macro   0x000000000002ef58     0x102c ./Core/Src/main.o
 .debug_macro   0x000000000002ff84      0x154 ./Core/Src/main.o
 .debug_macro   0x00000000000300d8      0x114 ./Core/Src/main.o
 .debug_macro   0x00000000000301ec      0x3b2 ./Core/Src/main.o
 .debug_macro   0x000000000003059e       0xac ./Core/Src/main.o
 .debug_macro   0x000000000003064a      0x72d ./Core/Src/main.o
 .debug_macro   0x0000000000030d77      0x228 ./Core/Src/main.o
 .debug_macro   0x0000000000030f9f       0x66 ./Core/Src/main.o
 .debug_macro   0x0000000000031005      0x3bb ./Core/Src/main.o
 .debug_macro   0x00000000000313c0      0x3e4 ./Core/Src/main.o
 .debug_macro   0x00000000000317a4      0x275 ./Core/Src/main.o
 .debug_macro   0x0000000000031a19     0x1044 ./Core/Src/main.o
 .debug_macro   0x0000000000032a5d      0x6cc ./Core/Src/main.o
 .debug_macro   0x0000000000033129      0x36e ./Core/Src/main.o
 .debug_macro   0x0000000000033497      0x3ca ./Core/Src/main.o
 .debug_macro   0x0000000000033861      0x408 ./Core/Src/main.o
 .debug_macro   0x0000000000033c69       0x51 ./Core/Src/main.o
 .debug_macro   0x0000000000033cba       0x4a ./Core/Src/main.o
 .debug_macro   0x0000000000033d04      0x22c ./Core/Src/main.o
 .debug_macro   0x0000000000033f30       0x67 ./Core/Src/main.o
 .debug_macro   0x0000000000033f97       0xa5 ./Core/Src/main.o
 .debug_macro   0x000000000003403c      0x1c4 ./Core/Src/main.o
 .debug_macro   0x0000000000034200      0x25e ./Core/Src/main.o
 .debug_macro   0x000000000003445e       0x35 ./Core/Src/main.o
 .debug_macro   0x0000000000034493      0x2d4 ./Core/Src/main.o
 .debug_macro   0x0000000000034767      0x830 ./Core/Src/main.o
 .debug_macro   0x0000000000034f97       0x16 ./Core/Src/main.o
 .debug_macro   0x0000000000034fad      0x1ce ./Core/Src/main.o
 .debug_macro   0x000000000003517b      0x5e4 ./Core/Src/main.o
 .debug_macro   0x000000000003575f       0xba ./Core/Src/main.o
 .debug_macro   0x0000000000035819      0xaf3 ./Core/Src/main.o
 .debug_macro   0x000000000003630c      0x29f ./Core/Src/main.o
 .debug_macro   0x00000000000365ab      0x693 ./Core/Src/main.o
 .debug_macro   0x0000000000036c3e       0xa6 ./Core/Src/main.o
 .debug_macro   0x0000000000036ce4      0x264 ./Core/Src/main.o
 .debug_macro   0x0000000000036f48       0x90 ./Core/Src/main.o
 .debug_macro   0x0000000000036fd8      0x5a0 ./Core/Src/main.o
 .debug_macro   0x0000000000037578      0x190 ./Core/Src/main.o
 .debug_macro   0x0000000000037708      0x34e ./Core/Src/stm32h7xx_hal_msp.o
 .debug_macro   0x0000000000037a56      0x358 ./Core/Src/stm32h7xx_it.o
 .debug_macro   0x0000000000037dae      0x33f ./Core/Src/system_stm32h7xx.o
 .debug_macro   0x00000000000380ed      0x369 ./Drivers/STM32H7xx_HAL_Driver/Src/stm32h7xx_hal.o
 .debug_macro   0x0000000000038456      0x363 ./Drivers/STM32H7xx_HAL_Driver/Src/stm32h7xx_hal_adc.o
 .debug_macro   0x00000000000387b9      0x34b ./Drivers/STM32H7xx_HAL_Driver/Src/stm32h7xx_hal_adc_ex.o
 .debug_macro   0x0000000000038b04      0x33f ./Drivers/STM32H7xx_HAL_Driver/Src/stm32h7xx_hal_cortex.o
 .debug_macro   0x0000000000038e43      0x346 ./Drivers/STM32H7xx_HAL_Driver/Src/stm32h7xx_hal_gpio.o
 .debug_macro   0x0000000000039189      0x40b ./Drivers/STM32H7xx_HAL_Driver/Src/stm32h7xx_hal_i2c.o
 .debug_macro   0x0000000000039594      0x33f ./Drivers/STM32H7xx_HAL_Driver/Src/stm32h7xx_hal_i2c_ex.o
 .debug_macro   0x00000000000398d3      0x34b ./Drivers/STM32H7xx_HAL_Driver/Src/stm32h7xx_hal_pcd.o
 .debug_macro   0x0000000000039c1e      0x33f ./Drivers/STM32H7xx_HAL_Driver/Src/stm32h7xx_hal_pcd_ex.o
 .debug_macro   0x0000000000039f5d      0x378 ./Drivers/STM32H7xx_HAL_Driver/Src/stm32h7xx_hal_pwr_ex.o
 .debug_macro   0x000000000003a2d5      0x363 ./Drivers/STM32H7xx_HAL_Driver/Src/stm32h7xx_hal_qspi.o
 .debug_macro   0x000000000003a638      0x363 ./Drivers/STM32H7xx_HAL_Driver/Src/stm32h7xx_hal_rcc.o
 .debug_macro   0x000000000003a99b      0x35d ./Drivers/STM32H7xx_HAL_Driver/Src/stm32h7xx_hal_rcc_ex.o
 .debug_macro   0x000000000003acf8      0x35c ./Drivers/STM32H7xx_HAL_Driver/Src/stm32h7xx_hal_sd.o
 .debug_macro   0x000000000003b054      0x34e ./Drivers/STM32H7xx_HAL_Driver/Src/stm32h7xx_hal_spi.o
 .debug_macro   0x000000000003b3a2      0x340 ./Drivers/STM32H7xx_HAL_Driver/Src/stm32h7xx_hal_tim.o
 .debug_macro   0x000000000003b6e2      0x33f ./Drivers/STM32H7xx_HAL_Driver/Src/stm32h7xx_hal_tim_ex.o
 .debug_macro   0x000000000003ba21      0x36a ./Drivers/STM32H7xx_HAL_Driver/Src/stm32h7xx_hal_uart.o
 .debug_macro   0x000000000003bd8b      0x34b ./Drivers/STM32H7xx_HAL_Driver/Src/stm32h7xx_hal_uart_ex.o
 .debug_macro   0x000000000003c0d6      0x340 ./Drivers/STM32H7xx_HAL_Driver/Src/stm32h7xx_ll_sdmmc.o
 .debug_macro   0x000000000003c416      0x33f ./Drivers/STM32H7xx_HAL_Driver/Src/stm32h7xx_ll_usb.o

.debug_line     0x0000000000000000    0x29962
 .debug_line    0x0000000000000000     0x1179 ./Core/Src/main.o
 .debug_line    0x0000000000001179      0xf8f ./Core/Src/stm32h7xx_hal_msp.o
 .debug_line    0x0000000000002108      0xad8 ./Core/Src/stm32h7xx_it.o
 .debug_line    0x0000000000002be0      0xbc5 ./Core/Src/system_stm32h7xx.o
 .debug_line    0x00000000000037a5       0x7a ./Core/Startup/startup_stm32h743vitx.o
 .debug_line    0x000000000000381f      0xfc0 ./Drivers/STM32H7xx_HAL_Driver/Src/stm32h7xx_hal.o
 .debug_line    0x00000000000047df     0x250e ./Drivers/STM32H7xx_HAL_Driver/Src/stm32h7xx_hal_adc.o
 .debug_line    0x0000000000006ced     0x20e3 ./Drivers/STM32H7xx_HAL_Driver/Src/stm32h7xx_hal_adc_ex.o
 .debug_line    0x0000000000008dd0      0xfc9 ./Drivers/STM32H7xx_HAL_Driver/Src/stm32h7xx_hal_cortex.o
 .debug_line    0x0000000000009d99      0xe86 ./Drivers/STM32H7xx_HAL_Driver/Src/stm32h7xx_hal_gpio.o
 .debug_line    0x000000000000ac1f     0x3db6 ./Drivers/STM32H7xx_HAL_Driver/Src/stm32h7xx_hal_i2c.o
 .debug_line    0x000000000000e9d5      0xc33 ./Drivers/STM32H7xx_HAL_Driver/Src/stm32h7xx_hal_i2c_ex.o
 .debug_line    0x000000000000f608     0x179f ./Drivers/STM32H7xx_HAL_Driver/Src/stm32h7xx_hal_pcd.o
 .debug_line    0x0000000000010da7      0xbe5 ./Drivers/STM32H7xx_HAL_Driver/Src/stm32h7xx_hal_pcd_ex.o
 .debug_line    0x000000000001198c     0x10dd ./Drivers/STM32H7xx_HAL_Driver/Src/stm32h7xx_hal_pwr_ex.o
 .debug_line    0x0000000000012a69     0x163f ./Drivers/STM32H7xx_HAL_Driver/Src/stm32h7xx_hal_qspi.o
 .debug_line    0x00000000000140a8     0x1593 ./Drivers/STM32H7xx_HAL_Driver/Src/stm32h7xx_hal_rcc.o
 .debug_line    0x000000000001563b     0x1e8b ./Drivers/STM32H7xx_HAL_Driver/Src/stm32h7xx_hal_rcc_ex.o
 .debug_line    0x00000000000174c6     0x2267 ./Drivers/STM32H7xx_HAL_Driver/Src/stm32h7xx_hal_sd.o
 .debug_line    0x000000000001972d     0x20c9 ./Drivers/STM32H7xx_HAL_Driver/Src/stm32h7xx_hal_spi.o
 .debug_line    0x000000000001b7f6     0x4115 ./Drivers/STM32H7xx_HAL_Driver/Src/stm32h7xx_hal_tim.o
 .debug_line    0x000000000001f90b     0x1f78 ./Drivers/STM32H7xx_HAL_Driver/Src/stm32h7xx_hal_tim_ex.o
 .debug_line    0x0000000000021883     0x4018 ./Drivers/STM32H7xx_HAL_Driver/Src/stm32h7xx_hal_uart.o
 .debug_line    0x000000000002589b     0x1061 ./Drivers/STM32H7xx_HAL_Driver/Src/stm32h7xx_hal_uart_ex.o
 .debug_line    0x00000000000268fc     0x12fa ./Drivers/STM32H7xx_HAL_Driver/Src/stm32h7xx_ll_sdmmc.o
 .debug_line    0x0000000000027bf6     0x1d6c ./Drivers/STM32H7xx_HAL_Driver/Src/stm32h7xx_ll_usb.o

.debug_str      0x0000000000000000   0x185d1a
 .debug_str     0x0000000000000000   0x17cf5b ./Core/Src/main.o
                                     0x17da0d (size before relaxing)
 .debug_str     0x000000000017cf5b      0x1d1 ./Core/Src/stm32h7xx_hal_msp.o
                                     0x17d299 (size before relaxing)
 .debug_str     0x000000000017d12c       0xc9 ./Core/Src/stm32h7xx_it.o
                                     0x17b09c (size before relaxing)
 .debug_str     0x000000000017d1f5      0x33a ./Core/Src/system_stm32h7xx.o
                                     0x17af5b (size before relaxing)
 .debug_str     0x000000000017d52f       0x34 ./Core/Startup/startup_stm32h743vitx.o
                                         0x79 (size before relaxing)
 .debug_str     0x000000000017d563      0xfc5 ./Drivers/STM32H7xx_HAL_Driver/Src/stm32h7xx_hal.o
                                     0x17be71 (size before relaxing)
 .debug_str     0x000000000017e528      0xb1a ./Drivers/STM32H7xx_HAL_Driver/Src/stm32h7xx_hal_adc.o
                                     0x17bcfa (size before relaxing)
 .debug_str     0x000000000017f042      0x7c4 ./Drivers/STM32H7xx_HAL_Driver/Src/stm32h7xx_hal_adc_ex.o
                                     0x17bd39 (size before relaxing)
 .debug_str     0x000000000017f806      0x29e ./Drivers/STM32H7xx_HAL_Driver/Src/stm32h7xx_hal_cortex.o
                                     0x17b874 (size before relaxing)
 .debug_str     0x000000000017faa4       0xec ./Drivers/STM32H7xx_HAL_Driver/Src/stm32h7xx_hal_gpio.o
                                     0x17af12 (size before relaxing)
 .debug_str     0x000000000017fb90      0xe16 ./Drivers/STM32H7xx_HAL_Driver/Src/stm32h7xx_hal_i2c.o
                                     0x17bfb6 (size before relaxing)
 .debug_str     0x00000000001809a6       0xb8 ./Drivers/STM32H7xx_HAL_Driver/Src/stm32h7xx_hal_i2c_ex.o
                                     0x17b381 (size before relaxing)