Archive member included to satisfy reference by file (symbol)

/opt/st/stm32cubeide_1.13.2/plugins/com.st.stm32cube.ide.mcu.externaltools.gnu-tools-for-stm32.11.3.rel1.linux64_1.1.1.202309131626/tools/bin/../lib/gcc/arm-none-eabi/11.3.1/../../../../arm-none-eabi/lib/thumb/v7e-m+dp/hard/libstdc++_nano.a(new_opv.o)
                              ./Core/Src/mainpp.o (operator new[](unsigned int))
/opt/st/stm32cubeide_1.13.2/plugins/com.st.stm32cube.ide.mcu.externaltools.gnu-tools-for-stm32.11.3.rel1.linux64_1.1.1.202309131626/tools/bin/../lib/gcc/arm-none-eabi/11.3.1/../../../../arm-none-eabi/lib/thumb/v7e-m+dp/hard/libstdc++_nano.a(new_op.o)
                              /opt/st/stm32cubeide_1.13.2/plugins/com.st.stm32cube.ide.mcu.externaltools.gnu-tools-for-stm32.11.3.rel1.linux64_1.1.1.202309131626/tools/bin/../lib/gcc/arm-none-eabi/11.3.1/../../../../arm-none-eabi/lib/thumb/v7e-m+dp/hard/libstdc++_nano.a(new_opv.o) (operator new(unsigned int))
/opt/st/stm32cubeide_1.13.2/plugins/com.st.stm32cube.ide.mcu.externaltools.gnu-tools-for-stm32.11.3.rel1.linux64_1.1.1.202309131626/tools/bin/../lib/gcc/arm-none-eabi/11.3.1/../../../../arm-none-eabi/lib/thumb/v7e-m+dp/hard/libstdc++_nano.a(new_handler.o)
                              /opt/st/stm32cubeide_1.13.2/plugins/com.st.stm32cube.ide.mcu.externaltools.gnu-tools-for-stm32.11.3.rel1.linux64_1.1.1.202309131626/tools/bin/../lib/gcc/arm-none-eabi/11.3.1/../../../../arm-none-eabi/lib/thumb/v7e-m+dp/hard/libstdc++_nano.a(new_op.o) (std::get_new_handler())
/opt/st/stm32cubeide_1.13.2/plugins/com.st.stm32cube.ide.mcu.externaltools.gnu-tools-for-stm32.11.3.rel1.linux64_1.1.1.202309131626/tools/bin/../lib/gcc/arm-none-eabi/11.3.1/../../../../arm-none-eabi/lib/thumb/v7e-m+dp/hard/libc_nano.a(libc_a-abort.o)
                              /opt/st/stm32cubeide_1.13.2/plugins/com.st.stm32cube.ide.mcu.externaltools.gnu-tools-for-stm32.11.3.rel1.linux64_1.1.1.202309131626/tools/bin/../lib/gcc/arm-none-eabi/11.3.1/../../../../arm-none-eabi/lib/thumb/v7e-m+dp/hard/libstdc++_nano.a(new_op.o) (abort)
/opt/st/stm32cubeide_1.13.2/plugins/com.st.stm32cube.ide.mcu.externaltools.gnu-tools-for-stm32.11.3.rel1.linux64_1.1.1.202309131626/tools/bin/../lib/gcc/arm-none-eabi/11.3.1/../../../../arm-none-eabi/lib/thumb/v7e-m+dp/hard/libc_nano.a(libc_a-exit.o)
                              /opt/st/stm32cubeide_1.13.2/plugins/com.st.stm32cube.ide.mcu.externaltools.gnu-tools-for-stm32.11.3.rel1.linux64_1.1.1.202309131626/tools/bin/../lib/gcc/arm-none-eabi/11.3.1/../../../../arm-none-eabi/lib/thumb/v7e-m+dp/hard/crt0.o (exit)
/opt/st/stm32cubeide_1.13.2/plugins/com.st.stm32cube.ide.mcu.externaltools.gnu-tools-for-stm32.11.3.rel1.linux64_1.1.1.202309131626/tools/bin/../lib/gcc/arm-none-eabi/11.3.1/../../../../arm-none-eabi/lib/thumb/v7e-m+dp/hard/libc_nano.a(libc_a-malloc.o)
                              /opt/st/stm32cubeide_1.13.2/plugins/com.st.stm32cube.ide.mcu.externaltools.gnu-tools-for-stm32.11.3.rel1.linux64_1.1.1.202309131626/tools/bin/../lib/gcc/arm-none-eabi/11.3.1/../../../../arm-none-eabi/lib/thumb/v7e-m+dp/hard/libstdc++_nano.a(new_op.o) (malloc)
/opt/st/stm32cubeide_1.13.2/plugins/com.st.stm32cube.ide.mcu.externaltools.gnu-tools-for-stm32.11.3.rel1.linux64_1.1.1.202309131626/tools/bin/../lib/gcc/arm-none-eabi/11.3.1/../../../../arm-none-eabi/lib/thumb/v7e-m+dp/hard/libc_nano.a(libc_a-mallocr.o)
                              /opt/st/stm32cubeide_1.13.2/plugins/com.st.stm32cube.ide.mcu.externaltools.gnu-tools-for-stm32.11.3.rel1.linux64_1.1.1.202309131626/tools/bin/../lib/gcc/arm-none-eabi/11.3.1/../../../../arm-none-eabi/lib/thumb/v7e-m+dp/hard/libc_nano.a(libc_a-malloc.o) (_malloc_r)
/opt/st/stm32cubeide_1.13.2/plugins/com.st.stm32cube.ide.mcu.externaltools.gnu-tools-for-stm32.11.3.rel1.linux64_1.1.1.202309131626/tools/bin/../lib/gcc/arm-none-eabi/11.3.1/../../../../arm-none-eabi/lib/thumb/v7e-m+dp/hard/libc_nano.a(libc_a-mlock.o)
                              /opt/st/stm32cubeide_1.13.2/plugins/com.st.stm32cube.ide.mcu.externaltools.gnu-tools-for-stm32.11.3.rel1.linux64_1.1.1.202309131626/tools/bin/../lib/gcc/arm-none-eabi/11.3.1/../../../../arm-none-eabi/lib/thumb/v7e-m+dp/hard/libc_nano.a(libc_a-mallocr.o) (__malloc_lock)
/opt/st/stm32cubeide_1.13.2/plugins/com.st.stm32cube.ide.mcu.externaltools.gnu-tools-for-stm32.11.3.rel1.linux64_1.1.1.202309131626/tools/bin/../lib/gcc/arm-none-eabi/11.3.1/../../../../arm-none-eabi/lib/thumb/v7e-m+dp/hard/libc_nano.a(libc_a-realloc.o)
                              ./Core/Src/mainpp.o (realloc)
/opt/st/stm32cubeide_1.13.2/plugins/com.st.stm32cube.ide.mcu.externaltools.gnu-tools-for-stm32.11.3.rel1.linux64_1.1.1.202309131626/tools/bin/../lib/gcc/arm-none-eabi/11.3.1/../../../../arm-none-eabi/lib/thumb/v7e-m+dp/hard/libc_nano.a(libc_a-reallocr.o)
[...]
Memory Configuration

Name             Origin             Length             Attributes
FLASH            0x0000000008000000 0x0000000000020000 xr
DTCMRAM          0x0000000020000000 0x0000000000020000 xrw
RAM_D1           0x0000000024000000 0x0000000000080000 xrw
RAM_D2           0x0000000030000000 0x0000000000048000 xrw
RAM_D3           0x0000000038000000 0x0000000000010000 xrw
ITCMRAM          0x0000000000000000 0x0000000000010000 xrw
*default*        0x0000000000000000 0xffffffffffffffff

Linker script and memory map

LOAD /opt/st/stm32cubeide_1.13.2/plugins/com.st.stm32cube.ide.mcu.externaltools.gnu-tools-for-stm32.11.3.rel1.linux64_1.1.1.202309131626/tools/bin/../lib/gcc/arm-none-eabi/11.3.1/thumb/v7e-m+dp/hard/crti.o
LOAD /opt/st/stm32cubeide_1.13.2/plugins/com.st.stm32cube.ide.mcu.externaltools.gnu-tools-for-stm32.11.3.rel1.linux64_1.1.1.202309131626/tools/bin/../lib/gcc/arm-none-eabi/11.3.1/thumb/v7e-m+dp/hard/crtbegin.o
LOAD /opt/st/stm32cubeide_1.13.2/plugins/com.st.stm32cube.ide.mcu.externaltools.gnu-tools-for-stm32.11.3.rel1.linux64_1.1.1.202309131626/tools/bin/../lib/gcc/arm-none-eabi/11.3.1/../../../../arm-none-eabi/lib/thumb/v7e-m+dp/hard/crt0.o
LOAD ./Core/Inc/jy901/JY901_Serial.o
LOAD ./Core/Inc/pid/pid.o
LOAD ./Core/Inc/w25q64jv/w25q64jv.o
LOAD ./Core/Src/duration.o
LOAD ./Core/Src/main.o
LOAD ./Core/Src/mainpp.o
LOAD ./Core/Src/stm32h7xx_hal_msp.o
LOAD ./Core/Src/stm32h7xx_it.o
LOAD ./Core/Src/syscalls.o
LOAD ./Core/Src/sysmem.o
LOAD ./Core/Src/system_stm32h7xx.o
LOAD ./Core/Src/time.o
LOAD ./Core/Startup/startup_stm32h750vbtx.o
LOAD ./Drivers/STM32H7xx_HAL_Driver/Src/stm32h7xx_hal.o
LOAD ./Drivers/STM32H7xx_HAL_Driver/Src/stm32h7xx_hal_adc.o
LOAD ./Drivers/STM32H7xx_HAL_Driver/Src/stm32h7xx_hal_adc_ex.o
LOAD ./Drivers/STM32H7xx_HAL_Driver/Src/stm32h7xx_hal_cortex.o
LOAD ./Drivers/STM32H7xx_HAL_Driver/Src/stm32h7xx_hal_dma.o
LOAD ./Drivers/STM32H7xx_HAL_Driver/Src/stm32h7xx_hal_dma_ex.o
LOAD ./Drivers/STM32H7xx_HAL_Driver/Src/stm32h7xx_hal_exti.o
LOAD ./Drivers/STM32H7xx_HAL_Driver/Src/stm32h7xx_hal_flash.o
LOAD ./Drivers/STM32H7xx_HAL_Driver/Src/stm32h7xx_hal_flash_ex.o
LOAD ./Drivers/STM32H7xx_HAL_Driver/Src/stm32h7xx_hal_gpio.o
LOAD ./Drivers/STM32H7xx_HAL_Driver/Src/stm32h7xx_hal_hsem.o
LOAD ./Drivers/STM32H7xx_HAL_Driver/Src/stm32h7xx_hal_i2c.o
LOAD ./Drivers/STM32H7xx_HAL_Driver/Src/stm32h7xx_hal_i2c_ex.o
LOAD ./Drivers/STM32H7xx_HAL_Driver/Src/stm32h7xx_hal_iwdg.o
LOAD ./Drivers/STM32H7xx_HAL_Driver/Src/stm32h7xx_hal_mdma.o
LOAD ./Drivers/STM32H7xx_HAL_Driver/Src/stm32h7xx_hal_pwr.o
LOAD ./Drivers/STM32H7xx_HAL_Driver/Src/stm32h7xx_hal_pwr_ex.o
LOAD ./Drivers/STM32H7xx_HAL_Driver/Src/stm32h7xx_hal_qspi.o
LOAD ./Drivers/STM32H7xx_HAL_Driver/Src/stm32h7xx_hal_rcc.o
LOAD ./Drivers/STM32H7xx_HAL_Driver/Src/stm32h7xx_hal_rcc_ex.o
LOAD ./Drivers/STM32H7xx_HAL_Driver/Src/stm32h7xx_hal_tim.o
LOAD ./Drivers/STM32H7xx_HAL_Driver/Src/stm32h7xx_hal_tim_ex.o
LOAD ./Drivers/STM32H7xx_HAL_Driver/Src/stm32h7xx_hal_uart.o
LOAD ./Drivers/STM32H7xx_HAL_Driver/Src/stm32h7xx_hal_uart_ex.o
START GROUP
LOAD /opt/st/stm32cubeide_1.13.2/plugins/com.st.stm32cube.ide.mcu.externaltools.gnu-tools-for-stm32.11.3.rel1.linux64_1.1.1.202309131626/tools/bin/../lib/gcc/arm-none-eabi/11.3.1/../../../../arm-none-eabi/lib/thumb/v7e-m+dp/hard/libstdc++_nano.a
LOAD /opt/st/stm32cubeide_1.13.2/plugins/com.st.stm32cube.ide.mcu.externaltools.gnu-tools-for-stm32.11.3.rel1.linux64_1.1.1.202309131626/tools/bin/../lib/gcc/arm-none-eabi/11.3.1/../../../../arm-none-eabi/lib/thumb/v7e-m+dp/hard/libsupc++_nano.a
END GROUP
LOAD /opt/st/stm32cubeide_1.13.2/plugins/com.st.stm32cube.ide.mcu.externaltools.gnu-tools-for-stm32.11.3.rel1.linux64_1.1.1.202309131626/tools/bin/../lib/gcc/arm-none-eabi/11.3.1/../../../../arm-none-eabi/lib/thumb/v7e-m+dp/hard/libstdc++_nano.a
LOAD /opt/st/stm32cubeide_1.13.2/plugins/com.st.stm32cube.ide.mcu.externaltools.gnu-tools-for-stm32.11.3.rel1.linux64_1.1.1.202309131626/tools/bin/../lib/gcc/arm-none-eabi/11.3.1/../../../../arm-none-eabi/lib/thumb/v7e-m+dp/hard/libm.a
LOAD /opt/st/stm32cubeide_1.13.2/plugins/com.st.stm32cube.ide.mcu.externaltools.gnu-tools-for-stm32.11.3.rel1.linux64_1.1.1.202309131626/tools/bin/../lib/gcc/arm-none-eabi/11.3.1/../../../../arm-none-eabi/lib/thumb/v7e-m+dp/hard/libc_nano.a
START GROUP
LOAD /opt/st/stm32cubeide_1.13.2/plugins/com.st.stm32cube.ide.mcu.externaltools.gnu-tools-for-stm32.11.3.rel1.linux64_1.1.1.202309131626/tools/bin/../lib/gcc/arm-none-eabi/11.3.1/thumb/v7e-m+dp/hard/libgcc.a
LOAD /opt/st/stm32cubeide_1.13.2/plugins/com.st.stm32cube.ide.mcu.externaltools.gnu-tools-for-stm32.11.3.rel1.linux64_1.1.1.202309131626/tools/bin/../lib/gcc/arm-none-eabi/11.3.1/../../../../arm-none-eabi/lib/thumb/v7e-m+dp/hard/libc_nano.a
END GROUP
START GROUP
LOAD /opt/st/stm32cubeide_1.13.2/plugins/com.st.stm32cube.ide.mcu.externaltools.gnu-tools-for-stm32.11.3.rel1.linux64_1.1.1.202309131626/tools/bin/../lib/gcc/arm-none-eabi/11.3.1/thumb/v7e-m+dp/hard/libgcc.a
LOAD /opt/st/stm32cubeide_1.13.2/plugins/com.st.stm32cube.ide.mcu.externaltools.gnu-tools-for-stm32.11.3.rel1.linux64_1.1.1.202309131626/tools/bin/../lib/gcc/arm-none-eabi/11.3.1/../../../../arm-none-eabi/lib/thumb/v7e-m+dp/hard/libc_nano.a
LOAD /opt/st/stm32cubeide_1.13.2/plugins/com.st.stm32cube.ide.mcu.externaltools.gnu-tools-for-stm32.11.3.rel1.linux64_1.1.1.202309131626/tools/bin/../lib/gcc/arm-none-eabi/11.3.1/../../../../arm-none-eabi/lib/thumb/v7e-m+dp/hard/libnosys.a
END GROUP
START GROUP
LOAD /opt/st/stm32cubeide_1.13.2/plugins/com.st.stm32cube.ide.mcu.externaltools.gnu-tools-for-stm32.11.3.rel1.linux64_1.1.1.202309131626/tools/bin/../lib/gcc/arm-none-eabi/11.3.1/thumb/v7e-m+dp/hard/libgcc.a
LOAD /opt/st/stm32cubeide_1.13.2/plugins/com.st.stm32cube.ide.mcu.externaltools.gnu-tools-for-stm32.11.3.rel1.linux64_1.1.1.202309131626/tools/bin/../lib/gcc/arm-none-eabi/11.3.1/../../../../arm-none-eabi/lib/thumb/v7e-m+dp/hard/libc_nano.a
LOAD /opt/st/stm32cubeide_1.13.2/plugins/com.st.stm32cube.ide.mcu.externaltools.gnu-tools-for-stm32.11.3.rel1.linux64_1.1.1.202309131626/tools/bin/../lib/gcc/arm-none-eabi/11.3.1/../../../../arm-none-eabi/lib/thumb/v7e-m+dp/hard/libnosys.a
END GROUP
LOAD /opt/st/stm32cubeide_1.13.2/plugins/com.st.stm32cube.ide.mcu.externaltools.gnu-tools-for-stm32.11.3.rel1.linux64_1.1.1.202309131626/tools/bin/../lib/gcc/arm-none-eabi/11.3.1/thumb/v7e-m+dp/hard/crtend.o
LOAD /opt/st/stm32cubeide_1.13.2/plugins/com.st.stm32cube.ide.mcu.externaltools.gnu-tools-for-stm32.11.3.rel1.linux64_1.1.1.202309131626/tools/bin/../lib/gcc/arm-none-eabi/11.3.1/thumb/v7e-m+dp/hard/crtn.o
                0x0000000024080000                _estack = (ORIGIN (RAM_D1) + LENGTH (RAM_D1))
                0x0000000000000200                _Min_Heap_Size = 0x200
                0x0000000000000400                _Min_Stack_Size = 0x400

.isr_vector     0x0000000008000000      0x298
                0x0000000008000000                . = ALIGN (0x4)
 *(.isr_vector)
 .isr_vector    0x0000000008000000      0x298 ./Core/Startup/startup_stm32h750vbtx.o
                0x0000000008000000                g_pfnVectors
                0x0000000008000298                . = ALIGN (0x4)

.text           0x00000000080002a0    0x16ea8
                0x00000000080002a0                . = ALIGN (0x4)
 *(.text)
 .text          0x00000000080002a0       0x40 /opt/st/stm32cubeide_1.13.2/plugins/com.st.stm32cube.ide.mcu.externaltools.gnu-tools-for-stm32.11.3.rel1.linux64_1.1.1.202309131626/tools/bin/../lib/gcc/arm-none-eabi/11.3.1/thumb/v7e-m+dp/hard/crtbegin.o
 .text          0x00000000080002e0       0xa0 /opt/st/stm32cubeide_1.13.2/plugins/com.st.stm32cube.ide.mcu.externaltools.gnu-tools-for-stm32.11.3.rel1.linux64_1.1.1.202309131626/tools/bin/../lib/gcc/arm-none-eabi/11.3.1/../../../../arm-none-eabi/lib/thumb/v7e-m+dp/hard/libc_nano.a(libc_a-memchr.o)
                0x00000000080002e0                memchr
 .text          0x0000000008000380       0x10 /opt/st/stm32cubeide_1.13.2/plugins/com.st.stm32cube.ide.mcu.externaltools.gnu-tools-for-stm32.11.3.rel1.linux64_1.1.1.202309131626/tools/bin/../lib/gcc/arm-none-eabi/11.3.1/../../../../arm-none-eabi/lib/thumb/v7e-m+dp/hard/libc_nano.a(libc_a-strlen.o)
                0x0000000008000380                strlen
 .text          0x0000000008000390       0x30 /opt/st/stm32cubeide_1.13.2/plugins/com.st.stm32cube.ide.mcu.externaltools.gnu-tools-for-stm32.11.3.rel1.linux64_1.1.1.202309131626/tools/bin/../lib/gcc/arm-none-eabi/11.3.1/thumb/v7e-m+dp/hard/libgcc.a(_aeabi_uldivmod.o)
                0x0000000008000390                __aeabi_uldivmod
 .text          0x00000000080003c0      0x2c8 /opt/st/stm32cubeide_1.13.2/plugins/com.st.stm32cube.ide.mcu.externaltools.gnu-tools-for-stm32.11.3.rel1.linux64_1.1.1.202309131626/tools/bin/../lib/gcc/arm-none-eabi/11.3.1/thumb/v7e-m+dp/hard/libgcc.a(_udivmoddi4.o)
                0x00000000080003c0                __udivmoddi4
 .text          0x0000000008000688        0x4 /opt/st/stm32cubeide_1.13.2/plugins/com.st.stm32cube.ide.mcu.externaltools.gnu-tools-for-stm32.11.3.rel1.linux64_1.1.1.202309131626/tools/bin/../lib/gcc/arm-none-eabi/11.3.1/thumb/v7e-m+dp/hard/libgcc.a(_dvmd_tls.o)
                0x0000000008000688                __aeabi_ldiv0
                0x0000000008000688                __aeabi_idiv0
 *(.text*)
 .text._ZL6millisv
                0x000000000800068c       0x30 ./Core/Inc/jy901/JY901_Serial.o
 .text._ZN6CJY901C2EP20__UART_HandleTypeDef
                0x00000000080006bc       0x24 ./Core/Inc/jy901/JY901_Serial.o
                0x00000000080006bc                CJY901::CJY901(__UART_HandleTypeDef*)
                0x00000000080006bc                CJY901::CJY901(__UART_HandleTypeDef*)
 .text._ZN6CJY9019parseDataEPh
                0x00000000080006e0      0x194 ./Core/Inc/jy901/JY901_Serial.o
                0x00000000080006e0                CJY901::parseData(unsigned char*)
 *fill*         0x0000000008000874        0x4 
 .text._ZN6CJY9017getAccXEv
                0x0000000008000878       0x38 ./Core/Inc/jy901/JY901_Serial.o
                0x0000000008000878                CJY901::getAccX()
 .text._ZN6CJY9017getAccYEv
                0x00000000080008b0       0x38 ./Core/Inc/jy901/JY901_Serial.o
                0x00000000080008b0                CJY901::getAccY()
 .text._ZN6CJY9017getAccZEv
                0x00000000080008e8       0x38 ./Core/Inc/jy901/JY901_Serial.o
                0x00000000080008e8                CJY901::getAccZ()
 .text._ZN6CJY9018getGyroXEv
                0x0000000008000920       0x38 ./Core/Inc/jy901/JY901_Serial.o
                0x0000000008000920                CJY901::getGyroX()
 .text._ZN6CJY9018getGyroYEv
                0x0000000008000958       0x38 ./Core/Inc/jy901/JY901_Serial.o
                0x0000000008000958                CJY901::getGyroY()
 .text._ZN6CJY9018getGyroZEv
                0x0000000008000990       0x38 ./Core/Inc/jy901/JY901_Serial.o
                0x0000000008000990                CJY901::getGyroZ()
 .text._ZN6CJY9017getRollEv
                0x00000000080009c8       0x38 ./Core/Inc/jy901/JY901_Serial.o
                0x00000000080009c8                CJY901::getRoll()
 .text._ZN6CJY9018getPitchEv
                0x0000000008000a00       0x38 ./Core/Inc/jy901/JY901_Serial.o
                0x0000000008000a00                CJY901::getPitch()
 .text._ZN6CJY9016getYawEv
                0x0000000008000a38       0x38 ./Core/Inc/jy901/JY901_Serial.o
                0x0000000008000a38                CJY901::getYaw()
 .text._Z41__static_initialization_and_destruction_0ii
                0x0000000008000a70       0x30 ./Core/Inc/jy901/JY901_Serial.o
 .text._GLOBAL__sub_I_JY901_SAVECONF
                0x0000000008000aa0       0x10 ./Core/Inc/jy901/JY901_Serial.o
 .text._ZN3PIDIfEC2EPfS1_S1_fffh
                0x0000000008000ab0       0x58 ./Core/Inc/pid/pid.o
                0x0000000008000ab0                PID<float>::PID(float*, float*, float*, float, float, float, unsigned char)
                0x0000000008000ab0                PID<float>::PID(float*, float*, float*, float, float, float, unsigned char)
 .text._ZN3PIDIfE11set_tuningsEfffh
                0x0000000008000b08       0x3c ./Core/Inc/pid/pid.o
                0x0000000008000b08                PID<float>::set_tunings(float, float, float, unsigned char)
 .text.QSPI_W25Q64JV_AutoPollingMemReady
                0x0000000008000b44       0x68 ./Core/Inc/w25q64jv/w25q64jv.o
 .text.QSPI_W25Q64JV_WriteEnable
                0x0000000008000bac       0x94 ./Core/Inc/w25q64jv/w25q64jv.o
 .text.QSPI_W25Q64JV_Init
                0x0000000008000c40        0xe ./Core/Inc/w25q64jv/w25q64jv.o
                0x0000000008000c40                QSPI_W25Q64JV_Init
 *fill*         0x0000000008000c4e        0x2 
 .text.QSPI_W25Q64JV_Reset
                0x0000000008000c50       0x7c ./Core/Inc/w25q64jv/w25q64jv.o
                0x0000000008000c50                QSPI_W25Q64JV_Reset
 .text.QSPI_W25Q64JV_EraseSector
                0x0000000008000ccc       0x80 ./Core/Inc/w25q64jv/w25q64jv.o
                0x0000000008000ccc                QSPI_W25Q64JV_EraseSector
 .text.QSPI_W25Q64JV_Read
                0x0000000008000d4c       0xb8 ./Core/Inc/w25q64jv/w25q64jv.o
                0x0000000008000d4c                QSPI_W25Q64JV_Read
 .text.QSPI_W25Q64JV_PageProgram
                0x0000000008000e04       0xb8 ./Core/Inc/w25q64jv/w25q64jv.o
                0x0000000008000e04                QSPI_W25Q64JV_PageProgram
 .text.QSPI_W25Q64JV_Write_NoCheck
                0x0000000008000ebc       0x72 ./Core/Inc/w25q64jv/w25q64jv.o
                0x0000000008000ebc                QSPI_W25Q64JV_Write_NoCheck
 *fill*         0x0000000008000f2e        0x2 
 .text.QSPI_W25Q64JV_Write
                0x0000000008000f30      0x118 ./Core/Inc/w25q64jv/w25q64jv.o
                0x0000000008000f30                QSPI_W25Q64JV_Write
 .text.QSPI_W25Q64JV_DeviceID
                0x0000000008001048       0x78 ./Core/Inc/w25q64jv/w25q64jv.o
                0x0000000008001048                QSPI_W25Q64JV_DeviceID
 .text.__io_putchar
                0x00000000080010c0       0x24 ./Core/Src/main.o
                0x00000000080010c0                __io_putchar
 .text.main     0x00000000080010e4       0x5a ./Core/Src/main.o
                0x00000000080010e4                main
 *fill*         0x000000000800113e        0x2 
 .text.SystemClock_Config
                0x0000000008001140       0xf8 ./Core/Src/main.o
                0x0000000008001140                SystemClock_Config
 .text.MX_ADC1_Init
                0x0000000008001238      0x1dc ./Core/Src/main.o
 .text.MX_IWDG1_Init
                0x0000000008001414       0x3c ./Core/Src/main.o
 .text.MX_LPUART1_UART_Init
                0x0000000008001450       0x9c ./Core/Src/main.o
 .text.MX_UART4_Init
                0x00000000080014ec       0x98 ./Core/Src/main.o
 .text.MX_UART5_Init
                0x0000000008001584       0x98 ./Core/Src/main.o
 .text.MX_UART7_Init
                0x000000000800161c       0x98 ./Core/Src/main.o
 .text.MX_UART8_Init
                0x00000000080016b4       0x98 ./Core/Src/main.o
 .text.MX_QUADSPI_Init
                0x000000000800174c       0x58 ./Core/Src/main.o
 .text.MX_TIM2_Init
                0x00000000080017a4      0x130 ./Core/Src/main.o
 .text.MX_TIM3_Init
                0x00000000080018d4      0x104 ./Core/Src/main.o
 .text.MX_TIM5_Init
                0x00000000080019d8      0x13c ./Core/Src/main.o
 .text.MX_TIM6_Init
                0x0000000008001b14       0x70 ./Core/Src/main.o
 .text.MX_TIM15_Init
                0x0000000008001b84      0x144 ./Core/Src/main.o
 .text.MX_TIM16_Init
                0x0000000008001cc8       0x50 ./Core/Src/main.o
 .text.MX_BDMA_Init
                0x0000000008001d18       0x40 ./Core/Src/main.o
 .text.MX_DMA_Init
                0x0000000008001d58       0x90 ./Core/Src/main.o
 .text.MX_GPIO_Init
                0x0000000008001de8      0x18c ./Core/Src/main.o
 .text.Error_Handler
                0x0000000008001f74        0xa ./Core/Src/main.o
                0x0000000008001f74                Error_Handler
 .text._ZSt3absl
                0x0000000008001f7e       0x1c ./Core/Src/mainpp.o
                0x0000000008001f7e                std::abs(long)
 .text._ZN3ros4TimeC2Ev
                0x0000000008001f9a       0x22 ./Core/Src/mainpp.o
                0x0000000008001f9a                ros::Time::Time()
                0x0000000008001f9a                ros::Time::Time()
 .text._ZN3ros3MsgC2Ev
                0x0000000008001fbc       0x20 ./Core/Src/mainpp.o
                0x0000000008001fbc                ros::Msg::Msg()
                0x0000000008001fbc                ros::Msg::Msg()
 .text._ZN8std_msgs4TimeC2Ev
                0x0000000008001fdc       0x30 ./Core/Src/mainpp.o
                0x0000000008001fdc                std_msgs::Time::Time()
                0x0000000008001fdc                std_msgs::Time::Time()
 .text._ZNK8std_msgs4Time9serializeEPh
                0x000000000800200c       0xb0 ./Core/Src/mainpp.o
                0x000000000800200c                std_msgs::Time::serialize(unsigned char*) const
 .text._ZN8std_msgs4Time11deserializeEPh
                0x00000000080020bc       0xc8 ./Core/Src/mainpp.o
                0x00000000080020bc                std_msgs::Time::deserialize(unsigned char*)
 .text._ZN8std_msgs4Time7getTypeEv
                0x0000000008002184       0x1c ./Core/Src/mainpp.o
                0x0000000008002184                std_msgs::Time::getType()
 .text._ZN8std_msgs4Time6getMD5Ev
                0x00000000080021a0       0x1c ./Core/Src/mainpp.o
                0x00000000080021a0                std_msgs::Time::getMD5()
 .text._ZN14rosserial_msgs9TopicInfoC2Ev
                0x00000000080021bc       0x48 ./Core/Src/mainpp.o
                0x00000000080021bc                rosserial_msgs::TopicInfo::TopicInfo()
                0x00000000080021bc                rosserial_msgs::TopicInfo::TopicInfo()
 .text._ZNK14rosserial_msgs9TopicInfo9serializeEPh
                0x0000000008002204      0x136 ./Core/Src/mainpp.o
                0x0000000008002204                rosserial_msgs::TopicInfo::serialize(unsigned char*) const
 .text._ZN14rosserial_msgs9TopicInfo11deserializeEPh
                0x000000000800233a      0x1d0 ./Core/Src/mainpp.o
                0x000000000800233a                rosserial_msgs::TopicInfo::deserialize(unsigned char*)
 *fill*         0x000000000800250a        0x2 
 .text._ZN14rosserial_msgs9TopicInfo7getTypeEv
                0x000000000800250c       0x1c ./Core/Src/mainpp.o
                0x000000000800250c                rosserial_msgs::TopicInfo::getType()
 .text._ZN14rosserial_msgs9TopicInfo6getMD5Ev
                0x0000000008002528       0x1c ./Core/Src/mainpp.o
                0x0000000008002528                rosserial_msgs::TopicInfo::getMD5()
 .text._ZN14rosserial_msgs3LogC2Ev
                0x0000000008002544       0x34 ./Core/Src/mainpp.o
                0x0000000008002544                rosserial_msgs::Log::Log()
                0x0000000008002544                rosserial_msgs::Log::Log()
 .text._ZNK14rosserial_msgs3Log9serializeEPh
                0x0000000008002578       0x64 ./Core/Src/mainpp.o
                0x0000000008002578                rosserial_msgs::Log::serialize(unsigned char*) const
 .text._ZN14rosserial_msgs3Log11deserializeEPh
                0x00000000080025dc       0x90 ./Core/Src/mainpp.o
                0x00000000080025dc                rosserial_msgs::Log::deserialize(unsigned char*)
 .text._ZN14rosserial_msgs3Log7getTypeEv
                0x000000000800266c       0x1c ./Core/Src/mainpp.o
                0x000000000800266c                rosserial_msgs::Log::getType()
 .text._ZN14rosserial_msgs3Log6getMD5Ev
                0x0000000008002688       0x1c ./Core/Src/mainpp.o
                0x0000000008002688                rosserial_msgs::Log::getMD5()
 .text._ZN14rosserial_msgs20RequestParamResponseC2Ev
                0x00000000080026a4       0x5c ./Core/Src/mainpp.o
                0x00000000080026a4                rosserial_msgs::RequestParamResponse::RequestParamResponse()
                0x00000000080026a4                rosserial_msgs::RequestParamResponse::RequestParamResponse()
 .text._ZNK14rosserial_msgs20RequestParamResponse9serializeEPh
                0x0000000008002700      0x222 ./Core/Src/mainpp.o
                0x0000000008002700                rosserial_msgs::RequestParamResponse::serialize(unsigned char*) const
 .text._ZN14rosserial_msgs20RequestParamResponse11deserializeEPh
                0x0000000008002922      0x2e2 ./Core/Src/mainpp.o
                0x0000000008002922                rosserial_msgs::RequestParamResponse::deserialize(unsigned char*)
 .text._ZN14rosserial_msgs20RequestParamResponse7getTypeEv
                0x0000000008002c04       0x1c ./Core/Src/mainpp.o
                0x0000000008002c04                rosserial_msgs::RequestParamResponse::getType()
 .text._ZN14rosserial_msgs20RequestParamResponse6getMD5Ev
                0x0000000008002c20       0x1c ./Core/Src/mainpp.o
                0x0000000008002c20                rosserial_msgs::RequestParamResponse::getMD5()
 .text._ZN3ros9PublisherC2EPKcPNS_3MsgEi
                0x0000000008002c3c       0x2e ./Core/Src/mainpp.o
                0x0000000008002c3c                ros::Publisher::Publisher(char const*, ros::Msg*, int)
                0x0000000008002c3c                ros::Publisher::Publisher(char const*, ros::Msg*, int)
 .text._ZN3ros9Publisher7publishEPKNS_3MsgE
                0x0000000008002c6a       0x28 ./Core/Src/mainpp.o
                0x0000000008002c6a                ros::Publisher::publish(ros::Msg const*)
 .text._ZN3ros9Publisher15getEndpointTypeEv
                0x0000000008002c92       0x18 ./Core/Src/mainpp.o
                0x0000000008002c92                ros::Publisher::getEndpointType()
 *fill*         0x0000000008002caa        0x2 
 .text._ZN13STM32Hardware10getRdmaIndEv
                0x0000000008002cac      0x180 ./Core/Src/mainpp.o
                0x0000000008002cac                STM32Hardware::getRdmaInd()
 .text._ZN13STM32HardwareC2Ev
                0x0000000008002e2c       0x38 ./Core/Src/mainpp.o
                0x0000000008002e2c                STM32Hardware::STM32Hardware()
                0x0000000008002e2c                STM32Hardware::STM32Hardware()
 .text._ZN13STM32Hardware4initEv
                0x0000000008002e64       0x16 ./Core/Src/mainpp.o
                0x0000000008002e64                STM32Hardware::init()
 .text._ZN13STM32Hardware10reset_rbufEv
                0x0000000008002e7a       0x22 ./Core/Src/mainpp.o
                0x0000000008002e7a                STM32Hardware::reset_rbuf()
 .text._ZN13STM32Hardware4readEv
                0x0000000008002e9c       0x5a ./Core/Src/mainpp.o
                0x0000000008002e9c                STM32Hardware::read()
 *fill*         0x0000000008002ef6        0x2 
 .text._ZN13STM32Hardware5flushEv
                0x0000000008002ef8       0xb8 ./Core/Src/mainpp.o
                0x0000000008002ef8                STM32Hardware::flush()
 .text._ZN13STM32Hardware5writeEPhi
                0x0000000008002fb0       0x8c ./Core/Src/mainpp.o
                0x0000000008002fb0                STM32Hardware::write(unsigned char*, int)
 .text._ZN13STM32Hardware4timeEv
                0x000000000800303c       0x16 ./Core/Src/mainpp.o
                0x000000000800303c                STM32Hardware::time()
 *fill*         0x0000000008003052        0x2 
 .text._ZN8std_msgs19MultiArrayDimensionC2Ev
                0x0000000008003054       0x3c ./Core/Src/mainpp.o
                0x0000000008003054                std_msgs::MultiArrayDimension::MultiArrayDimension()
                0x0000000008003054                std_msgs::MultiArrayDimension::MultiArrayDimension()
 .text._ZNK8std_msgs19MultiArrayDimension9serializeEPh
                0x0000000008003090       0xe6 ./Core/Src/mainpp.o
                0x0000000008003090                std_msgs::MultiArrayDimension::serialize(unsigned char*) const
 .text._ZN8std_msgs19MultiArrayDimension11deserializeEPh
                0x0000000008003176      0x12a ./Core/Src/mainpp.o
                0x0000000008003176                std_msgs::MultiArrayDimension::deserialize(unsigned char*)
 .text._ZN8std_msgs19MultiArrayDimension7getTypeEv
                0x00000000080032a0       0x1c ./Core/Src/mainpp.o
                0x00000000080032a0                std_msgs::MultiArrayDimension::getType()
 .text._ZN8std_msgs19MultiArrayDimension6getMD5Ev
                0x00000000080032bc       0x1c ./Core/Src/mainpp.o
                0x00000000080032bc                std_msgs::MultiArrayDimension::getMD5()
 .text._ZN8std_msgs16MultiArrayLayoutC2Ev
                0x00000000080032d8       0x40 ./Core/Src/mainpp.o
                0x00000000080032d8                std_msgs::MultiArrayLayout::MultiArrayLayout()
                0x00000000080032d8                std_msgs::MultiArrayLayout::MultiArrayLayout()
 .text._ZNK8std_msgs16MultiArrayLayout9serializeEPh
                0x0000000008003318       0xec ./Core/Src/mainpp.o
                0x0000000008003318                std_msgs::MultiArrayLayout::serialize(unsigned char*) const
 .text._ZN8std_msgs16MultiArrayLayout11deserializeEPh
                0x0000000008003404      0x120 ./Core/Src/mainpp.o
                0x0000000008003404                std_msgs::MultiArrayLayout::deserialize(unsigned char*)
 .text._ZN8std_msgs16MultiArrayLayout7getTypeEv
                0x0000000008003524       0x1c ./Core/Src/mainpp.o
                0x0000000008003524                std_msgs::MultiArrayLayout::getType()
 .text._ZN8std_msgs16MultiArrayLayout6getMD5Ev
                0x0000000008003540       0x1c ./Core/Src/mainpp.o
                0x0000000008003540                std_msgs::MultiArrayLayout::getMD5()
 .text._ZN8std_msgs17Float32MultiArrayC2Ev
                0x000000000800355c       0x44 ./Core/Src/mainpp.o
                0x000000000800355c                std_msgs::Float32MultiArray::Float32MultiArray()
                0x000000000800355c                std_msgs::Float32MultiArray::Float32MultiArray()
 .text._ZNK8std_msgs17Float32MultiArray9serializeEPh
                0x00000000080035a0       0xe0 ./Core/Src/mainpp.o
                0x00000000080035a0                std_msgs::Float32MultiArray::serialize(unsigned char*) const
 .text._ZN8std_msgs17Float32MultiArray11deserializeEPh
                0x0000000008003680      0x118 ./Core/Src/mainpp.o
                0x0000000008003680                std_msgs::Float32MultiArray::deserialize(unsigned char*)
 .text._ZN8std_msgs17Float32MultiArray7getTypeEv
                0x0000000008003798       0x1c ./Core/Src/mainpp.o
                0x0000000008003798                std_msgs::Float32MultiArray::getType()
 .text._ZN8std_msgs17Float32MultiArray6getMD5Ev
                0x00000000080037b4       0x1c ./Core/Src/mainpp.o
                0x00000000080037b4                std_msgs::Float32MultiArray::getMD5()
 .text._ZN8std_msgs7Float32C2Ev
                0x00000000080037d0       0x2c ./Core/Src/mainpp.o
                0x00000000080037d0                std_msgs::Float32::Float32()
                0x00000000080037d0                std_msgs::Float32::Float32()
 .text._ZNK8std_msgs7Float329serializeEPh
                0x00000000080037fc       0x64 ./Core/Src/mainpp.o
                0x00000000080037fc                std_msgs::Float32::serialize(unsigned char*) const
 .text._ZN8std_msgs7Float3211deserializeEPh
                0x0000000008003860       0x70 ./Core/Src/mainpp.o
                0x0000000008003860                std_msgs::Float32::deserialize(unsigned char*)
 .text._ZN8std_msgs7Float327getTypeEv
                0x00000000080038d0       0x1c ./Core/Src/mainpp.o
                0x00000000080038d0                std_msgs::Float32::getType()
 .text._ZN8std_msgs7Float326getMD5Ev
                0x00000000080038ec       0x1c ./Core/Src/mainpp.o
                0x00000000080038ec                std_msgs::Float32::getMD5()
 .text._ZN8std_msgs4BoolC2Ev
                0x0000000008003908       0x2c ./Core/Src/mainpp.o
                0x0000000008003908                std_msgs::Bool::Bool()
                0x0000000008003908                std_msgs::Bool::Bool()
 .text._ZNK8std_msgs4Bool9serializeEPh
                0x0000000008003934       0x32 ./Core/Src/mainpp.o
                0x0000000008003934                std_msgs::Bool::serialize(unsigned char*) const
 .text._ZN8std_msgs4Bool11deserializeEPh
                0x0000000008003966       0x3c ./Core/Src/mainpp.o
                0x0000000008003966                std_msgs::Bool::deserialize(unsigned char*)
 *fill*         0x00000000080039a2        0x2 
 .text._ZN8std_msgs4Bool7getTypeEv
                0x00000000080039a4       0x1c ./Core/Src/mainpp.o
                0x00000000080039a4                std_msgs::Bool::getType()
 .text._ZN8std_msgs4Bool6getMD5Ev
                0x00000000080039c0       0x1c ./Core/Src/mainpp.o
                0x00000000080039c0                std_msgs::Bool::getMD5()
 .text._ZL8DWT_Initv
                0x00000000080039dc       0x30 ./Core/Src/mainpp.o
 .text._ZN3ros15NodeHandleBase_C2Ev
                0x0000000008003a0c       0x20 ./Core/Src/mainpp.o
                0x0000000008003a0c                ros::NodeHandleBase_::NodeHandleBase_()
                0x0000000008003a0c                ros::NodeHandleBase_::NodeHandleBase_()
 .text._ZN3ros11NodeHandle_I13STM32HardwareLi100ELi100ELi4096ELi4096EEC2Ev
                0x0000000008003a2c      0x138 ./Core/Src/mainpp.o
                0x0000000008003a2c                ros::NodeHandle_<STM32Hardware, 100, 100, 4096, 4096>::NodeHandle_()
                0x0000000008003a2c                ros::NodeHandle_<STM32Hardware, 100, 100, 4096, 4096>::NodeHandle_()
 .text._Z13read_ble_dataPh
                0x0000000008003b64      0x2f4 ./Core/Src/mainpp.o
                0x0000000008003b64                read_ble_data(unsigned char*)
 .text._Z15read_speed_dataPh
                0x0000000008003e58      0x110 ./Core/Src/mainpp.o
                0x0000000008003e58                read_speed_data(unsigned char*)
 .text.HAL_UART_TxCpltCallback
                0x0000000008003f68       0x30 ./Core/Src/mainpp.o
                0x0000000008003f68                HAL_UART_TxCpltCallback
 .text.HAL_UART_RxCpltCallback
                0x0000000008003f98      0x108 ./Core/Src/mainpp.o
                0x0000000008003f98                HAL_UART_RxCpltCallback
 .text.HAL_UARTEx_RxEventCallback
                0x00000000080040a0      0x210 ./Core/Src/mainpp.o
                0x00000000080040a0                HAL_UARTEx_RxEventCallback
 .text.HAL_UART_ErrorCallback
                0x00000000080042b0      0x198 ./Core/Src/mainpp.o
                0x00000000080042b0                HAL_UART_ErrorCallback
 .text.HAL_TIM_IC_CaptureCallback
                0x0000000008004448      0x170 ./Core/Src/mainpp.o
                0x0000000008004448                HAL_TIM_IC_CaptureCallback
 .text.HAL_TIM_PeriodElapsedCallback
                0x00000000080045b8      0x224 ./Core/Src/mainpp.o
                0x00000000080045b8                HAL_TIM_PeriodElapsedCallback
 .text._Z14speed_callbackRKN8std_msgs7Float32E
                0x00000000080047dc       0x44 ./Core/Src/mainpp.o
                0x00000000080047dc                speed_callback(std_msgs::Float32 const&)
 .text._Z19duty_cycle_callbackRKN8std_msgs7Float32E
                0x0000000008004820       0x90 ./Core/Src/mainpp.o
                0x0000000008004820                duty_cycle_callback(std_msgs::Float32 const&)
 .text._Z17steering_callbackRKN8std_msgs7Float32E
                0x00000000080048b0       0x80 ./Core/Src/mainpp.o
                0x00000000080048b0                steering_callback(std_msgs::Float32 const&)
 .text._Z14brake_callbackRKN8std_msgs17Float32MultiArrayE
                0x0000000008004930      0x110 ./Core/Src/mainpp.o
                0x0000000008004930                brake_callback(std_msgs::Float32MultiArray const&)
 .text._Z19input_mode_callbackRKN8std_msgs4BoolE
                0x0000000008004a40       0x24 ./Core/Src/mainpp.o
                0x0000000008004a40                input_mode_callback(std_msgs::Bool const&)
 .text._Z17pid_mode_callbackRKN8std_msgs4BoolE
                0x0000000008004a64       0x48 ./Core/Src/mainpp.o
                0x0000000008004a64                pid_mode_callback(std_msgs::Bool const&)
 .text.HAL_GPIO_EXTI_Callback
                0x0000000008004aac       0x54 ./Core/Src/mainpp.o
                0x0000000008004aac                HAL_GPIO_EXTI_Callback
 .text._Z9adc_setupv
                0x0000000008004b00       0x1c ./Core/Src/mainpp.o
                0x0000000008004b00                adc_setup()
 .text._Z10uart_setupv
                0x0000000008004b1c      0x158 ./Core/Src/mainpp.o
                0x0000000008004b1c                uart_setup()
 .text._Z11timer_setupv
                0x0000000008004c74      0x1d0 ./Core/Src/mainpp.o
                0x0000000008004c74                timer_setup()
 .text._Z9ros_setupv
                0x0000000008004e44       0x94 ./Core/Src/mainpp.o
                0x0000000008004e44                ros_setup()
 .text._Z15read_parametersv
                0x0000000008004ed8       0xb8 ./Core/Src/mainpp.o
                0x0000000008004ed8                read_parameters()
 .text.setup    0x0000000008004f90       0x54 ./Core/Src/mainpp.o
                0x0000000008004f90                setup
 .text.loop     0x0000000008004fe4       0xc0 ./Core/Src/mainpp.o
                0x0000000008004fe4                loop
 .text._ZN3ros3Msg8varToArrIPhmEEvT_T0_
                0x00000000080050a4       0x3e ./Core/Src/mainpp.o
                0x00000000080050a4                void ros::Msg::varToArr<unsigned char*, unsigned long>(unsigned char*, unsigned long)
 .text._ZN3ros3Msg8arrToVarImPhEEvRT_T0_
                0x00000000080050e2       0x4c ./Core/Src/mainpp.o
                0x00000000080050e2                void ros::Msg::arrToVar<unsigned long, unsigned char*>(unsigned long&, unsigned char*)
 .text._ZN3ros11NodeHandle_I13STM32HardwareLi100ELi100ELi4096ELi4096EE11getHardwareEv
                0x000000000800512e       0x18 ./Core/Src/mainpp.o
                0x000000000800512e                ros::NodeHandle_<STM32Hardware, 100, 100, 4096, 4096>::getHardware()
 .text._ZN3ros11NodeHandle_I13STM32HardwareLi100ELi100ELi4096ELi4096EE8spinOnceEv
                0x0000000008005146      0x4e2 ./Core/Src/mainpp.o
                0x0000000008005146                ros::NodeHandle_<STM32Hardware, 100, 100, 4096, 4096>::spinOnce()
 .text._ZN3ros11Subscriber_C2Ev
                0x0000000008005628       0x20 ./Core/Src/mainpp.o
                0x0000000008005628                ros::Subscriber_::Subscriber_()
                0x0000000008005628                ros::Subscriber_::Subscriber_()
 .text._ZN3ros10SubscriberIN8std_msgs7Float32EvEC2EPKcPFvRKS2_Ei
                0x0000000008005648       0x48 ./Core/Src/mainpp.o
                0x0000000008005648                ros::Subscriber<std_msgs::Float32, void>::Subscriber(char const*, void (*)(std_msgs::Float32 const&), int)
                0x0000000008005648                ros::Subscriber<std_msgs::Float32, void>::Subscriber(char const*, void (*)(std_msgs::Float32 const&), int)
 .text._ZN3ros10SubscriberIN8std_msgs17Float32MultiArrayEvEC2EPKcPFvRKS2_Ei
                0x0000000008005690       0x48 ./Core/Src/mainpp.o
                0x0000000008005690                ros::Subscriber<std_msgs::Float32MultiArray, void>::Subscriber(char const*, void (*)(std_msgs::Float32MultiArray const&), int)
                0x0000000008005690                ros::Subscriber<std_msgs::Float32MultiArray, void>::Subscriber(char const*, void (*)(std_msgs::Float32MultiArray const&), int)
 .text._ZN3ros10SubscriberIN8std_msgs4BoolEvEC2EPKcPFvRKS2_Ei
                0x00000000080056d8       0x48 ./Core/Src/mainpp.o
                0x00000000080056d8                ros::Subscriber<std_msgs::Bool, void>::Subscriber(char const*, void (*)(std_msgs::Bool const&), int)
                0x00000000080056d8                ros::Subscriber<std_msgs::Bool, void>::Subscriber(char const*, void (*)(std_msgs::Bool const&), int)
 .text._ZN3ros11NodeHandle_I13STM32HardwareLi100ELi100ELi4096ELi4096EE8initNodeEv
                0x0000000008005720       0x52 ./Core/Src/mainpp.o
                0x0000000008005720                ros::NodeHandle_<STM32Hardware, 100, 100, 4096, 4096>::initNode()
 .text._ZN3ros11NodeHandle_I13STM32HardwareLi100ELi100ELi4096ELi4096EE9subscribeERNS_11Subscriber_E
                0x0000000008005772       0x5a ./Core/Src/mainpp.o
                0x0000000008005772                ros::NodeHandle_<STM32Hardware, 100, 100, 4096, 4096>::subscribe(ros::Subscriber_&)
 .text._ZN3ros11NodeHandle_I13STM32HardwareLi100ELi100ELi4096ELi4096EE9advertiseERNS_9PublisherE
                0x00000000080057cc       0x60 ./Core/Src/mainpp.o
                0x00000000080057cc                ros::NodeHandle_<STM32Hardware, 100, 100, 4096, 4096>::advertise(ros::Publisher&)
 .text._ZN3ros11NodeHandle_I13STM32HardwareLi100ELi100ELi4096ELi4096EE15requestSyncTimeEv
                0x000000000800582c       0x3c ./Core/Src/mainpp.o
                0x000000000800582c                ros::NodeHandle_<STM32Hardware, 100, 100, 4096, 4096>::requestSyncTime()
 .text._ZN3ros11NodeHandle_I13STM32HardwareLi100ELi100ELi4096ELi4096EE15negotiateTopicsEv
                0x0000000008005868      0x1d4 ./Core/Src/mainpp.o
                0x0000000008005868                ros::NodeHandle_<STM32Hardware, 100, 100, 4096, 4096>::negotiateTopics()
 .text._ZN3ros11NodeHandle_I13STM32HardwareLi100ELi100ELi4096ELi4096EE8syncTimeEPh
                0x0000000008005a3c       0x9c ./Core/Src/mainpp.o
                0x0000000008005a3c                ros::NodeHandle_<STM32Hardware, 100, 100, 4096, 4096>::syncTime(unsigned char*)
 .text._ZN3ros11NodeHandle_I13STM32HardwareLi100ELi100ELi4096ELi4096EE7publishEiPKNS_3MsgE
                0x0000000008005ad8      0x158 ./Core/Src/mainpp.o
                0x0000000008005ad8                ros::NodeHandle_<STM32Hardware, 100, 100, 4096, 4096>::publish(int, ros::Msg const*)
 .text._ZN3ros11NodeHandle_I13STM32HardwareLi100ELi100ELi4096ELi4096EE6setNowERKNS_4TimeE
                0x0000000008005c30       0x80 ./Core/Src/mainpp.o
                0x0000000008005c30                ros::NodeHandle_<STM32Hardware, 100, 100, 4096, 4096>::setNow(ros::Time const&)
 .text._ZN3ros11NodeHandle_I13STM32HardwareLi100ELi100ELi4096ELi4096EE8logerrorEPKc
                0x0000000008005cb0       0x1c ./Core/Src/mainpp.o
                0x0000000008005cb0                ros::NodeHandle_<STM32Hardware, 100, 100, 4096, 4096>::logerror(char const*)
 .text._ZN3ros11NodeHandle_I13STM32HardwareLi100ELi100ELi4096ELi4096EE3logEcPKc
                0x0000000008005ccc       0x38 ./Core/Src/mainpp.o
                0x0000000008005ccc                ros::NodeHandle_<STM32Hardware, 100, 100, 4096, 4096>::log(char, char const*)
 .text._Z41__static_initialization_and_destruction_0ii
                0x0000000008005d04      0x12c ./Core/Src/mainpp.o
 .text._ZN3ros10SubscriberIN8std_msgs4BoolEvE8callbackEPh
                0x0000000008005e30       0x2a ./Core/Src/mainpp.o
                0x0000000008005e30                ros::Subscriber<std_msgs::Bool, void>::callback(unsigned char*)
 .text._ZN3ros10SubscriberIN8std_msgs4BoolEvE15getEndpointTypeEv
                0x0000000008005e5a       0x18 ./Core/Src/mainpp.o
                0x0000000008005e5a                ros::Subscriber<std_msgs::Bool, void>::getEndpointType()
 .text._ZN3ros10SubscriberIN8std_msgs4BoolEvE10getMsgTypeEv
                0x0000000008005e72       0x1c ./Core/Src/mainpp.o
                0x0000000008005e72                ros::Subscriber<std_msgs::Bool, void>::getMsgType()
 .text._ZN3ros10SubscriberIN8std_msgs4BoolEvE9getMsgMD5Ev
                0x0000000008005e8e       0x1c ./Core/Src/mainpp.o
                0x0000000008005e8e                ros::Subscriber<std_msgs::Bool, void>::getMsgMD5()
 .text._ZN3ros10SubscriberIN8std_msgs17Float32MultiArrayEvE8callbackEPh
                0x0000000008005eaa       0x2a ./Core/Src/mainpp.o
                0x0000000008005eaa                ros::Subscriber<std_msgs::Float32MultiArray, void>::callback(unsigned char*)
 .text._ZN3ros10SubscriberIN8std_msgs17Float32MultiArrayEvE15getEndpointTypeEv
                0x0000000008005ed4       0x18 ./Core/Src/mainpp.o
                0x0000000008005ed4                ros::Subscriber<std_msgs::Float32MultiArray, void>::getEndpointType()
 .text._ZN3ros10SubscriberIN8std_msgs17Float32MultiArrayEvE10getMsgTypeEv
                0x0000000008005eec       0x1c ./Core/Src/mainpp.o
                0x0000000008005eec                ros::Subscriber<std_msgs::Float32MultiArray, void>::getMsgType()
 .text._ZN3ros10SubscriberIN8std_msgs17Float32MultiArrayEvE9getMsgMD5Ev
                0x0000000008005f08       0x1c ./Core/Src/mainpp.o
                0x0000000008005f08                ros::Subscriber<std_msgs::Float32MultiArray, void>::getMsgMD5()
 .text._ZN3ros10SubscriberIN8std_msgs7Float32EvE8callbackEPh
                0x0000000008005f24       0x2a ./Core/Src/mainpp.o
                0x0000000008005f24                ros::Subscriber<std_msgs::Float32, void>::callback(unsigned char*)
 .text._ZN3ros10SubscriberIN8std_msgs7Float32EvE15getEndpointTypeEv
                0x0000000008005f4e       0x18 ./Core/Src/mainpp.o
                0x0000000008005f4e                ros::Subscriber<std_msgs::Float32, void>::getEndpointType()
 .text._ZN3ros10SubscriberIN8std_msgs7Float32EvE10getMsgTypeEv
                0x0000000008005f66       0x1c ./Core/Src/mainpp.o
                0x0000000008005f66                ros::Subscriber<std_msgs::Float32, void>::getMsgType()
 .text._ZN3ros10SubscriberIN8std_msgs7Float32EvE9getMsgMD5Ev
                0x0000000008005f82       0x1c ./Core/Src/mainpp.o
                0x0000000008005f82                ros::Subscriber<std_msgs::Float32, void>::getMsgMD5()
 .text._ZN3ros11NodeHandle_I13STM32HardwareLi100ELi100ELi4096ELi4096EE9connectedEv
                0x0000000008005f9e       0x1e ./Core/Src/mainpp.o
                0x0000000008005f9e                ros::NodeHandle_<STM32Hardware, 100, 100, 4096, 4096>::connected()
 .text._GLOBAL__sub_I_nh
                0x0000000008005fbc       0x10 ./Core/Src/mainpp.o
 .text.HAL_MspInit
                0x0000000008005fcc       0x34 ./Core/Src/stm32h7xx_hal_msp.o
                0x0000000008005fcc                HAL_MspInit
 .text.HAL_ADC_MspInit
                0x0000000008006000      0x1e4 ./Core/Src/stm32h7xx_hal_msp.o
                0x0000000008006000                HAL_ADC_MspInit
 .text.HAL_UART_MspInit
                0x00000000080061e4      0x714 ./Core/Src/stm32h7xx_hal_msp.o
                0x00000000080061e4                HAL_UART_MspInit
 .text.HAL_QSPI_MspInit
                0x00000000080068f8      0x194 ./Core/Src/stm32h7xx_hal_msp.o
                0x00000000080068f8                HAL_QSPI_MspInit
 .text.HAL_TIM_Base_MspInit
                0x0000000008006a8c      0x1f8 ./Core/Src/stm32h7xx_hal_msp.o
                0x0000000008006a8c                HAL_TIM_Base_MspInit
 .text.HAL_TIM_MspPostInit
                0x0000000008006c84       0xc4 ./Core/Src/stm32h7xx_hal_msp.o
                0x0000000008006c84                HAL_TIM_MspPostInit
 .text.NMI_Handler
                0x0000000008006d48        0x6 ./Core/Src/stm32h7xx_it.o
                0x0000000008006d48                NMI_Handler
 .text.HardFault_Handler
                0x0000000008006d4e        0x6 ./Core/Src/stm32h7xx_it.o
                0x0000000008006d4e                HardFault_Handler
 .text.MemManage_Handler
                0x0000000008006d54        0x6 ./Core/Src/stm32h7xx_it.o
                0x0000000008006d54                MemManage_Handler
 .text.BusFault_Handler
                0x0000000008006d5a        0x6 ./Core/Src/stm32h7xx_it.o
                0x0000000008006d5a                BusFault_Handler
 .text.UsageFault_Handler
                0x0000000008006d60        0x6 ./Core/Src/stm32h7xx_it.o
                0x0000000008006d60                UsageFault_Handler
 .text.SVC_Handler
                0x0000000008006d66        0xe ./Core/Src/stm32h7xx_it.o
                0x0000000008006d66                SVC_Handler
 .text.DebugMon_Handler
                0x0000000008006d74        0xe ./Core/Src/stm32h7xx_it.o
                0x0000000008006d74                DebugMon_Handler
 .text.PendSV_Handler
                0x0000000008006d82        0xe ./Core/Src/stm32h7xx_it.o
                0x0000000008006d82                PendSV_Handler
 .text.SysTick_Handler
                0x0000000008006d90        0xc ./Core/Src/stm32h7xx_it.o
                0x0000000008006d90                SysTick_Handler
 .text.DMA1_Stream0_IRQHandler
                0x0000000008006d9c       0x14 ./Core/Src/stm32h7xx_it.o
                0x0000000008006d9c                DMA1_Stream0_IRQHandler
 .text.DMA1_Stream1_IRQHandler
                0x0000000008006db0       0x14 ./Core/Src/stm32h7xx_it.o
                0x0000000008006db0                DMA1_Stream1_IRQHandler
 .text.DMA1_Stream2_IRQHandler
                0x0000000008006dc4       0x14 ./Core/Src/stm32h7xx_it.o
                0x0000000008006dc4                DMA1_Stream2_IRQHandler
 .text.DMA1_Stream3_IRQHandler
                0x0000000008006dd8       0x14 ./Core/Src/stm32h7xx_it.o
                0x0000000008006dd8                DMA1_Stream3_IRQHandler
 .text.DMA1_Stream4_IRQHandler
                0x0000000008006dec       0x14 ./Core/Src/stm32h7xx_it.o
                0x0000000008006dec                DMA1_Stream4_IRQHandler
 .text.DMA1_Stream5_IRQHandler
                0x0000000008006e00       0x14 ./Core/Src/stm32h7xx_it.o
                0x0000000008006e00                DMA1_Stream5_IRQHandler
 .text.ADC_IRQHandler
                0x0000000008006e14       0x14 ./Core/Src/stm32h7xx_it.o
                0x0000000008006e14                ADC_IRQHandler
 .text.EXTI9_5_IRQHandler
                0x0000000008006e28       0x10 ./Core/Src/stm32h7xx_it.o
                0x0000000008006e28                EXTI9_5_IRQHandler
 .text.TIM5_IRQHandler
                0x0000000008006e38       0x14 ./Core/Src/stm32h7xx_it.o
                0x0000000008006e38                TIM5_IRQHandler
 .text.UART4_IRQHandler
                0x0000000008006e4c       0x14 ./Core/Src/stm32h7xx_it.o
                0x0000000008006e4c                UART4_IRQHandler
 .text.UART5_IRQHandler
                0x0000000008006e60       0x14 ./Core/Src/stm32h7xx_it.o
                0x0000000008006e60                UART5_IRQHandler
 .text.TIM6_DAC_IRQHandler
                0x0000000008006e74       0x14 ./Core/Src/stm32h7xx_it.o
                0x0000000008006e74                TIM6_DAC_IRQHandler
 .text.UART7_IRQHandler
                0x0000000008006e88       0x14 ./Core/Src/stm32h7xx_it.o
                0x0000000008006e88                UART7_IRQHandler
 .text.UART8_IRQHandler
                0x0000000008006e9c       0x14 ./Core/Src/stm32h7xx_it.o
                0x0000000008006e9c                UART8_IRQHandler
 .text.TIM15_IRQHandler
                0x0000000008006eb0       0x14 ./Core/Src/stm32h7xx_it.o
                0x0000000008006eb0                TIM15_IRQHandler
 .text.TIM16_IRQHandler
                0x0000000008006ec4       0x14 ./Core/Src/stm32h7xx_it.o
                0x0000000008006ec4                TIM16_IRQHandler
 .text.BDMA_Channel0_IRQHandler
                0x0000000008006ed8       0x14 ./Core/Src/stm32h7xx_it.o
                0x0000000008006ed8                BDMA_Channel0_IRQHandler
 .text.LPUART1_IRQHandler
                0x0000000008006eec       0x14 ./Core/Src/stm32h7xx_it.o
                0x0000000008006eec                LPUART1_IRQHandler
 .text._getpid  0x0000000008006f00       0x10 ./Core/Src/syscalls.o
                0x0000000008006f00                _getpid
 .text._kill    0x0000000008006f10       0x20 ./Core/Src/syscalls.o
                0x0000000008006f10                _kill
 .text._exit    0x0000000008006f30       0x14 ./Core/Src/syscalls.o
                0x0000000008006f30                _exit
 .text._read    0x0000000008006f44       0x3a ./Core/Src/syscalls.o
                0x0000000008006f44                _read
 .text._write   0x0000000008006f7e       0x38 ./Core/Src/syscalls.o
                0x0000000008006f7e                _write
 .text._close   0x0000000008006fb6       0x18 ./Core/Src/syscalls.o
                0x0000000008006fb6                _close
 .text._fstat   0x0000000008006fce       0x20 ./Core/Src/syscalls.o
                0x0000000008006fce                _fstat
 .text._isatty  0x0000000008006fee       0x16 ./Core/Src/syscalls.o
                0x0000000008006fee                _isatty
 .text._lseek   0x0000000008007004       0x1a ./Core/Src/syscalls.o
                0x0000000008007004                _lseek
 *fill*         0x000000000800701e        0x2 
 .text._sbrk    0x0000000008007020       0x6c ./Core/Src/sysmem.o
                0x0000000008007020                _sbrk
 .text.SystemInit
                0x000000000800708c      0x110 ./Core/Src/system_stm32h7xx.o
                0x000000000800708c                SystemInit
 .text._ZN3ros16normalizeSecNSecERmS0_
                0x000000000800719c       0x58 ./Core/Src/time.o
                0x000000000800719c                ros::normalizeSecNSec(unsigned long&, unsigned long&)
 .text.Reset_Handler
                0x00000000080071f4       0x50 ./Core/Startup/startup_stm32h750vbtx.o
                0x00000000080071f4                Reset_Handler
 .text.Default_Handler
                0x0000000008007244        0x2 ./Core/Startup/startup_stm32h750vbtx.o
                0x0000000008007244                RTC_Alarm_IRQHandler
                0x0000000008007244                HASH_RNG_IRQHandler
                0x0000000008007244                EXTI2_IRQHandler
                0x0000000008007244                TIM8_CC_IRQHandler
                0x0000000008007244                HRTIM1_Master_IRQHandler
                0x0000000008007244                SPI4_IRQHandler
                0x0000000008007244                TIM1_CC_IRQHandler
                0x0000000008007244                BDMA_Channel6_IRQHandler
                0x0000000008007244                DMA2_Stream5_IRQHandler
                0x0000000008007244                HRTIM1_FLT_IRQHandler
                0x0000000008007244                JPEG_IRQHandler
                0x0000000008007244                BDMA_Channel1_IRQHandler
                0x0000000008007244                HRTIM1_TIMD_IRQHandler
                0x0000000008007244                TAMP_STAMP_IRQHandler
                0x0000000008007244                EXTI3_IRQHandler
                0x0000000008007244                LPTIM4_IRQHandler
                0x0000000008007244                TIM8_TRG_COM_TIM14_IRQHandler
                0x0000000008007244                LPTIM2_IRQHandler
                0x0000000008007244                DFSDM1_FLT1_IRQHandler
                0x0000000008007244                DMAMUX2_OVR_IRQHandler
                0x0000000008007244                TIM8_UP_TIM13_IRQHandler
                0x0000000008007244                I2C3_ER_IRQHandler
                0x0000000008007244                DFSDM1_FLT2_IRQHandler
                0x0000000008007244                MDMA_IRQHandler
                0x0000000008007244                LPTIM3_IRQHandler
                0x0000000008007244                HSEM1_IRQHandler
                0x0000000008007244                EXTI0_IRQHandler
                0x0000000008007244                I2C2_EV_IRQHandler
                0x0000000008007244                FPU_IRQHandler
                0x0000000008007244                OTG_HS_WKUP_IRQHandler
                0x0000000008007244                FDCAN1_IT1_IRQHandler
                0x0000000008007244                LTDC_ER_IRQHandler
                0x0000000008007244                DMA2_Stream2_IRQHandler
                0x0000000008007244                HRTIM1_TIME_IRQHandler
                0x0000000008007244                SPI1_IRQHandler
                0x0000000008007244                DCMI_IRQHandler
                0x0000000008007244                HRTIM1_TIMC_IRQHandler
                0x0000000008007244                DMA2_Stream3_IRQHandler
                0x0000000008007244                SAI2_IRQHandler
                0x0000000008007244                DFSDM1_FLT3_IRQHandler
                0x0000000008007244                USART6_IRQHandler
                0x0000000008007244                TIM17_IRQHandler
                0x0000000008007244                USART3_IRQHandler
                0x0000000008007244                BDMA_Channel7_IRQHandler
                0x0000000008007244                CRYP_IRQHandler
                0x0000000008007244                LPTIM5_IRQHandler
                0x0000000008007244                ADC3_IRQHandler
                0x0000000008007244                DMA2_Stream0_IRQHandler
                0x0000000008007244                TIM4_IRQHandler
                0x0000000008007244                BDMA_Channel2_IRQHandler
                0x0000000008007244                QUADSPI_IRQHandler
                0x0000000008007244                I2C1_EV_IRQHandler
                0x0000000008007244                DMA1_Stream6_IRQHandler
                0x0000000008007244                DMAMUX1_OVR_IRQHandler
                0x0000000008007244                BDMA_Channel5_IRQHandler
                0x0000000008007244                TIM3_IRQHandler
                0x0000000008007244                RCC_IRQHandler
                0x0000000008007244                TIM8_BRK_TIM12_IRQHandler
                0x0000000008007244                TIM1_TRG_COM_IRQHandler
                0x0000000008007244                Default_Handler
                0x0000000008007244                ECC_IRQHandler
                0x0000000008007244                CEC_IRQHandler
                0x0000000008007244                EXTI15_10_IRQHandler
                0x0000000008007244                DMA1_Stream7_IRQHandler
                0x0000000008007244                HRTIM1_TIMA_IRQHandler
                0x0000000008007244                SPI5_IRQHandler
                0x0000000008007244                TIM7_IRQHandler
                0x0000000008007244                SDMMC1_IRQHandler
                0x0000000008007244                DMA2_Stream7_IRQHandler
                0x0000000008007244                PVD_AVD_IRQHandler
                0x0000000008007244                I2C3_EV_IRQHandler
                0x0000000008007244                RTC_WKUP_IRQHandler
                0x0000000008007244                LTDC_IRQHandler
                0x0000000008007244                SAI3_IRQHandler
                0x0000000008007244                ETH_WKUP_IRQHandler
                0x0000000008007244                SPDIF_RX_IRQHandler
                0x0000000008007244                SPI2_IRQHandler
                0x0000000008007244                OTG_HS_EP1_IN_IRQHandler
                0x0000000008007244                CRS_IRQHandler
                0x0000000008007244                EXTI4_IRQHandler
                0x0000000008007244                HRTIM1_TIMB_IRQHandler
                0x0000000008007244                FDCAN2_IT1_IRQHandler
                0x0000000008007244                ETH_IRQHandler
                0x0000000008007244                TIM1_UP_IRQHandler
                0x0000000008007244                BDMA_Channel4_IRQHandler
                0x0000000008007244                OTG_HS_EP1_OUT_IRQHandler
                0x0000000008007244                WWDG_IRQHandler
                0x0000000008007244                SPI6_IRQHandler
                0x0000000008007244                MDIOS_IRQHandler
                0x0000000008007244                I2C4_EV_IRQHandler
                0x0000000008007244                FDCAN2_IT0_IRQHandler
                0x0000000008007244                FDCAN1_IT0_IRQHandler
                0x0000000008007244                TIM2_IRQHandler
                0x0000000008007244                OTG_FS_WKUP_IRQHandler
                0x0000000008007244                OTG_HS_IRQHandler
                0x0000000008007244                DMA2D_IRQHandler
                0x0000000008007244                TIM1_BRK_IRQHandler
                0x0000000008007244                EXTI1_IRQHandler
                0x0000000008007244                SDMMC2_IRQHandler
                0x0000000008007244                OTG_FS_EP1_OUT_IRQHandler
                0x0000000008007244                BDMA_Channel3_IRQHandler
                0x0000000008007244                MDIOS_WKUP_IRQHandler
                0x0000000008007244                USART2_IRQHandler
                0x0000000008007244                DFSDM1_FLT0_IRQHandler
                0x0000000008007244                SAI4_IRQHandler
                0x0000000008007244                I2C2_ER_IRQHandler
                0x0000000008007244                DMA2_Stream1_IRQHandler
                0x0000000008007244                FLASH_IRQHandler
                0x0000000008007244                DMA2_Stream4_IRQHandler
                0x0000000008007244                USART1_IRQHandler
                0x0000000008007244                OTG_FS_IRQHandler
                0x0000000008007244                SPI3_IRQHandler
                0x0000000008007244                WAKEUP_PIN_IRQHandler
                0x0000000008007244                OTG_FS_EP1_IN_IRQHandler
                0x0000000008007244                I2C1_ER_IRQHandler
                0x0000000008007244                FMC_IRQHandler
                0x0000000008007244                FDCAN_CAL_IRQHandler
                0x0000000008007244                SWPMI1_IRQHandler
                0x0000000008007244                COMP1_IRQHandler
                0x0000000008007244                LPTIM1_IRQHandler
                0x0000000008007244                I2C4_ER_IRQHandler
                0x0000000008007244                DMA2_Stream6_IRQHandler
                0x0000000008007244                SAI1_IRQHandler
 *fill*         0x0000000008007246        0x2 
 .text.HAL_Init
                0x0000000008007248       0x78 ./Drivers/STM32H7xx_HAL_Driver/Src/stm32h7xx_hal.o
                0x0000000008007248                HAL_Init
 .text.HAL_InitTick
                0x00000000080072c0       0x6c ./Drivers/STM32H7xx_HAL_Driver/Src/stm32h7xx_hal.o
                0x00000000080072c0                HAL_InitTick
 .text.HAL_IncTick
                0x000000000800732c       0x28 ./Drivers/STM32H7xx_HAL_Driver/Src/stm32h7xx_hal.o
                0x000000000800732c                HAL_IncTick
 .text.HAL_GetTick
                0x0000000008007354       0x18 ./Drivers/STM32H7xx_HAL_Driver/Src/stm32h7xx_hal.o
                0x0000000008007354                HAL_GetTick
 .text.HAL_Delay
                0x000000000800736c       0x48 ./Drivers/STM32H7xx_HAL_Driver/Src/stm32h7xx_hal.o
                0x000000000800736c                HAL_Delay
 .text.HAL_GetREVID
                0x00000000080073b4       0x18 ./Drivers/STM32H7xx_HAL_Driver/Src/stm32h7xx_hal.o
                0x00000000080073b4                HAL_GetREVID
 .text.LL_ADC_SetCommonClock
                0x00000000080073cc       0x26 ./Drivers/STM32H7xx_HAL_Driver/Src/stm32h7xx_hal_adc.o
 .text.LL_ADC_SetCommonPathInternalCh
                0x00000000080073f2       0x26 ./Drivers/STM32H7xx_HAL_Driver/Src/stm32h7xx_hal_adc.o
 .text.LL_ADC_GetCommonPathInternalCh
                0x0000000008007418       0x1c ./Drivers/STM32H7xx_HAL_Driver/Src/stm32h7xx_hal_adc.o
 .text.LL_ADC_SetOffset
                0x0000000008007434       0x40 ./Drivers/STM32H7xx_HAL_Driver/Src/stm32h7xx_hal_adc.o
 .text.LL_ADC_SetDataRightShift
                0x0000000008007474       0x32 ./Drivers/STM32H7xx_HAL_Driver/Src/stm32h7xx_hal_adc.o
 .text.LL_ADC_SetOffsetSignedSaturation
                0x00000000080074a6       0x36 ./Drivers/STM32H7xx_HAL_Driver/Src/stm32h7xx_hal_adc.o
 .text.LL_ADC_REG_IsTriggerSourceSWStart
                0x00000000080074dc       0x26 ./Drivers/STM32H7xx_HAL_Driver/Src/stm32h7xx_hal_adc.o
 .text.LL_ADC_REG_SetSequencerRanks
                0x0000000008007502       0x58 ./Drivers/STM32H7xx_HAL_Driver/Src/stm32h7xx_hal_adc.o
 .text.LL_ADC_REG_SetDataTransferMode
                0x000000000800755a       0x26 ./Drivers/STM32H7xx_HAL_Driver/Src/stm32h7xx_hal_adc.o
 .text.LL_ADC_INJ_IsTriggerSourceSWStart
                0x0000000008007580       0x26 ./Drivers/STM32H7xx_HAL_Driver/Src/stm32h7xx_hal_adc.o
 .text.LL_ADC_SetChannelSamplingTime
                0x00000000080075a6       0x56 ./Drivers/STM32H7xx_HAL_Driver/Src/stm32h7xx_hal_adc.o
 .text.LL_ADC_SetChannelSingleDiff
                0x00000000080075fc       0x48 ./Drivers/STM32H7xx_HAL_Driver/Src/stm32h7xx_hal_adc.o
 .text.LL_ADC_GetMultimode
                0x0000000008007644       0x1c ./Drivers/STM32H7xx_HAL_Driver/Src/stm32h7xx_hal_adc.o
 .text.LL_ADC_GetMultiDMATransfer
                0x0000000008007660       0x1c ./Drivers/STM32H7xx_HAL_Driver/Src/stm32h7xx_hal_adc.o
 .text.LL_ADC_DisableDeepPowerDown
                0x000000000800767c       0x24 ./Drivers/STM32H7xx_HAL_Driver/Src/stm32h7xx_hal_adc.o
 .text.LL_ADC_IsDeepPowerDownEnabled
                0x00000000080076a0       0x28 ./Drivers/STM32H7xx_HAL_Driver/Src/stm32h7xx_hal_adc.o
 .text.LL_ADC_EnableInternalRegulator
                0x00000000080076c8       0x28 ./Drivers/STM32H7xx_HAL_Driver/Src/stm32h7xx_hal_adc.o
 .text.LL_ADC_IsInternalRegulatorEnabled
                0x00000000080076f0       0x28 ./Drivers/STM32H7xx_HAL_Driver/Src/stm32h7xx_hal_adc.o
 .text.LL_ADC_Enable
                0x0000000008007718       0x28 ./Drivers/STM32H7xx_HAL_Driver/Src/stm32h7xx_hal_adc.o
 .text.LL_ADC_IsEnabled
                0x0000000008007740       0x26 ./Drivers/STM32H7xx_HAL_Driver/Src/stm32h7xx_hal_adc.o
 *fill*         0x0000000008007766        0x2 
 .text.LL_ADC_REG_StartConversion
                0x0000000008007768       0x28 ./Drivers/STM32H7xx_HAL_Driver/Src/stm32h7xx_hal_adc.o
 .text.LL_ADC_REG_IsConversionOngoing
                0x0000000008007790       0x26 ./Drivers/STM32H7xx_HAL_Driver/Src/stm32h7xx_hal_adc.o
 .text.LL_ADC_INJ_IsConversionOngoing
                0x00000000080077b6       0x26 ./Drivers/STM32H7xx_HAL_Driver/Src/stm32h7xx_hal_adc.o
 .text.HAL_ADC_Init
                0x00000000080077dc      0x344 ./Drivers/STM32H7xx_HAL_Driver/Src/stm32h7xx_hal_adc.o
                0x00000000080077dc                HAL_ADC_Init
 .text.HAL_ADC_Start_DMA
                0x0000000008007b20      0x188 ./Drivers/STM32H7xx_HAL_Driver/Src/stm32h7xx_hal_adc.o
                0x0000000008007b20                HAL_ADC_Start_DMA
 .text.HAL_ADC_IRQHandler
                0x0000000008007ca8      0x474 ./Drivers/STM32H7xx_HAL_Driver/Src/stm32h7xx_hal_adc.o
                0x0000000008007ca8                HAL_ADC_IRQHandler
 .text.HAL_ADC_ConvCpltCallback
                0x000000000800811c       0x14 ./Drivers/STM32H7xx_HAL_Driver/Src/stm32h7xx_hal_adc.o
                0x000000000800811c                HAL_ADC_ConvCpltCallback
 .text.HAL_ADC_ConvHalfCpltCallback
                0x0000000008008130       0x14 ./Drivers/STM32H7xx_HAL_Driver/Src/stm32h7xx_hal_adc.o
                0x0000000008008130                HAL_ADC_ConvHalfCpltCallback
 .text.HAL_ADC_LevelOutOfWindowCallback
                0x0000000008008144       0x14 ./Drivers/STM32H7xx_HAL_Driver/Src/stm32h7xx_hal_adc.o
                0x0000000008008144                HAL_ADC_LevelOutOfWindowCallback
 .text.HAL_ADC_ErrorCallback
                0x0000000008008158       0x14 ./Drivers/STM32H7xx_HAL_Driver/Src/stm32h7xx_hal_adc.o
                0x0000000008008158                HAL_ADC_ErrorCallback
 .text.HAL_ADC_ConfigChannel
                0x000000000800816c      0x6a0 ./Drivers/STM32H7xx_HAL_Driver/Src/stm32h7xx_hal_adc.o
                0x000000000800816c                HAL_ADC_ConfigChannel
 .text.ADC_Enable
                0x000000000800880c      0x114 ./Drivers/STM32H7xx_HAL_Driver/Src/stm32h7xx_hal_adc.o
                0x000000000800880c                ADC_Enable
 .text.ADC_DMAConvCplt
                0x0000000008008920       0xd8 ./Drivers/STM32H7xx_HAL_Driver/Src/stm32h7xx_hal_adc.o
                0x0000000008008920                ADC_DMAConvCplt
 .text.ADC_DMAHalfConvCplt
                0x00000000080089f8       0x1c ./Drivers/STM32H7xx_HAL_Driver/Src/stm32h7xx_hal_adc.o
                0x00000000080089f8                ADC_DMAHalfConvCplt
 .text.ADC_DMAError
                0x0000000008008a14       0x34 ./Drivers/STM32H7xx_HAL_Driver/Src/stm32h7xx_hal_adc.o
                0x0000000008008a14                ADC_DMAError
 .text.ADC_ConfigureBoostMode
                0x0000000008008a48      0x218 ./Drivers/STM32H7xx_HAL_Driver/Src/stm32h7xx_hal_adc.o
                0x0000000008008a48                ADC_ConfigureBoostMode
 .text.LL_ADC_IsEnabled
                0x0000000008008c60       0x26 ./Drivers/STM32H7xx_HAL_Driver/Src/stm32h7xx_hal_adc_ex.o
 .text.LL_ADC_REG_IsConversionOngoing
                0x0000000008008c86       0x26 ./Drivers/STM32H7xx_HAL_Driver/Src/stm32h7xx_hal_adc_ex.o
 .text.HAL_ADCEx_InjectedConvCpltCallback
                0x0000000008008cac       0x14 ./Drivers/STM32H7xx_HAL_Driver/Src/stm32h7xx_hal_adc_ex.o
                0x0000000008008cac                HAL_ADCEx_InjectedConvCpltCallback
 .text.HAL_ADCEx_InjectedQueueOverflowCallback
                0x0000000008008cc0       0x14 ./Drivers/STM32H7xx_HAL_Driver/Src/stm32h7xx_hal_adc_ex.o
                0x0000000008008cc0                HAL_ADCEx_InjectedQueueOverflowCallback
 .text.HAL_ADCEx_LevelOutOfWindow2Callback
                0x0000000008008cd4       0x14 ./Drivers/STM32H7xx_HAL_Driver/Src/stm32h7xx_hal_adc_ex.o
                0x0000000008008cd4                HAL_ADCEx_LevelOutOfWindow2Callback
 .text.HAL_ADCEx_LevelOutOfWindow3Callback
                0x0000000008008ce8       0x14 ./Drivers/STM32H7xx_HAL_Driver/Src/stm32h7xx_hal_adc_ex.o
                0x0000000008008ce8                HAL_ADCEx_LevelOutOfWindow3Callback
 .text.HAL_ADCEx_EndOfSamplingCallback
                0x0000000008008cfc       0x14 ./Drivers/STM32H7xx_HAL_Driver/Src/stm32h7xx_hal_adc_ex.o
                0x0000000008008cfc                HAL_ADCEx_EndOfSamplingCallback
 .text.HAL_ADCEx_MultiModeConfigChannel
                0x0000000008008d10      0x1bc ./Drivers/STM32H7xx_HAL_Driver/Src/stm32h7xx_hal_adc_ex.o
                0x0000000008008d10                HAL_ADCEx_MultiModeConfigChannel
 .text.__NVIC_SetPriorityGrouping
                0x0000000008008ecc       0x48 ./Drivers/STM32H7xx_HAL_Driver/Src/stm32h7xx_hal_cortex.o
 .text.__NVIC_GetPriorityGrouping
                0x0000000008008f14       0x1c ./Drivers/STM32H7xx_HAL_Driver/Src/stm32h7xx_hal_cortex.o
 .text.__NVIC_EnableIRQ
                0x0000000008008f30       0x3c ./Drivers/STM32H7xx_HAL_Driver/Src/stm32h7xx_hal_cortex.o
 .text.__NVIC_SetPriority
                0x0000000008008f6c       0x54 ./Drivers/STM32H7xx_HAL_Driver/Src/stm32h7xx_hal_cortex.o
 .text.NVIC_EncodePriority
                0x0000000008008fc0       0x66 ./Drivers/STM32H7xx_HAL_Driver/Src/stm32h7xx_hal_cortex.o
 *fill*         0x0000000008009026        0x2 
 .text.SysTick_Config
                0x0000000008009028       0x44 ./Drivers/STM32H7xx_HAL_Driver/Src/stm32h7xx_hal_cortex.o
 .text.HAL_NVIC_SetPriorityGrouping
                0x000000000800906c       0x16 ./Drivers/STM32H7xx_HAL_Driver/Src/stm32h7xx_hal_cortex.o
                0x000000000800906c                HAL_NVIC_SetPriorityGrouping
 .text.HAL_NVIC_SetPriority
                0x0000000008009082       0x34 ./Drivers/STM32H7xx_HAL_Driver/Src/stm32h7xx_hal_cortex.o
                0x0000000008009082                HAL_NVIC_SetPriority
 .text.HAL_NVIC_EnableIRQ
                0x00000000080090b6       0x1c ./Drivers/STM32H7xx_HAL_Driver/Src/stm32h7xx_hal_cortex.o
                0x00000000080090b6                HAL_NVIC_EnableIRQ
 .text.HAL_SYSTICK_Config
                0x00000000080090d2       0x18 ./Drivers/STM32H7xx_HAL_Driver/Src/stm32h7xx_hal_cortex.o
                0x00000000080090d2                HAL_SYSTICK_Config
 *fill*         0x00000000080090ea        0x2 
 .text.HAL_DMA_Init
                0x00000000080090ec      0x6b8 ./Drivers/STM32H7xx_HAL_Driver/Src/stm32h7xx_hal_dma.o
                0x00000000080090ec                HAL_DMA_Init
 .text.HAL_DMA_Start_IT
                0x00000000080097a4      0x4d4 ./Drivers/STM32H7xx_HAL_Driver/Src/stm32h7xx_hal_dma.o
                0x00000000080097a4                HAL_DMA_Start_IT
 .text.HAL_DMA_Abort
                0x0000000008009c78      0x63c ./Drivers/STM32H7xx_HAL_Driver/Src/stm32h7xx_hal_dma.o
                0x0000000008009c78                HAL_DMA_Abort
 .text.HAL_DMA_Abort_IT
                0x000000000800a2b4      0x48c ./Drivers/STM32H7xx_HAL_Driver/Src/stm32h7xx_hal_dma.o
                0x000000000800a2b4                HAL_DMA_Abort_IT
 .text.HAL_DMA_IRQHandler
                0x000000000800a740      0xe54 ./Drivers/STM32H7xx_HAL_Driver/Src/stm32h7xx_hal_dma.o
                0x000000000800a740                HAL_DMA_IRQHandler
 .text.DMA_SetConfig
                0x000000000800b594      0x358 ./Drivers/STM32H7xx_HAL_Driver/Src/stm32h7xx_hal_dma.o
 .text.DMA_CalcBaseAndBitshift
                0x000000000800b8ec      0x164 ./Drivers/STM32H7xx_HAL_Driver/Src/stm32h7xx_hal_dma.o
 .text.DMA_CheckFifoParam
                0x000000000800ba50       0xf8 ./Drivers/STM32H7xx_HAL_Driver/Src/stm32h7xx_hal_dma.o
 .text.DMA_CalcDMAMUXChannelBaseAndMask
                0x000000000800bb48      0x134 ./Drivers/STM32H7xx_HAL_Driver/Src/stm32h7xx_hal_dma.o
 .text.DMA_CalcDMAMUXRequestGenBaseAndMask
                0x000000000800bc7c       0xe8 ./Drivers/STM32H7xx_HAL_Driver/Src/stm32h7xx_hal_dma.o
 .text.HAL_GPIO_Init
                0x000000000800bd64      0x360 ./Drivers/STM32H7xx_HAL_Driver/Src/stm32h7xx_hal_gpio.o
                0x000000000800bd64                HAL_GPIO_Init
 .text.HAL_GPIO_ReadPin
                0x000000000800c0c4       0x30 ./Drivers/STM32H7xx_HAL_Driver/Src/stm32h7xx_hal_gpio.o
                0x000000000800c0c4                HAL_GPIO_ReadPin
 .text.HAL_GPIO_WritePin
                0x000000000800c0f4       0x32 ./Drivers/STM32H7xx_HAL_Driver/Src/stm32h7xx_hal_gpio.o
                0x000000000800c0f4                HAL_GPIO_WritePin
 .text.HAL_GPIO_TogglePin
                0x000000000800c126       0x34 ./Drivers/STM32H7xx_HAL_Driver/Src/stm32h7xx_hal_gpio.o
                0x000000000800c126                HAL_GPIO_TogglePin
 .text.HAL_GPIO_EXTI_IRQHandler
                0x000000000800c15a       0x34 ./Drivers/STM32H7xx_HAL_Driver/Src/stm32h7xx_hal_gpio.o
                0x000000000800c15a                HAL_GPIO_EXTI_IRQHandler
 .text.HAL_IWDG_Init
                0x000000000800c18e       0x9e ./Drivers/STM32H7xx_HAL_Driver/Src/stm32h7xx_hal_iwdg.o
                0x000000000800c18e                HAL_IWDG_Init
 .text.HAL_IWDG_Refresh
                0x000000000800c22c       0x20 ./Drivers/STM32H7xx_HAL_Driver/Src/stm32h7xx_hal_iwdg.o
                0x000000000800c22c                HAL_IWDG_Refresh
 .text.HAL_PWREx_ConfigSupply
                0x000000000800c24c       0x74 ./Drivers/STM32H7xx_HAL_Driver/Src/stm32h7xx_hal_pwr_ex.o
                0x000000000800c24c                HAL_PWREx_ConfigSupply
 .text.HAL_QSPI_Init
                0x000000000800c2c0       0xe8 ./Drivers/STM32H7xx_HAL_Driver/Src/stm32h7xx_hal_qspi.o
                0x000000000800c2c0                HAL_QSPI_Init
 .text.HAL_QSPI_Command
                0x000000000800c3a8       0xbc ./Drivers/STM32H7xx_HAL_Driver/Src/stm32h7xx_hal_qspi.o
                0x000000000800c3a8                HAL_QSPI_Command
 .text.HAL_QSPI_Transmit
                0x000000000800c464      0x124 ./Drivers/STM32H7xx_HAL_Driver/Src/stm32h7xx_hal_qspi.o
                0x000000000800c464                HAL_QSPI_Transmit
 .text.HAL_QSPI_Receive
                0x000000000800c588      0x13a ./Drivers/STM32H7xx_HAL_Driver/Src/stm32h7xx_hal_qspi.o
                0x000000000800c588                HAL_QSPI_Receive
 .text.HAL_QSPI_AutoPolling
                0x000000000800c6c2       0xee ./Drivers/STM32H7xx_HAL_Driver/Src/stm32h7xx_hal_qspi.o
                0x000000000800c6c2                HAL_QSPI_AutoPolling
 .text.HAL_QSPI_SetTimeout
                0x000000000800c7b0       0x1c ./Drivers/STM32H7xx_HAL_Driver/Src/stm32h7xx_hal_qspi.o
                0x000000000800c7b0                HAL_QSPI_SetTimeout
 .text.QSPI_WaitFlagStateUntilTimeout
                0x000000000800c7cc       0x6e ./Drivers/STM32H7xx_HAL_Driver/Src/stm32h7xx_hal_qspi.o
 .text.QSPI_Config
                0x000000000800c83a      0x30c ./Drivers/STM32H7xx_HAL_Driver/Src/stm32h7xx_hal_qspi.o
 *fill*         0x000000000800cb46        0x2 
 .text.HAL_RCC_OscConfig
                0x000000000800cb48      0x8b4 ./Drivers/STM32H7xx_HAL_Driver/Src/stm32h7xx_hal_rcc.o
                0x000000000800cb48                HAL_RCC_OscConfig
 .text.HAL_RCC_ClockConfig
                0x000000000800d3fc      0x36c ./Drivers/STM32H7xx_HAL_Driver/Src/stm32h7xx_hal_rcc.o
                0x000000000800d3fc                HAL_RCC_ClockConfig
 .text.HAL_RCC_GetSysClockFreq
                0x000000000800d768      0x2f4 ./Drivers/STM32H7xx_HAL_Driver/Src/stm32h7xx_hal_rcc.o
                0x000000000800d768                HAL_RCC_GetSysClockFreq
 .text.HAL_RCC_GetHCLKFreq
                0x000000000800da5c       0x60 ./Drivers/STM32H7xx_HAL_Driver/Src/stm32h7xx_hal_rcc.o
                0x000000000800da5c                HAL_RCC_GetHCLKFreq
 .text.HAL_RCC_GetPCLK1Freq
                0x000000000800dabc       0x2c ./Drivers/STM32H7xx_HAL_Driver/Src/stm32h7xx_hal_rcc.o
                0x000000000800dabc                HAL_RCC_GetPCLK1Freq
 .text.HAL_RCC_GetPCLK2Freq
                0x000000000800dae8       0x2c ./Drivers/STM32H7xx_HAL_Driver/Src/stm32h7xx_hal_rcc.o
                0x000000000800dae8                HAL_RCC_GetPCLK2Freq
 .text.HAL_RCCEx_PeriphCLKConfig
                0x000000000800db14     0x1414 ./Drivers/STM32H7xx_HAL_Driver/Src/stm32h7xx_hal_rcc_ex.o
                0x000000000800db14                HAL_RCCEx_PeriphCLKConfig
 .text.HAL_RCCEx_GetPeriphCLKFreq
                0x000000000800ef28      0xb00 ./Drivers/STM32H7xx_HAL_Driver/Src/stm32h7xx_hal_rcc_ex.o
                0x000000000800ef28                HAL_RCCEx_GetPeriphCLKFreq
 .text.HAL_RCCEx_GetD3PCLK1Freq
                0x000000000800fa28       0x2c ./Drivers/STM32H7xx_HAL_Driver/Src/stm32h7xx_hal_rcc_ex.o
                0x000000000800fa28                HAL_RCCEx_GetD3PCLK1Freq
 .text.HAL_RCCEx_GetPLL2ClockFreq
                0x000000000800fa54      0x2a8 ./Drivers/STM32H7xx_HAL_Driver/Src/stm32h7xx_hal_rcc_ex.o
                0x000000000800fa54                HAL_RCCEx_GetPLL2ClockFreq
 .text.HAL_RCCEx_GetPLL3ClockFreq
                0x000000000800fcfc      0x2a8 ./Drivers/STM32H7xx_HAL_Driver/Src/stm32h7xx_hal_rcc_ex.o
                0x000000000800fcfc                HAL_RCCEx_GetPLL3ClockFreq
 .text.HAL_RCCEx_GetPLL1ClockFreq
                0x000000000800ffa4      0x2a4 ./Drivers/STM32H7xx_HAL_Driver/Src/stm32h7xx_hal_rcc_ex.o
                0x000000000800ffa4                HAL_RCCEx_GetPLL1ClockFreq
 .text.RCCEx_PLL2_Config
                0x0000000008010248      0x164 ./Drivers/STM32H7xx_HAL_Driver/Src/stm32h7xx_hal_rcc_ex.o
 .text.RCCEx_PLL3_Config
                0x00000000080103ac      0x164 ./Drivers/STM32H7xx_HAL_Driver/Src/stm32h7xx_hal_rcc_ex.o
 .text.HAL_TIM_Base_Init
                0x0000000008010510       0xae ./Drivers/STM32H7xx_HAL_Driver/Src/stm32h7xx_hal_tim.o
                0x0000000008010510                HAL_TIM_Base_Init
 *fill*         0x00000000080105be        0x2 
 .text.HAL_TIM_Base_Start_IT
                0x00000000080105c0       0xf0 ./Drivers/STM32H7xx_HAL_Driver/Src/stm32h7xx_hal_tim.o
                0x00000000080105c0                HAL_TIM_Base_Start_IT
 .text.HAL_TIM_PWM_Init
                0x00000000080106b0       0xae ./Drivers/STM32H7xx_HAL_Driver/Src/stm32h7xx_hal_tim.o
                0x00000000080106b0                HAL_TIM_PWM_Init
 .text.HAL_TIM_PWM_MspInit
                0x000000000801075e       0x14 ./Drivers/STM32H7xx_HAL_Driver/Src/stm32h7xx_hal_tim.o
                0x000000000801075e                HAL_TIM_PWM_MspInit
 *fill*         0x0000000008010772        0x2 
 .text.HAL_TIM_PWM_Start
                0x0000000008010774      0x21c ./Drivers/STM32H7xx_HAL_Driver/Src/stm32h7xx_hal_tim.o
                0x0000000008010774                HAL_TIM_PWM_Start
 .text.HAL_TIM_IC_Init
                0x0000000008010990       0xae ./Drivers/STM32H7xx_HAL_Driver/Src/stm32h7xx_hal_tim.o
                0x0000000008010990                HAL_TIM_IC_Init
 .text.HAL_TIM_IC_MspInit
                0x0000000008010a3e       0x14 ./Drivers/STM32H7xx_HAL_Driver/Src/stm32h7xx_hal_tim.o
                0x0000000008010a3e                HAL_TIM_IC_MspInit
 *fill*         0x0000000008010a52        0x2 
 .text.HAL_TIM_IC_Start
                0x0000000008010a54      0x208 ./Drivers/STM32H7xx_HAL_Driver/Src/stm32h7xx_hal_tim.o
                0x0000000008010a54                HAL_TIM_IC_Start
 .text.HAL_TIM_IC_Start_IT
                0x0000000008010c5c      0x2a0 ./Drivers/STM32H7xx_HAL_Driver/Src/stm32h7xx_hal_tim.o
                0x0000000008010c5c                HAL_TIM_IC_Start_IT
 .text.HAL_TIM_IRQHandler
                0x0000000008010efc      0x23e ./Drivers/STM32H7xx_HAL_Driver/Src/stm32h7xx_hal_tim.o
                0x0000000008010efc                HAL_TIM_IRQHandler
 .text.HAL_TIM_IC_ConfigChannel
                0x000000000801113a      0x138 ./Drivers/STM32H7xx_HAL_Driver/Src/stm32h7xx_hal_tim.o
                0x000000000801113a                HAL_TIM_IC_ConfigChannel
 *fill*         0x0000000008011272        0x2 
 .text.HAL_TIM_PWM_ConfigChannel
                0x0000000008011274      0x228 ./Drivers/STM32H7xx_HAL_Driver/Src/stm32h7xx_hal_tim.o
                0x0000000008011274                HAL_TIM_PWM_ConfigChannel
 .text.HAL_TIM_ConfigClockSource
                0x000000000801149c      0x1f0 ./Drivers/STM32H7xx_HAL_Driver/Src/stm32h7xx_hal_tim.o
                0x000000000801149c                HAL_TIM_ConfigClockSource
 .text.HAL_TIM_SlaveConfigSynchro
                0x000000000801168c       0x84 ./Drivers/STM32H7xx_HAL_Driver/Src/stm32h7xx_hal_tim.o
                0x000000000801168c                HAL_TIM_SlaveConfigSynchro
 .text.HAL_TIM_ReadCapturedValue
                0x0000000008011710       0x88 ./Drivers/STM32H7xx_HAL_Driver/Src/stm32h7xx_hal_tim.o
                0x0000000008011710                HAL_TIM_ReadCapturedValue
 .text.HAL_TIM_OC_DelayElapsedCallback
                0x0000000008011798       0x14 ./Drivers/STM32H7xx_HAL_Driver/Src/stm32h7xx_hal_tim.o
                0x0000000008011798                HAL_TIM_OC_DelayElapsedCallback
 .text.HAL_TIM_PWM_PulseFinishedCallback
                0x00000000080117ac       0x14 ./Drivers/STM32H7xx_HAL_Driver/Src/stm32h7xx_hal_tim.o
                0x00000000080117ac                HAL_TIM_PWM_PulseFinishedCallback
 .text.HAL_TIM_TriggerCallback
                0x00000000080117c0       0x14 ./Drivers/STM32H7xx_HAL_Driver/Src/stm32h7xx_hal_tim.o
                0x00000000080117c0                HAL_TIM_TriggerCallback
 .text.TIM_Base_SetConfig
                0x00000000080117d4      0x134 ./Drivers/STM32H7xx_HAL_Driver/Src/stm32h7xx_hal_tim.o
                0x00000000080117d4                TIM_Base_SetConfig
 .text.TIM_OC1_SetConfig
                0x0000000008011908      0x120 ./Drivers/STM32H7xx_HAL_Driver/Src/stm32h7xx_hal_tim.o
 .text.TIM_OC2_SetConfig
                0x0000000008011a28      0x114 ./Drivers/STM32H7xx_HAL_Driver/Src/stm32h7xx_hal_tim.o
                0x0000000008011a28                TIM_OC2_SetConfig
 .text.TIM_OC3_SetConfig
                0x0000000008011b3c      0x110 ./Drivers/STM32H7xx_HAL_Driver/Src/stm32h7xx_hal_tim.o
 .text.TIM_OC4_SetConfig
                0x0000000008011c4c       0xd4 ./Drivers/STM32H7xx_HAL_Driver/Src/stm32h7xx_hal_tim.o
 .text.TIM_OC5_SetConfig
                0x0000000008011d20       0xc8 ./Drivers/STM32H7xx_HAL_Driver/Src/stm32h7xx_hal_tim.o
 .text.TIM_OC6_SetConfig
                0x0000000008011de8       0xcc ./Drivers/STM32H7xx_HAL_Driver/Src/stm32h7xx_hal_tim.o
 .text.TIM_SlaveTimer_SetConfig
                0x0000000008011eb4      0x1d4 ./Drivers/STM32H7xx_HAL_Driver/Src/stm32h7xx_hal_tim.o
 .text.TIM_TI1_SetConfig
                0x0000000008012088       0xe8 ./Drivers/STM32H7xx_HAL_Driver/Src/stm32h7xx_hal_tim.o
                0x0000000008012088                TIM_TI1_SetConfig
 .text.TIM_TI1_ConfigInputStage
                0x0000000008012170       0x5e ./Drivers/STM32H7xx_HAL_Driver/Src/stm32h7xx_hal_tim.o
 .text.TIM_TI2_SetConfig
                0x00000000080121ce       0x7a ./Drivers/STM32H7xx_HAL_Driver/Src/stm32h7xx_hal_tim.o
 .text.TIM_TI2_ConfigInputStage
                0x0000000008012248       0x60 ./Drivers/STM32H7xx_HAL_Driver/Src/stm32h7xx_hal_tim.o
 .text.TIM_TI3_SetConfig
                0x00000000080122a8       0x78 ./Drivers/STM32H7xx_HAL_Driver/Src/stm32h7xx_hal_tim.o
 .text.TIM_TI4_SetConfig
                0x0000000008012320       0x7a ./Drivers/STM32H7xx_HAL_Driver/Src/stm32h7xx_hal_tim.o
 *fill*         0x000000000801239a        0x2 
 .text.TIM_ITRx_SetConfig
                0x000000000801239c       0x3c ./Drivers/STM32H7xx_HAL_Driver/Src/stm32h7xx_hal_tim.o
 .text.TIM_ETR_SetConfig
                0x00000000080123d8       0x40 ./Drivers/STM32H7xx_HAL_Driver/Src/stm32h7xx_hal_tim.o
                0x00000000080123d8                TIM_ETR_SetConfig
 .text.TIM_CCxChannelCmd
                0x0000000008012418       0x4a ./Drivers/STM32H7xx_HAL_Driver/Src/stm32h7xx_hal_tim.o
                0x0000000008012418                TIM_CCxChannelCmd
 *fill*         0x0000000008012462        0x2 
 .text.HAL_TIMEx_MasterConfigSynchronization
                0x0000000008012464      0x11c ./Drivers/STM32H7xx_HAL_Driver/Src/stm32h7xx_hal_tim_ex.o
                0x0000000008012464                HAL_TIMEx_MasterConfigSynchronization
 .text.HAL_TIMEx_CommutCallback
                0x0000000008012580       0x14 ./Drivers/STM32H7xx_HAL_Driver/Src/stm32h7xx_hal_tim_ex.o
                0x0000000008012580                HAL_TIMEx_CommutCallback
 .text.HAL_TIMEx_BreakCallback
                0x0000000008012594       0x14 ./Drivers/STM32H7xx_HAL_Driver/Src/stm32h7xx_hal_tim_ex.o
                0x0000000008012594                HAL_TIMEx_BreakCallback
 .text.HAL_TIMEx_Break2Callback
                0x00000000080125a8       0x14 ./Drivers/STM32H7xx_HAL_Driver/Src/stm32h7xx_hal_tim_ex.o
                0x00000000080125a8                HAL_TIMEx_Break2Callback
 .text.HAL_UART_Init
                0x00000000080125bc       0xa0 ./Drivers/STM32H7xx_HAL_Driver/Src/stm32h7xx_hal_uart.o
                0x00000000080125bc                HAL_UART_Init
 .text.HAL_UART_Transmit
                0x000000000801265c      0x11c ./Drivers/STM32H7xx_HAL_Driver/Src/stm32h7xx_hal_uart.o
                0x000000000801265c                HAL_UART_Transmit
 .text.HAL_UART_Transmit_DMA
                0x0000000008012778      0x100 ./Drivers/STM32H7xx_HAL_Driver/Src/stm32h7xx_hal_uart.o
                0x0000000008012778                HAL_UART_Transmit_DMA
 .text.HAL_UART_Receive_DMA
                0x0000000008012878       0x98 ./Drivers/STM32H7xx_HAL_Driver/Src/stm32h7xx_hal_uart.o
                0x0000000008012878                HAL_UART_Receive_DMA
 .text.HAL_UART_IRQHandler
                0x0000000008012910      0x774 ./Drivers/STM32H7xx_HAL_Driver/Src/stm32h7xx_hal_uart.o
                0x0000000008012910                HAL_UART_IRQHandler
 .text.HAL_UART_TxHalfCpltCallback
                0x0000000008013084       0x14 ./Drivers/STM32H7xx_HAL_Driver/Src/stm32h7xx_hal_uart.o
                0x0000000008013084                HAL_UART_TxHalfCpltCallback
 .text.HAL_UART_RxHalfCpltCallback
                0x0000000008013098       0x14 ./Drivers/STM32H7xx_HAL_Driver/Src/stm32h7xx_hal_uart.o
                0x0000000008013098                HAL_UART_RxHalfCpltCallback
 .text.UART_SetConfig
                0x00000000080130ac      0xad0 ./Drivers/STM32H7xx_HAL_Driver/Src/stm32h7xx_hal_uart.o
                0x00000000080130ac                UART_SetConfig
 .text.UART_AdvFeatureConfig
                0x0000000008013b7c      0x144 ./Drivers/STM32H7xx_HAL_Driver/Src/stm32h7xx_hal_uart.o
                0x0000000008013b7c                UART_AdvFeatureConfig
 .text.UART_CheckIdleState
                0x0000000008013cc0      0x154 ./Drivers/STM32H7xx_HAL_Driver/Src/stm32h7xx_hal_uart.o
                0x0000000008013cc0                UART_CheckIdleState
 .text.UART_WaitOnFlagUntilTimeout
                0x0000000008013e14       0xce ./Drivers/STM32H7xx_HAL_Driver/Src/stm32h7xx_hal_uart.o
                0x0000000008013e14                UART_WaitOnFlagUntilTimeout
 *fill*         0x0000000008013ee2        0x2 
 .text.UART_Start_Receive_DMA
                0x0000000008013ee4      0x14c ./Drivers/STM32H7xx_HAL_Driver/Src/stm32h7xx_hal_uart.o
                0x0000000008013ee4                UART_Start_Receive_DMA
 .text.UART_EndTxTransfer
                0x0000000008014030       0x82 ./Drivers/STM32H7xx_HAL_Driver/Src/stm32h7xx_hal_uart.o
 *fill*         0x00000000080140b2        0x2 
 .text.UART_EndRxTransfer
                0x00000000080140b4       0xcc ./Drivers/STM32H7xx_HAL_Driver/Src/stm32h7xx_hal_uart.o
 .text.UART_DMATransmitCplt
                0x0000000008014180       0x96 ./Drivers/STM32H7xx_HAL_Driver/Src/stm32h7xx_hal_uart.o
 .text.UART_DMATxHalfCplt
                0x0000000008014216       0x1c ./Drivers/STM32H7xx_HAL_Driver/Src/stm32h7xx_hal_uart.o
 .text.UART_DMAReceiveCplt
                0x0000000008014232      0x128 ./Drivers/STM32H7xx_HAL_Driver/Src/stm32h7xx_hal_uart.o
 .text.UART_DMARxHalfCplt
                0x000000000801435a       0x3e ./Drivers/STM32H7xx_HAL_Driver/Src/stm32h7xx_hal_uart.o
 .text.UART_DMAError
                0x0000000008014398       0x80 ./Drivers/STM32H7xx_HAL_Driver/Src/stm32h7xx_hal_uart.o
 .text.UART_DMAAbortOnError
                0x0000000008014418       0x2c ./Drivers/STM32H7xx_HAL_Driver/Src/stm32h7xx_hal_uart.o
 .text.UART_EndTransmit_IT
                0x0000000008014444       0x56 ./Drivers/STM32H7xx_HAL_Driver/Src/stm32h7xx_hal_uart.o
 .text.HAL_UARTEx_WakeupCallback
                0x000000000801449a       0x14 ./Drivers/STM32H7xx_HAL_Driver/Src/stm32h7xx_hal_uart_ex.o
                0x000000000801449a                HAL_UARTEx_WakeupCallback
 .text.HAL_UARTEx_RxFifoFullCallback
                0x00000000080144ae       0x14 ./Drivers/STM32H7xx_HAL_Driver/Src/stm32h7xx_hal_uart_ex.o
                0x00000000080144ae                HAL_UARTEx_RxFifoFullCallback
 .text.HAL_UARTEx_TxFifoEmptyCallback
                0x00000000080144c2       0x14 ./Drivers/STM32H7xx_HAL_Driver/Src/stm32h7xx_hal_uart_ex.o
                0x00000000080144c2                HAL_UARTEx_TxFifoEmptyCallback
 .text.HAL_UARTEx_DisableFifoMode
                0x00000000080144d6       0x72 ./Drivers/STM32H7xx_HAL_Driver/Src/stm32h7xx_hal_uart_ex.o
                0x00000000080144d6                HAL_UARTEx_DisableFifoMode
 .text.HAL_UARTEx_SetTxFifoThreshold
                0x0000000008014548       0x7c ./Drivers/STM32H7xx_HAL_Driver/Src/stm32h7xx_hal_uart_ex.o
                0x0000000008014548                HAL_UARTEx_SetTxFifoThreshold
 .text.HAL_UARTEx_SetRxFifoThreshold
                0x00000000080145c4       0x7c ./Drivers/STM32H7xx_HAL_Driver/Src/stm32h7xx_hal_uart_ex.o
                0x00000000080145c4                HAL_UARTEx_SetRxFifoThreshold
 .text.HAL_UARTEx_ReceiveToIdle_DMA
                0x0000000008014640       0xa8 ./Drivers/STM32H7xx_HAL_Driver/Src/stm32h7xx_hal_uart_ex.o
                0x0000000008014640                HAL_UARTEx_ReceiveToIdle_DMA
 .text.UARTEx_SetNbDataToProcess
                0x00000000080146e8       0x9c ./Drivers/STM32H7xx_HAL_Driver/Src/stm32h7xx_hal_uart_ex.o
 .text._Znaj    0x0000000008014784        0x4 /opt/st/stm32cubeide_1.13.2/plugins/com.st.stm32cube.ide.mcu.externaltools.gnu-tools-for-stm32.11.3.rel1.linux64_1.1.1.202309131626/tools/bin/../lib/gcc/arm-none-eabi/11.3.1/../../../../arm-none-eabi/lib/thumb/v7e-m+dp/hard/libstdc++_nano.a(new_opv.o)
                0x0000000008014784                operator new[](unsigned int)
 .text._Znwj    0x0000000008014788       0x22 /opt/st/stm32cubeide_1.13.2/plugins/com.st.stm32cube.ide.mcu.externaltools.gnu-tools-for-stm32.11.3.rel1.linux64_1.1.1.202309131626/tools/bin/../lib/gcc/arm-none-eabi/11.3.1/../../../../arm-none-eabi/lib/thumb/v7e-m+dp/hard/libstdc++_nano.a(new_op.o)
                0x0000000008014788                operator new(unsigned int)
 *fill*         0x00000000080147aa        0x2 
 .text._ZSt15get_new_handlerv
                0x00000000080147ac       0x10 /opt/st/stm32cubeide_1.13.2/plugins/com.st.stm32cube.ide.mcu.externaltools.gnu-tools-for-stm32.11.3.rel1.linux64_1.1.1.202309131626/tools/bin/../lib/gcc/arm-none-eabi/11.3.1/../../../../arm-none-eabi/lib/thumb/v7e-m+dp/hard/libstdc++_nano.a(new_handler.o)
                0x00000000080147ac                std::get_new_handler()
 .text.abort    0x00000000080147bc        0xe /opt/st/stm32cubeide_1.13.2/plugins/com.st.stm32cube.ide.mcu.externaltools.gnu-tools-for-stm32.11.3.rel1.linux64_1.1.1.202309131626/tools/bin/../lib/gcc/arm-none-eabi/11.3.1/../../../../arm-none-eabi/lib/thumb/v7e-m+dp/hard/libc_nano.a(libc_a-abort.o)
                0x00000000080147bc                abort
 *fill*         0x00000000080147ca        0x2 
 .text.malloc   0x00000000080147cc       0x10 /opt/st/stm32cubeide_1.13.2/plugins/com.st.stm32cube.ide.mcu.externaltools.gnu-tools-for-stm32.11.3.rel1.linux64_1.1.1.202309131626/tools/bin/../lib/gcc/arm-none-eabi/11.3.1/../../../../arm-none-eabi/lib/thumb/v7e-m+dp/hard/libc_nano.a(libc_a-malloc.o)
                0x00000000080147cc                malloc
 .text.sbrk_aligned
                0x00000000080147dc       0x40 /opt/st/stm32cubeide_1.13.2/plugins/com.st.stm32cube.ide.mcu.externaltools.gnu-tools-for-stm32.11.3.rel1.linux64_1.1.1.202309131626/tools/bin/../lib/gcc/arm-none-eabi/11.3.1/../../../../arm-none-eabi/lib/thumb/v7e-m+dp/hard/libc_nano.a(libc_a-mallocr.o)
 .text._malloc_r
                0x000000000801481c      0x100 /opt/st/stm32cubeide_1.13.2/plugins/com.st.stm32cube.ide.mcu.externaltools.gnu-tools-for-stm32.11.3.rel1.linux64_1.1.1.202309131626/tools/bin/../lib/gcc/arm-none-eabi/11.3.1/../../../../arm-none-eabi/lib/thumb/v7e-m+dp/hard/libc_nano.a(libc_a-mallocr.o)
                0x000000000801481c                _malloc_r
 .text.__malloc_lock
                0x000000000801491c        0xc /opt/st/stm32cubeide_1.13.2/plugins/com.st.stm32cube.ide.mcu.externaltools.gnu-tools-for-stm32.11.3.rel1.linux64_1.1.1.202309131626/tools/bin/../lib/gcc/arm-none-eabi/11.3.1/../../../../arm-none-eabi/lib/thumb/v7e-m+dp/hard/libc_nano.a(libc_a-mlock.o)
                0x000000000801491c                __malloc_lock
 .text.__malloc_unlock
                0x0000000008014928        0xc /opt/st/stm32cubeide_1.13.2/plugins/com.st.stm32cube.ide.mcu.externaltools.gnu-tools-for-stm32.11.3.rel1.linux64_1.1.1.202309131626/tools/bin/../lib/gcc/arm-none-eabi/11.3.1/../../../../arm-none-eabi/lib/thumb/v7e-m+dp/hard/libc_nano.a(libc_a-mlock.o)
                0x0000000008014928                __malloc_unlock
 .text.realloc  0x0000000008014934       0x10 /opt/st/stm32cubeide_1.13.2/plugins/com.st.stm32cube.ide.mcu.externaltools.gnu-tools-for-stm32.11.3.rel1.linux64_1.1.1.202309131626/tools/bin/../lib/gcc/arm-none-eabi/11.3.1/../../../../arm-none-eabi/lib/thumb/v7e-m+dp/hard/libc_nano.a(libc_a-realloc.o)
                0x0000000008014934                realloc
 .text._realloc_r
                0x0000000008014944       0x5e /opt/st/stm32cubeide_1.13.2/plugins/com.st.stm32cube.ide.mcu.externaltools.gnu-tools-for-stm32.11.3.rel1.linux64_1.1.1.202309131626/tools/bin/../lib/gcc/arm-none-eabi/11.3.1/../../../../arm-none-eabi/lib/thumb/v7e-m+dp/hard/libc_nano.a(libc_a-reallocr.o)
                0x0000000008014944                _realloc_r
 .text.__cvt    0x00000000080149a2       0xa4 /opt/st/stm32cubeide_1.13.2/plugins/com.st.stm32cube.ide.mcu.externaltools.gnu-tools-for-stm32.11.3.rel1.linux64_1.1.1.202309131626/tools/bin/../lib/gcc/arm-none-eabi/11.3.1/../../../../arm-none-eabi/lib/thumb/v7e-m+dp/hard/libc_nano.a(libc_a-nano-vfprintf_float.o)
                0x00000000080149a2                __cvt
 .text.__exponent
                0x0000000008014a46       0x7c /opt/st/stm32cubeide_1.13.2/plugins/com.st.stm32cube.ide.mcu.externaltools.gnu-tools-for-stm32.11.3.rel1.linux64_1.1.1.202309131626/tools/bin/../lib/gcc/arm-none-eabi/11.3.1/../../../../arm-none-eabi/lib/thumb/v7e-m+dp/hard/libc_nano.a(libc_a-nano-vfprintf_float.o)
                0x0000000008014a46                __exponent
 *fill*         0x0000000008014ac2        0x6 
 .text._printf_float
                0x0000000008014ac8      0x434 /opt/st/stm32cubeide_1.13.2/plugins/com.st.stm32cube.ide.mcu.externaltools.gnu-tools-for-stm32.11.3.rel1.linux64_1.1.1.202309131626/tools/bin/../lib/gcc/arm-none-eabi/11.3.1/../../../../arm-none-eabi/lib/thumb/v7e-m+dp/hard/libc_nano.a(libc_a-nano-vfprintf_float.o)
                0x0000000008014ac8                _printf_float
 .text._printf_common
                0x0000000008014efc       0xda /opt/st/stm32cubeide_1.13.2/plugins/com.st.stm32cube.ide.mcu.externaltools.gnu-tools-for-stm32.11.3.rel1.linux64_1.1.1.202309131626/tools/bin/../lib/gcc/arm-none-eabi/11.3.1/../../../../arm-none-eabi/lib/thumb/v7e-m+dp/hard/libc_nano.a(libc_a-nano-vfprintf_i.o)
                0x0000000008014efc                _printf_common
 *fill*         0x0000000008014fd6        0x2 
 .text._printf_i