../Core/Src/main.c:94:5:main	8	static
../Core/Src/main.c:155:6:SystemClock_Config	120	static
../Core/Src/main.c:215:6:PeriphCommonClock_Config	200	static
../Core/Src/main.c:234:13:MX_ADC1_Init	48	static
../Core/Src/main.c:365:13:MX_I2C1_Init	8	static
../Core/Src/main.c:413:13:MX_I2C2_Init	8	static
../Core/Src/main.c:461:13:MX_LPUART1_UART_Init	8	static
../Core/Src/main.c:509:13:MX_UART5_Init	8	static
../Core/Src/main.c:557:13:MX_UART7_Init	8	static
../Core/Src/main.c:605:13:MX_TIM2_Init	64	static
../Core/Src/main.c:676:13:MX_TIM3_Init	64	static
../Core/Src/main.c:739:13:MX_TIM5_Init	72	static
../Core/Src/main.c:813:13:MX_TIM15_Init	72	static
../Core/Src/main.c:888:13:MX_TIM16_Init	8	static
../Core/Src/main.c:918:13:MX_DMA_Init	16	static
../Core/Src/main.c:942:13:MX_GPIO_Init	56	static
../Core/Src/main.c:1010:6:Error_Handler	4	static,ignoring_inline_asm
