../Core/Inc/utility.h:13:20:void DWT_Init()	4	static
../Core/Src/mainpp.cpp:46:19:HAL_StatusTypeDef read_speed_data()	16	static
../Core/Src/mainpp.cpp:60:6:void HAL_UART_RxCpltCallback(UART_HandleTypeDef*)	16	static
../Core/Src/mainpp.cpp:85:6:void HAL_UART_ErrorCallback(UART_HandleTypeDef*)	16	static
../Core/Src/mainpp.cpp:91:6:void HAL_TIM_PeriodElapsedCallback(TIM_HandleTypeDef*)	16	static
../Core/Src/mainpp.cpp:116:6:void HAL_TIM_IC_CaptureCallback(TIM_HandleTypeDef*)	24	static
../Core/Src/mainpp.cpp:152:6:void test_cp2101()	4	static
../Core/Src/mainpp.cpp:156:6:void test_i2c()	80	static
../Core/Src/mainpp.cpp:206:6:void test_speed()	24	static
../Core/Src/mainpp.cpp:218:6:void test_brake()	4	static
../Core/Src/mainpp.cpp:226:6:void input_test()	240	static
../Core/Src/mainpp.cpp:272:6:void force_test()	200	static
../Core/Src/mainpp.cpp:285:6:void BNO085_setup()	8	static
../Core/Src/mainpp.cpp:299:6:void setup()	8	static
../Core/Src/mainpp.cpp:348:6:void loop()	8	static
