../Core/Src/main.c:90:5:main	1
../Core/Src/main.c:147:6:SystemClock_Config	4
../Core/Src/main.c:206:13:MX_I2C1_Init	4
../Core/Src/main.c:254:13:MX_I2C2_Init	4
../Core/Src/main.c:302:13:MX_LPUART1_UART_Init	5
../Core/Src/main.c:350:13:MX_UART5_Init	5
../Core/Src/main.c:398:13:MX_UART7_Init	5
../Core/Src/main.c:446:13:MX_TIM2_Init	9
../Core/Src/main.c:517:13:MX_TIM3_Init	7
../Core/Src/main.c:580:13:MX_TIM5_Init	8
../Core/Src/main.c:654:13:MX_TIM15_Init	8
../Core/Src/main.c:729:13:MX_TIM16_Init	2
../Core/Src/main.c:759:13:MX_DMA_Init	1
../Core/Src/main.c:780:13:MX_GPIO_Init	1
../Core/Src/main.c:842:6:Error_Handler	1
