../Core/Inc/utility.h:13:20:void DWT_Init()	4	static
../Core/Src/mainpp.cpp:44:19:HAL_StatusTypeDef read_speed_data()	16	static
../Core/Src/mainpp.cpp:58:6:void HAL_UART_RxCpltCallback(UART_HandleTypeDef*)	16	static
../Core/Src/mainpp.cpp:83:6:void HAL_UART_ErrorCallback(UART_HandleTypeDef*)	16	static
../Core/Src/mainpp.cpp:89:6:void HAL_TIM_PeriodElapsedCallback(TIM_HandleTypeDef*)	16	static
../Core/Src/mainpp.cpp:100:6:void HAL_TIM_IC_CaptureCallback(TIM_HandleTypeDef*)	24	static
../Core/Src/mainpp.cpp:136:6:void test_cp2101()	4	static
../Core/Src/mainpp.cpp:140:6:void test_i2c()	80	static
../Core/Src/mainpp.cpp:190:6:void test_speed()	24	static
../Core/Src/mainpp.cpp:202:6:void test_brake()	4	static
../Core/Src/mainpp.cpp:209:6:void setup()	8	static
../Core/Src/mainpp.cpp:251:6:void input_test()	240	static
../Core/Src/mainpp.cpp:301:6:void loop()	8	static
