../Core/Inc/utility.h:33:24:uint32_t millis()	4	static
../Core/Inc/jy901/JY901_Serial.cpp:8:1:CJY901::CJY901(UART_HandleTypeDef*)	16	static
../Core/Inc/jy901/JY901_Serial.cpp:14:6:bool CJY901::parseData(uint8_t*)	24	static
../Core/Inc/jy901/JY901_Serial.cpp:72:10:uint16_t CJY901::getTime(const char*)	16	static
../Core/Inc/jy901/JY901_Serial.cpp:90:8:double CJY901::getTemp()	16	static
../Core/Inc/jy901/JY901_Serial.cpp:95:8:double CJY901::getAccX()	16	static
../Core/Inc/jy901/JY901_Serial.cpp:99:8:double CJY901::getAccY()	16	static
../Core/Inc/jy901/JY901_Serial.cpp:103:8:double CJY901::getAccZ()	16	static
../Core/Inc/jy901/JY901_Serial.cpp:107:8:double CJY901::getGyroX()	16	static
../Core/Inc/jy901/JY901_Serial.cpp:111:8:double CJY901::getGyroY()	16	static
../Core/Inc/jy901/JY901_Serial.cpp:115:8:double CJY901::getGyroZ()	16	static
../Core/Inc/jy901/JY901_Serial.cpp:122:8:double CJY901::getRoll()	16	static
../Core/Inc/jy901/JY901_Serial.cpp:126:8:double CJY901::getPitch()	16	static
../Core/Inc/jy901/JY901_Serial.cpp:130:8:double CJY901::getYaw()	16	static
../Core/Inc/jy901/JY901_Serial.cpp:134:8:double CJY901::getMagX()	16	static
../Core/Inc/jy901/JY901_Serial.cpp:138:8:double CJY901::getMagY()	16	static
../Core/Inc/jy901/JY901_Serial.cpp:142:8:double CJY901::getMagZ()	16	static
../Core/Inc/jy901/JY901_Serial.cpp:148:9:int16_t CJY901::getD0Status()	16	static
../Core/Inc/jy901/JY901_Serial.cpp:151:9:int16_t CJY901::getD1Status()	16	static
../Core/Inc/jy901/JY901_Serial.cpp:154:9:int16_t CJY901::getD2Status()	16	static
../Core/Inc/jy901/JY901_Serial.cpp:157:9:int16_t CJY901::getD3Status()	16	static
../Core/Inc/jy901/JY901_Serial.cpp:161:9:int32_t CJY901::getPressure()	16	static
../Core/Inc/jy901/JY901_Serial.cpp:165:9:int32_t CJY901::getAltitude()	16	static
../Core/Inc/jy901/JY901_Serial.cpp:174:9:int32_t CJY901::getLon()	16	static
../Core/Inc/jy901/JY901_Serial.cpp:177:9:int32_t CJY901::getLat()	16	static
../Core/Inc/jy901/JY901_Serial.cpp:181:8:double CJY901::getGPSH()	16	static
../Core/Inc/jy901/JY901_Serial.cpp:185:8:double CJY901::getGPSY()	16	static
../Core/Inc/jy901/JY901_Serial.cpp:189:8:double CJY901::getGPSV()	16	static
../Core/Inc/jy901/JY901_Serial.cpp:193:8:double CJY901::getQuater(const char*)	16	static
../Core/Inc/jy901/JY901_Serial.cpp:206:8:double CJY901::getDOP(const char*)	16	static
../Core/Inc/jy901/JY901_Serial.cpp:219:15:long unsigned int CJY901::getLastTime()	16	static
../Core/Inc/jy901/JY901_Serial.cpp:224:9:int16_t CJY901::getAccRawX()	16	static
../Core/Inc/jy901/JY901_Serial.cpp:227:9:int16_t CJY901::getAccRawY()	16	static
../Core/Inc/jy901/JY901_Serial.cpp:230:9:int16_t CJY901::getAccRawZ()	16	static
../Core/Inc/jy901/JY901_Serial.cpp:234:9:int16_t CJY901::getGyroRawX()	16	static
../Core/Inc/jy901/JY901_Serial.cpp:237:9:int16_t CJY901::getGyroRawY()	16	static
../Core/Inc/jy901/JY901_Serial.cpp:240:9:int16_t CJY901::getGyroRawZ()	16	static
../Core/Inc/jy901/JY901_Serial.cpp:244:9:int16_t CJY901::getMagRawX()	16	static
../Core/Inc/jy901/JY901_Serial.cpp:247:9:int16_t CJY901::getMagRawY()	16	static
../Core/Inc/jy901/JY901_Serial.cpp:250:9:int16_t CJY901::getMagRawZ()	16	static
../Core/Inc/jy901/JY901_Serial.cpp:256:6:void CJY901::saveConf(int)	16	static
../Core/Inc/jy901/JY901_Serial.cpp:264:6:void CJY901::setCali(int)	16	static
../Core/Inc/jy901/JY901_Serial.cpp:272:6:void CJY901::setDir(int)	16	static
../Core/Inc/jy901/JY901_Serial.cpp:280:6:void CJY901::enterHiber()	16	static
../Core/Inc/jy901/JY901_Serial.cpp:287:6:void CJY901::changeALG(int)	16	static
../Core/Inc/jy901/JY901_Serial.cpp:295:6:void CJY901::autoCaliGyro(int)	16	static
../Core/Inc/jy901/JY901_Serial.cpp:303:6:void CJY901::confReport()	16	static
../Core/Inc/jy901/JY901_Serial.cpp:311:6:void CJY901::setReportRate(int)	16	static
../Core/Inc/jy901/JY901_Serial.cpp:319:6:void CJY901::setBaudRate(int)	16	static
../Core/Inc/jy901/JY901_Serial.cpp:331:6:void CJY901::setAXoffset()	16	static
../Core/Inc/jy901/JY901_Serial.cpp:338:6:void CJY901::setAYoffset()	16	static
../Core/Inc/jy901/JY901_Serial.cpp:345:6:void CJY901::setAZoffset()	16	static
../Core/Inc/jy901/JY901_Serial.cpp:353:6:void CJY901::setGXoffset()	16	static
../Core/Inc/jy901/JY901_Serial.cpp:360:6:void CJY901::setGYoffset()	16	static
../Core/Inc/jy901/JY901_Serial.cpp:367:6:void CJY901::setGZoffset()	16	static
../Core/Inc/jy901/JY901_Serial.cpp:375:6:void CJY901::setHXoffset()	16	static
../Core/Inc/jy901/JY901_Serial.cpp:382:6:void CJY901::setHYoffset()	16	static
../Core/Inc/jy901/JY901_Serial.cpp:389:6:void CJY901::setHZoffset()	16	static
../Core/Inc/jy901/JY901_Serial.cpp:397:6:void CJY901::setD0mode(int)	16	static
../Core/Inc/jy901/JY901_Serial.cpp:404:6:void CJY901::setD1mode(int)	16	static
../Core/Inc/jy901/JY901_Serial.cpp:411:6:void CJY901::setD2mode(int)	16	static
../Core/Inc/jy901/JY901_Serial.cpp:418:6:void CJY901::setD3mode(int)	16	static
../Core/Inc/jy901/JY901_Serial.cpp:426:6:void CJY901::setD0PWMH()	16	static
../Core/Inc/jy901/JY901_Serial.cpp:433:6:void CJY901::setD1PWMH()	16	static
../Core/Inc/jy901/JY901_Serial.cpp:440:6:void CJY901::setD2PWMH()	16	static
../Core/Inc/jy901/JY901_Serial.cpp:447:6:void CJY901::setD3PWMH()	16	static
../Core/Inc/jy901/JY901_Serial.cpp:455:6:void CJY901::setD0PWMT()	16	static
../Core/Inc/jy901/JY901_Serial.cpp:462:6:void CJY901::setD1PWMT()	16	static
../Core/Inc/jy901/JY901_Serial.cpp:469:6:void CJY901::setD2PWMT()	16	static
../Core/Inc/jy901/JY901_Serial.cpp:476:6:void CJY901::setD3PWMT()	16	static
../Core/Inc/jy901/JY901_Serial.cpp:484:6:void CJY901::setIICaddr(int)	16	static
../Core/Inc/jy901/JY901_Serial.cpp:493:6:void CJY901::turnLED(uint8_t)	16	static
../Core/Inc/jy901/JY901_Serial.cpp:500:6:void CJY901::setGPSrate(int)	16	static
../Core/Inc/jy901/JY901_Serial.cpp:508:13:void __static_initialization_and_destruction_0(int, int)	16	static
../Core/Inc/jy901/JY901_Serial.cpp:508:13:cpp)	8	static
