../Core/Inc/utility.h:33:24:uint32_t millis()	4	static
../Core/Inc/jy901/JY901_Serial.cpp:8:1:CJY901::CJY901(UART_HandleTypeDef*)	16	static
../Core/Inc/jy901/JY901_Serial.cpp:14:6:bool CJY901::parseData(uint8_t*)	24	static
../Core/Inc/jy901/JY901_Serial.cpp:72:10:uint16_t CJY901::getTime(const char*)	16	static
../Core/Inc/jy901/JY901_Serial.cpp:90:8:double CJY901::getTemp()	16	static
../Core/Inc/jy901/JY901_Serial.cpp:95:8:double CJY901::getAccX()	16	static
../Core/Inc/jy901/JY901_Serial.cpp:99:8:double CJY901::getAccY()	16	static
../Core/Inc/jy901/JY901_Serial.cpp:103:8:double CJY901::getAccZ()	16	static
../Core/Inc/jy901/JY901_Serial.cpp:107:8:double CJY901::getGyroX()	16	static
../Core/Inc/jy901/JY901_Serial.cpp:111:8:double CJY901::getGyroY()	16	static
../Core/Inc/jy901/JY901_Serial.cpp:115:8:double CJY901::getGyroZ()	16	static
../Core/Inc/jy901/JY901_Serial.cpp:123:8:double CJY901::getRoll()	16	static
../Core/Inc/jy901/JY901_Serial.cpp:127:8:double CJY901::getPitch()	16	static
../Core/Inc/jy901/JY901_Serial.cpp:131:8:double CJY901::getYaw()	16	static
../Core/Inc/jy901/JY901_Serial.cpp:135:8:double CJY901::getMagX()	16	static
../Core/Inc/jy901/JY901_Serial.cpp:139:8:double CJY901::getMagY()	16	static
../Core/Inc/jy901/JY901_Serial.cpp:143:8:double CJY901::getMagZ()	16	static
../Core/Inc/jy901/JY901_Serial.cpp:149:9:int16_t CJY901::getD0Status()	16	static
../Core/Inc/jy901/JY901_Serial.cpp:152:9:int16_t CJY901::getD1Status()	16	static
../Core/Inc/jy901/JY901_Serial.cpp:155:9:int16_t CJY901::getD2Status()	16	static
../Core/Inc/jy901/JY901_Serial.cpp:158:9:int16_t CJY901::getD3Status()	16	static
../Core/Inc/jy901/JY901_Serial.cpp:162:9:int32_t CJY901::getPressure()	16	static
../Core/Inc/jy901/JY901_Serial.cpp:166:9:int32_t CJY901::getAltitude()	16	static
../Core/Inc/jy901/JY901_Serial.cpp:175:9:int32_t CJY901::getLon()	16	static
../Core/Inc/jy901/JY901_Serial.cpp:178:9:int32_t CJY901::getLat()	16	static
../Core/Inc/jy901/JY901_Serial.cpp:182:8:double CJY901::getGPSH()	16	static
../Core/Inc/jy901/JY901_Serial.cpp:186:8:double CJY901::getGPSY()	16	static
../Core/Inc/jy901/JY901_Serial.cpp:190:8:double CJY901::getGPSV()	16	static
../Core/Inc/jy901/JY901_Serial.cpp:194:8:double CJY901::getQuater(const char*)	16	static
../Core/Inc/jy901/JY901_Serial.cpp:207:8:double CJY901::getDOP(const char*)	16	static
../Core/Inc/jy901/JY901_Serial.cpp:220:15:long unsigned int CJY901::getLastTime()	16	static
../Core/Inc/jy901/JY901_Serial.cpp:225:9:int16_t CJY901::getAccRawX()	16	static
../Core/Inc/jy901/JY901_Serial.cpp:228:9:int16_t CJY901::getAccRawY()	16	static
../Core/Inc/jy901/JY901_Serial.cpp:231:9:int16_t CJY901::getAccRawZ()	16	static
../Core/Inc/jy901/JY901_Serial.cpp:235:9:int16_t CJY901::getGyroRawX()	16	static
../Core/Inc/jy901/JY901_Serial.cpp:238:9:int16_t CJY901::getGyroRawY()	16	static
../Core/Inc/jy901/JY901_Serial.cpp:241:9:int16_t CJY901::getGyroRawZ()	16	static
../Core/Inc/jy901/JY901_Serial.cpp:245:9:int16_t CJY901::getMagRawX()	16	static
../Core/Inc/jy901/JY901_Serial.cpp:248:9:int16_t CJY901::getMagRawY()	16	static
../Core/Inc/jy901/JY901_Serial.cpp:251:9:int16_t CJY901::getMagRawZ()	16	static
../Core/Inc/jy901/JY901_Serial.cpp:257:6:void CJY901::saveConf(int)	16	static
../Core/Inc/jy901/JY901_Serial.cpp:265:6:void CJY901::setCali(int)	16	static
../Core/Inc/jy901/JY901_Serial.cpp:273:6:void CJY901::setDir(int)	16	static
../Core/Inc/jy901/JY901_Serial.cpp:281:6:void CJY901::enterHiber()	16	static
../Core/Inc/jy901/JY901_Serial.cpp:288:6:void CJY901::changeALG(int)	16	static
../Core/Inc/jy901/JY901_Serial.cpp:296:6:void CJY901::autoCaliGyro(int)	16	static
../Core/Inc/jy901/JY901_Serial.cpp:304:6:void CJY901::confReport()	16	static
../Core/Inc/jy901/JY901_Serial.cpp:312:6:void CJY901::setReportRate(int)	16	static
../Core/Inc/jy901/JY901_Serial.cpp:320:6:void CJY901::setBaudRate(int)	16	static
../Core/Inc/jy901/JY901_Serial.cpp:332:6:void CJY901::setAXoffset()	16	static
../Core/Inc/jy901/JY901_Serial.cpp:339:6:void CJY901::setAYoffset()	16	static
../Core/Inc/jy901/JY901_Serial.cpp:346:6:void CJY901::setAZoffset()	16	static
../Core/Inc/jy901/JY901_Serial.cpp:354:6:void CJY901::setGXoffset()	16	static
../Core/Inc/jy901/JY901_Serial.cpp:361:6:void CJY901::setGYoffset()	16	static
../Core/Inc/jy901/JY901_Serial.cpp:368:6:void CJY901::setGZoffset()	16	static
../Core/Inc/jy901/JY901_Serial.cpp:376:6:void CJY901::setHXoffset()	16	static
../Core/Inc/jy901/JY901_Serial.cpp:383:6:void CJY901::setHYoffset()	16	static
../Core/Inc/jy901/JY901_Serial.cpp:390:6:void CJY901::setHZoffset()	16	static
../Core/Inc/jy901/JY901_Serial.cpp:398:6:void CJY901::setD0mode(int)	16	static
../Core/Inc/jy901/JY901_Serial.cpp:405:6:void CJY901::setD1mode(int)	16	static
../Core/Inc/jy901/JY901_Serial.cpp:412:6:void CJY901::setD2mode(int)	16	static
../Core/Inc/jy901/JY901_Serial.cpp:419:6:void CJY901::setD3mode(int)	16	static
../Core/Inc/jy901/JY901_Serial.cpp:427:6:void CJY901::setD0PWMH()	16	static
../Core/Inc/jy901/JY901_Serial.cpp:434:6:void CJY901::setD1PWMH()	16	static
../Core/Inc/jy901/JY901_Serial.cpp:441:6:void CJY901::setD2PWMH()	16	static
../Core/Inc/jy901/JY901_Serial.cpp:448:6:void CJY901::setD3PWMH()	16	static
../Core/Inc/jy901/JY901_Serial.cpp:456:6:void CJY901::setD0PWMT()	16	static
../Core/Inc/jy901/JY901_Serial.cpp:463:6:void CJY901::setD1PWMT()	16	static
../Core/Inc/jy901/JY901_Serial.cpp:470:6:void CJY901::setD2PWMT()	16	static
../Core/Inc/jy901/JY901_Serial.cpp:477:6:void CJY901::setD3PWMT()	16	static
../Core/Inc/jy901/JY901_Serial.cpp:485:6:void CJY901::setIICaddr(int)	16	static
../Core/Inc/jy901/JY901_Serial.cpp:494:6:void CJY901::turnLED(uint8_t)	16	static
../Core/Inc/jy901/JY901_Serial.cpp:501:6:void CJY901::setGPSrate(int)	16	static
../Core/Inc/jy901/JY901_Serial.cpp:509:13:void __static_initialization_and_destruction_0(int, int)	16	static
../Core/Inc/jy901/JY901_Serial.cpp:509:13:cpp)	8	static
